Archive member included to satisfy reference by file (symbol)

D:\code\clion_code\Template\Myapp\Src\arm_cortexM4l_math.lib(arm_cmplx_mag_f32.o)
                              CMakeFiles/Template.elf.dir/Myapp/Src/FFT_Draw.c.obj (arm_cmplx_mag_f32)
D:\code\clion_code\Template\Myapp\Src\arm_cortexM4l_math.lib(arm_cfft_f32.o)
                              CMakeFiles/Template.elf.dir/Myapp/Src/FFT_Draw.c.obj (arm_cfft_f32)
D:\code\clion_code\Template\Myapp\Src\arm_cortexM4l_math.lib(arm_cfft_radix8_f32.o)
                              D:\code\clion_code\Template\Myapp\Src\arm_cortexM4l_math.lib(arm_cfft_f32.o) (arm_radix8_butterfly_f32)
D:\code\clion_code\Template\Myapp\Src\arm_cortexM4l_math.lib(arm_max_f32.o)
                              CMakeFiles/Template.elf.dir/Myapp/Src/FFT_Draw.c.obj (arm_max_f32)
D:\code\clion_code\Template\Myapp\Src\arm_cortexM4l_math.lib(arm_min_f32.o)
                              CMakeFiles/Template.elf.dir/Myapp/Src/FFT_Draw.c.obj (arm_min_f32)
D:\code\clion_code\Template\Myapp\Src\arm_cortexM4l_math.lib(arm_rms_f32.o)
                              CMakeFiles/Template.elf.dir/Myapp/Src/FFT_Draw.c.obj (arm_rms_f32)
D:\code\clion_code\Template\Myapp\Src\arm_cortexM4l_math.lib(arm_const_structs.o)
                              CMakeFiles/Template.elf.dir/Myapp/Src/FFT_Draw.c.obj (arm_cfft_sR_f32_len1024)
D:\code\clion_code\Template\Myapp\Src\arm_cortexM4l_math.lib(arm_bitreversal2.o)
                              D:\code\clion_code\Template\Myapp\Src\arm_cortexM4l_math.lib(arm_cfft_f32.o) (arm_bitreversal_32)
D:\code\clion_code\Template\Myapp\Src\arm_cortexM4l_math.lib(arm_common_tables.o)
                              D:\code\clion_code\Template\Myapp\Src\arm_cortexM4l_math.lib(arm_const_structs.o) (armBitRevIndexTable1024)
d:/laboratory/clion/gcc/gcc-arm-none-eabi-10.3-2021.10/bin/../lib/gcc/arm-none-eabi/10.3.1/thumb/v7e-m/nofp\libgcc.a(_arm_muldf3.o)
                              CMakeFiles/Template.elf.dir/LCD/lcd.c.obj (__aeabi_dmul)
d:/laboratory/clion/gcc/gcc-arm-none-eabi-10.3-2021.10/bin/../lib/gcc/arm-none-eabi/10.3.1/thumb/v7e-m/nofp\libgcc.a(_arm_mulsf3.o)
                              CMakeFiles/Template.elf.dir/LCD/lcd.c.obj (__aeabi_fmul)
d:/laboratory/clion/gcc/gcc-arm-none-eabi-10.3-2021.10/bin/../lib/gcc/arm-none-eabi/10.3.1/thumb/v7e-m/nofp\libgcc.a(_arm_addsubdf3.o)
                              CMakeFiles/Template.elf.dir/LCD/lcd.c.obj (__aeabi_i2d)
d:/laboratory/clion/gcc/gcc-arm-none-eabi-10.3-2021.10/bin/../lib/gcc/arm-none-eabi/10.3.1/thumb/v7e-m/nofp\libgcc.a(_arm_muldivdf3.o)
                              CMakeFiles/Template.elf.dir/Myapp/Src/FFT_Draw.c.obj (__aeabi_ddiv)
d:/laboratory/clion/gcc/gcc-arm-none-eabi-10.3-2021.10/bin/../lib/gcc/arm-none-eabi/10.3.1/thumb/v7e-m/nofp\libgcc.a(_arm_cmpdf2.o)
                              CMakeFiles/Template.elf.dir/Myapp/Src/FFT_Draw.c.obj (__aeabi_dcmplt)
d:/laboratory/clion/gcc/gcc-arm-none-eabi-10.3-2021.10/bin/../lib/gcc/arm-none-eabi/10.3.1/thumb/v7e-m/nofp\libgcc.a(_arm_fixunsdfsi.o)
                              CMakeFiles/Template.elf.dir/LCD/lcd.c.obj (__aeabi_d2uiz)
d:/laboratory/clion/gcc/gcc-arm-none-eabi-10.3-2021.10/bin/../lib/gcc/arm-none-eabi/10.3.1/thumb/v7e-m/nofp\libgcc.a(_arm_truncdfsf2.o)
                              CMakeFiles/Template.elf.dir/Myapp/Src/FFT_Draw.c.obj (__aeabi_d2f)
d:/laboratory/clion/gcc/gcc-arm-none-eabi-10.3-2021.10/bin/../lib/gcc/arm-none-eabi/10.3.1/thumb/v7e-m/nofp\libgcc.a(_arm_addsubsf3.o)
                              CMakeFiles/Template.elf.dir/LCD/lcd.c.obj (__aeabi_fsub)
d:/laboratory/clion/gcc/gcc-arm-none-eabi-10.3-2021.10/bin/../lib/gcc/arm-none-eabi/10.3.1/thumb/v7e-m/nofp\libgcc.a(_arm_muldivsf3.o)
                              CMakeFiles/Template.elf.dir/Myapp/Src/FFT_Draw.c.obj (__aeabi_fdiv)
d:/laboratory/clion/gcc/gcc-arm-none-eabi-10.3-2021.10/bin/../lib/gcc/arm-none-eabi/10.3.1/thumb/v7e-m/nofp\libgcc.a(_arm_cmpsf2.o)
                              CMakeFiles/Template.elf.dir/Myapp/Src/FFT_Draw.c.obj (__aeabi_fcmplt)
d:/laboratory/clion/gcc/gcc-arm-none-eabi-10.3-2021.10/bin/../lib/gcc/arm-none-eabi/10.3.1/thumb/v7e-m/nofp\libgcc.a(_arm_fixsfsi.o)
                              CMakeFiles/Template.elf.dir/LCD/lcd.c.obj (__aeabi_f2iz)
d:/laboratory/clion/gcc/gcc-arm-none-eabi-10.3-2021.10/bin/../lib/gcc/arm-none-eabi/10.3.1/thumb/v7e-m/nofp\libgcc.a(_arm_fixunssfsi.o)
                              CMakeFiles/Template.elf.dir/Myapp/Src/FFT_Draw.c.obj (__aeabi_f2uiz)
d:/laboratory/clion/gcc/gcc-arm-none-eabi-10.3-2021.10/bin/../lib/gcc/arm-none-eabi/10.3.1/thumb/v7e-m/nofp\libgcc.a(_aeabi_uldivmod.o)
                              CMakeFiles/Template.elf.dir/Drivers/STM32F4xx_HAL_Driver/Src/stm32f4xx_hal_rcc.c.obj (__aeabi_uldivmod)
d:/laboratory/clion/gcc/gcc-arm-none-eabi-10.3-2021.10/bin/../lib/gcc/arm-none-eabi/10.3.1/thumb/v7e-m/nofp\libgcc.a(_udivmoddi4.o)
[...]
Memory Configuration

Name             Origin             Length             Attributes
CCMRAM           0x10000000         0x00010000         xrw
RAM              0x20000000         0x00020000         xrw
FLASH            0x08000000         0x00100000         xr
*default*        0x00000000         0xffffffff

Linker script and memory map

LOAD d:/laboratory/clion/gcc/gcc-arm-none-eabi-10.3-2021.10/bin/../lib/gcc/arm-none-eabi/10.3.1/thumb/v7e-m/nofp/crti.o
LOAD d:/laboratory/clion/gcc/gcc-arm-none-eabi-10.3-2021.10/bin/../lib/gcc/arm-none-eabi/10.3.1/thumb/v7e-m/nofp/crtbegin.o
LOAD d:/laboratory/clion/gcc/gcc-arm-none-eabi-10.3-2021.10/bin/../lib/gcc/arm-none-eabi/10.3.1/../../../../arm-none-eabi/lib/thumb/v7e-m/nofp/crt0.o
LOAD CMakeFiles/Template.elf.dir/Core/Src/adc.c.obj
LOAD CMakeFiles/Template.elf.dir/Core/Src/dma.c.obj
LOAD CMakeFiles/Template.elf.dir/Core/Src/fsmc.c.obj
LOAD CMakeFiles/Template.elf.dir/Core/Src/gpio.c.obj
LOAD CMakeFiles/Template.elf.dir/Core/Src/main.c.obj
LOAD CMakeFiles/Template.elf.dir/Core/Src/stm32f4xx_hal_msp.c.obj
LOAD CMakeFiles/Template.elf.dir/Core/Src/stm32f4xx_it.c.obj
LOAD CMakeFiles/Template.elf.dir/Core/Src/syscalls.c.obj
LOAD CMakeFiles/Template.elf.dir/Core/Src/sysmem.c.obj
LOAD CMakeFiles/Template.elf.dir/Core/Src/system_stm32f4xx.c.obj
LOAD CMakeFiles/Template.elf.dir/Core/Src/tim.c.obj
LOAD CMakeFiles/Template.elf.dir/Core/Src/usart.c.obj
LOAD CMakeFiles/Template.elf.dir/Core/Startup/startup_stm32f407zgtx.s.obj
LOAD CMakeFiles/Template.elf.dir/Drivers/STM32F4xx_HAL_Driver/Src/stm32f4xx_hal.c.obj
LOAD CMakeFiles/Template.elf.dir/Drivers/STM32F4xx_HAL_Driver/Src/stm32f4xx_hal_adc.c.obj
LOAD CMakeFiles/Template.elf.dir/Drivers/STM32F4xx_HAL_Driver/Src/stm32f4xx_hal_adc_ex.c.obj
LOAD CMakeFiles/Template.elf.dir/Drivers/STM32F4xx_HAL_Driver/Src/stm32f4xx_hal_cortex.c.obj
LOAD CMakeFiles/Template.elf.dir/Drivers/STM32F4xx_HAL_Driver/Src/stm32f4xx_hal_dma.c.obj
LOAD CMakeFiles/Template.elf.dir/Drivers/STM32F4xx_HAL_Driver/Src/stm32f4xx_hal_dma_ex.c.obj
LOAD CMakeFiles/Template.elf.dir/Drivers/STM32F4xx_HAL_Driver/Src/stm32f4xx_hal_exti.c.obj
LOAD CMakeFiles/Template.elf.dir/Drivers/STM32F4xx_HAL_Driver/Src/stm32f4xx_hal_flash.c.obj
LOAD CMakeFiles/Template.elf.dir/Drivers/STM32F4xx_HAL_Driver/Src/stm32f4xx_hal_flash_ex.c.obj
LOAD CMakeFiles/Template.elf.dir/Drivers/STM32F4xx_HAL_Driver/Src/stm32f4xx_hal_flash_ramfunc.c.obj
LOAD CMakeFiles/Template.elf.dir/Drivers/STM32F4xx_HAL_Driver/Src/stm32f4xx_hal_gpio.c.obj
LOAD CMakeFiles/Template.elf.dir/Drivers/STM32F4xx_HAL_Driver/Src/stm32f4xx_hal_pwr.c.obj
LOAD CMakeFiles/Template.elf.dir/Drivers/STM32F4xx_HAL_Driver/Src/stm32f4xx_hal_pwr_ex.c.obj
LOAD CMakeFiles/Template.elf.dir/Drivers/STM32F4xx_HAL_Driver/Src/stm32f4xx_hal_rcc.c.obj
LOAD CMakeFiles/Template.elf.dir/Drivers/STM32F4xx_HAL_Driver/Src/stm32f4xx_hal_rcc_ex.c.obj
LOAD CMakeFiles/Template.elf.dir/Drivers/STM32F4xx_HAL_Driver/Src/stm32f4xx_hal_sram.c.obj
LOAD CMakeFiles/Template.elf.dir/Drivers/STM32F4xx_HAL_Driver/Src/stm32f4xx_hal_tim.c.obj
LOAD CMakeFiles/Template.elf.dir/Drivers/STM32F4xx_HAL_Driver/Src/stm32f4xx_hal_tim_ex.c.obj
LOAD CMakeFiles/Template.elf.dir/Drivers/STM32F4xx_HAL_Driver/Src/stm32f4xx_hal_uart.c.obj
LOAD CMakeFiles/Template.elf.dir/Drivers/STM32F4xx_HAL_Driver/Src/stm32f4xx_ll_adc.c.obj
LOAD CMakeFiles/Template.elf.dir/Drivers/STM32F4xx_HAL_Driver/Src/stm32f4xx_ll_fsmc.c.obj
LOAD CMakeFiles/Template.elf.dir/LCD/lcd.c.obj
LOAD CMakeFiles/Template.elf.dir/Myapp/Src/FFT_Draw.c.obj
LOAD CMakeFiles/Template.elf.dir/Myapp/Src/delay.c.obj
LOAD CMakeFiles/Template.elf.dir/Myapp/Src/myusart.c.obj
LOAD CMakeFiles/Template.elf.dir/Myapp/Src/scheduler.c.obj
LOAD CMakeFiles/Template.elf.dir/Myapp/Src/sys.c.obj
LOAD CMakeFiles/Template.elf.dir/Myapp/Src/usart.c.obj
LOAD CMakeFiles/Template.elf.dir/Myapp/Src/vofa+.c.obj
LOAD D:\code\clion_code\Template\Myapp\Src\arm_cortexM4l_math.lib
START GROUP
LOAD d:/laboratory/clion/gcc/gcc-arm-none-eabi-10.3-2021.10/bin/../lib/gcc/arm-none-eabi/10.3.1/thumb/v7e-m/nofp\libgcc.a
LOAD d:/laboratory/clion/gcc/gcc-arm-none-eabi-10.3-2021.10/bin/../lib/gcc/arm-none-eabi/10.3.1/../../../../arm-none-eabi/lib/thumb/v7e-m/nofp\libg.a
LOAD d:/laboratory/clion/gcc/gcc-arm-none-eabi-10.3-2021.10/bin/../lib/gcc/arm-none-eabi/10.3.1/../../../../arm-none-eabi/lib/thumb/v7e-m/nofp\libc.a
END GROUP
LOAD d:/laboratory/clion/gcc/gcc-arm-none-eabi-10.3-2021.10/bin/../lib/gcc/arm-none-eabi/10.3.1/thumb/v7e-m/nofp/crtend.o
LOAD d:/laboratory/clion/gcc/gcc-arm-none-eabi-10.3-2021.10/bin/../lib/gcc/arm-none-eabi/10.3.1/thumb/v7e-m/nofp/crtn.o
                0x20020000                _estack = (ORIGIN (RAM) + LENGTH (RAM))
                0x00000200                _Min_Heap_Size = 0x200
                0x00000400                _Min_Stack_Size = 0x400

.isr_vector     0x08000000      0x188
                0x08000000                . = ALIGN (0x4)
 *(.isr_vector)
 .isr_vector    0x08000000      0x188 CMakeFiles/Template.elf.dir/Core/Startup/startup_stm32f407zgtx.s.obj
                0x08000000                g_pfnVectors
                0x08000188                . = ALIGN (0x4)

.text           0x080001c0     0xfbe8
                0x080001c0                . = ALIGN (0x4)
 *(.text)
 .text          0x080001c0       0x40 d:/laboratory/clion/gcc/gcc-arm-none-eabi-10.3-2021.10/bin/../lib/gcc/arm-none-eabi/10.3.1/thumb/v7e-m/nofp/crtbegin.o
 .text          0x08000200      0x378 d:/laboratory/clion/gcc/gcc-arm-none-eabi-10.3-2021.10/bin/../lib/gcc/arm-none-eabi/10.3.1/thumb/v7e-m/nofp\libgcc.a(_arm_addsubdf3.o)
                0x08000200                __aeabi_drsub
                0x08000208                __aeabi_dsub
                0x08000208                __subdf3
                0x0800020c                __aeabi_dadd
                0x0800020c                __adddf3
                0x08000484                __floatunsidf
                0x08000484                __aeabi_ui2d
                0x080004a4                __floatsidf
                0x080004a4                __aeabi_i2d
                0x080004c8                __aeabi_f2d
                0x080004c8                __extendsfdf2
                0x0800050c                __floatundidf
                0x0800050c                __aeabi_ul2d
                0x0800051c                __floatdidf
                0x0800051c                __aeabi_l2d
 .text          0x08000578      0x424 d:/laboratory/clion/gcc/gcc-arm-none-eabi-10.3-2021.10/bin/../lib/gcc/arm-none-eabi/10.3.1/thumb/v7e-m/nofp\libgcc.a(_arm_muldivdf3.o)
                0x08000578                __aeabi_dmul
                0x08000578                __muldf3
                0x080007cc                __divdf3
                0x080007cc                __aeabi_ddiv
 .text          0x0800099c      0x110 d:/laboratory/clion/gcc/gcc-arm-none-eabi-10.3-2021.10/bin/../lib/gcc/arm-none-eabi/10.3.1/thumb/v7e-m/nofp\libgcc.a(_arm_cmpdf2.o)
                0x0800099c                __gtdf2
                0x0800099c                __gedf2
                0x080009a4                __ltdf2
                0x080009a4                __ledf2
                0x080009ac                __nedf2
                0x080009ac                __eqdf2
                0x080009ac                __cmpdf2
                0x08000a28                __aeabi_cdrcmple
                0x08000a38                __aeabi_cdcmpeq
                0x08000a38                __aeabi_cdcmple
                0x08000a48                __aeabi_dcmpeq
                0x08000a5c                __aeabi_dcmplt
                0x08000a70                __aeabi_dcmple
                0x08000a84                __aeabi_dcmpge
                0x08000a98                __aeabi_dcmpgt
 .text          0x08000aac       0x40 d:/laboratory/clion/gcc/gcc-arm-none-eabi-10.3-2021.10/bin/../lib/gcc/arm-none-eabi/10.3.1/thumb/v7e-m/nofp\libgcc.a(_arm_fixunsdfsi.o)
                0x08000aac                __aeabi_d2uiz
                0x08000aac                __fixunsdfsi
 .text          0x08000aec       0xa0 d:/laboratory/clion/gcc/gcc-arm-none-eabi-10.3-2021.10/bin/../lib/gcc/arm-none-eabi/10.3.1/thumb/v7e-m/nofp\libgcc.a(_arm_truncdfsf2.o)
                0x08000aec                __truncdfsf2
                0x08000aec                __aeabi_d2f
 .text          0x08000b8c      0x21c d:/laboratory/clion/gcc/gcc-arm-none-eabi-10.3-2021.10/bin/../lib/gcc/arm-none-eabi/10.3.1/thumb/v7e-m/nofp\libgcc.a(_arm_addsubsf3.o)
                0x08000b8c                __aeabi_frsub
                0x08000b94                __subsf3
                0x08000b94                __aeabi_fsub
                0x08000b98                __aeabi_fadd
                0x08000b98                __addsf3
                0x08000cf8                __aeabi_ui2f
                0x08000cf8                __floatunsisf
                0x08000d00                __aeabi_i2f
                0x08000d00                __floatsisf
                0x08000d1c                __aeabi_ul2f
                0x08000d1c                __floatundisf
                0x08000d2c                __aeabi_l2f
                0x08000d2c                __floatdisf
 .text          0x08000da8      0x2a0 d:/laboratory/clion/gcc/gcc-arm-none-eabi-10.3-2021.10/bin/../lib/gcc/arm-none-eabi/10.3.1/thumb/v7e-m/nofp\libgcc.a(_arm_muldivsf3.o)
                0x08000da8                __mulsf3
                0x08000da8                __aeabi_fmul
                0x08000f10                __aeabi_fdiv
                0x08000f10                __divsf3
 .text          0x08001048       0xec d:/laboratory/clion/gcc/gcc-arm-none-eabi-10.3-2021.10/bin/../lib/gcc/arm-none-eabi/10.3.1/thumb/v7e-m/nofp\libgcc.a(_arm_cmpsf2.o)
                0x08001048                __gesf2
                0x08001048                __gtsf2
                0x08001050                __lesf2
                0x08001050                __ltsf2
                0x08001058                __nesf2
                0x08001058                __eqsf2
                0x08001058                __cmpsf2
                0x080010b8                __aeabi_cfrcmple
                0x080010c0                __aeabi_cfcmpeq
                0x080010c0                __aeabi_cfcmple
                0x080010d0                __aeabi_fcmpeq
                0x080010e4                __aeabi_fcmplt
                0x080010f8                __aeabi_fcmple
                0x0800110c                __aeabi_fcmpge
                0x08001120                __aeabi_fcmpgt
 .text          0x08001134       0x40 d:/laboratory/clion/gcc/gcc-arm-none-eabi-10.3-2021.10/bin/../lib/gcc/arm-none-eabi/10.3.1/thumb/v7e-m/nofp\libgcc.a(_arm_fixunssfsi.o)
                0x08001134                __fixunssfsi
                0x08001134                __aeabi_f2uiz
 .text          0x08001174       0x30 d:/laboratory/clion/gcc/gcc-arm-none-eabi-10.3-2021.10/bin/../lib/gcc/arm-none-eabi/10.3.1/thumb/v7e-m/nofp\libgcc.a(_aeabi_uldivmod.o)
                0x08001174                __aeabi_uldivmod
 .text          0x080011a4      0x2d0 d:/laboratory/clion/gcc/gcc-arm-none-eabi-10.3-2021.10/bin/../lib/gcc/arm-none-eabi/10.3.1/thumb/v7e-m/nofp\libgcc.a(_udivmoddi4.o)
                0x080011a4                __udivmoddi4
 .text          0x08001474        0x4 d:/laboratory/clion/gcc/gcc-arm-none-eabi-10.3-2021.10/bin/../lib/gcc/arm-none-eabi/10.3.1/thumb/v7e-m/nofp\libgcc.a(_dvmd_tls.o)
                0x08001474                __aeabi_idiv0
                0x08001474                __aeabi_ldiv0
 .text          0x08001478      0x134 d:/laboratory/clion/gcc/gcc-arm-none-eabi-10.3-2021.10/bin/../lib/gcc/arm-none-eabi/10.3.1/../../../../arm-none-eabi/lib/thumb/v7e-m/nofp\libg.a(lib_a-memcpy.o)
                0x08001478                memcpy
 *fill*         0x080015ac       0x14 
 .text          0x080015c0       0xdc d:/laboratory/clion/gcc/gcc-arm-none-eabi-10.3-2021.10/bin/../lib/gcc/arm-none-eabi/10.3.1/../../../../arm-none-eabi/lib/thumb/v7e-m/nofp\libg.a(lib_a-strlen.o)
                0x080015c0                strlen
 *fill*         0x0800169c        0x4 
 .text          0x080016a0       0xa0 d:/laboratory/clion/gcc/gcc-arm-none-eabi-10.3-2021.10/bin/../lib/gcc/arm-none-eabi/10.3.1/../../../../arm-none-eabi/lib/thumb/v7e-m/nofp\libg.a(lib_a-memchr.o)
                0x080016a0                memchr
 .text          0x08001740       0x2c d:/laboratory/clion/gcc/gcc-arm-none-eabi-10.3-2021.10/bin/../lib/gcc/arm-none-eabi/10.3.1/thumb/v7e-m/nofp\libgcc.a(_arm_unorddf2.o)
                0x08001740                __unorddf2
                0x08001740                __aeabi_dcmpun
 .text          0x0800176c       0x50 d:/laboratory/clion/gcc/gcc-arm-none-eabi-10.3-2021.10/bin/../lib/gcc/arm-none-eabi/10.3.1/thumb/v7e-m/nofp\libgcc.a(_arm_fixdfsi.o)
                0x0800176c                __aeabi_d2iz
                0x0800176c                __fixdfsi
 .text          0x080017bc       0x2c d:/laboratory/clion/gcc/gcc-arm-none-eabi-10.3-2021.10/bin/../lib/gcc/arm-none-eabi/10.3.1/thumb/v7e-m/nofp\libgcc.a(_arm_unordsf2.o)
                0x080017bc                __unordsf2
                0x080017bc                __aeabi_fcmpun
 *(.text*)
 .text.MX_ADC1_Init
                0x080017e8       0x74 CMakeFiles/Template.elf.dir/Core/Src/adc.c.obj
                0x080017e8                MX_ADC1_Init
 .text.MX_ADC2_Init
                0x0800185c       0x74 CMakeFiles/Template.elf.dir/Core/Src/adc.c.obj
                0x0800185c                MX_ADC2_Init
 .text.HAL_ADC_MspInit
                0x080018d0      0x138 CMakeFiles/Template.elf.dir/Core/Src/adc.c.obj
                0x080018d0                HAL_ADC_MspInit
 .text.MX_DMA_Init
                0x08001a08       0x64 CMakeFiles/Template.elf.dir/Core/Src/dma.c.obj
                0x08001a08                MX_DMA_Init
 .text.HAL_FSMC_MspInit
                0x08001a6c       0xb4 CMakeFiles/Template.elf.dir/Core/Src/fsmc.c.obj
 .text.MX_FSMC_Init
                0x08001b20       0x90 CMakeFiles/Template.elf.dir/Core/Src/fsmc.c.obj
                0x08001b20                MX_FSMC_Init
 .text.HAL_SRAM_MspInit
                0x08001bb0        0x8 CMakeFiles/Template.elf.dir/Core/Src/fsmc.c.obj
                0x08001bb0                HAL_SRAM_MspInit
 .text.MX_GPIO_Init
                0x08001bb8      0x11c CMakeFiles/Template.elf.dir/Core/Src/gpio.c.obj
                0x08001bb8                MX_GPIO_Init
 .text.__io_putchar
                0x08001cd4       0x20 CMakeFiles/Template.elf.dir/Core/Src/main.c.obj
                0x08001cd4                __io_putchar
 .text._write   0x08001cf4       0x1c CMakeFiles/Template.elf.dir/Core/Src/main.c.obj
                0x08001cf4                _write
 .text.Error_Handler
                0x08001d10        0x4 CMakeFiles/Template.elf.dir/Core/Src/main.c.obj
                0x08001d10                Error_Handler
 .text.SystemClock_Config
                0x08001d14       0xa8 CMakeFiles/Template.elf.dir/Core/Src/main.c.obj
                0x08001d14                SystemClock_Config
 .text.main     0x08001dbc       0x68 CMakeFiles/Template.elf.dir/Core/Src/main.c.obj
                0x08001dbc                main
 .text.HAL_MspInit
                0x08001e24       0x38 CMakeFiles/Template.elf.dir/Core/Src/stm32f4xx_hal_msp.c.obj
                0x08001e24                HAL_MspInit
 .text.NMI_Handler
                0x08001e5c        0x2 CMakeFiles/Template.elf.dir/Core/Src/stm32f4xx_it.c.obj
                0x08001e5c                NMI_Handler
 .text.HardFault_Handler
                0x08001e5e        0x2 CMakeFiles/Template.elf.dir/Core/Src/stm32f4xx_it.c.obj
                0x08001e5e                HardFault_Handler
 .text.MemManage_Handler
                0x08001e60        0x2 CMakeFiles/Template.elf.dir/Core/Src/stm32f4xx_it.c.obj
                0x08001e60                MemManage_Handler
 .text.BusFault_Handler
                0x08001e62        0x2 CMakeFiles/Template.elf.dir/Core/Src/stm32f4xx_it.c.obj
                0x08001e62                BusFault_Handler
 .text.UsageFault_Handler
                0x08001e64        0x2 CMakeFiles/Template.elf.dir/Core/Src/stm32f4xx_it.c.obj
                0x08001e64                UsageFault_Handler
 .text.SVC_Handler
                0x08001e66        0x2 CMakeFiles/Template.elf.dir/Core/Src/stm32f4xx_it.c.obj
                0x08001e66                SVC_Handler
 .text.DebugMon_Handler
                0x08001e68        0x2 CMakeFiles/Template.elf.dir/Core/Src/stm32f4xx_it.c.obj
                0x08001e68                DebugMon_Handler
 .text.PendSV_Handler
                0x08001e6a        0x2 CMakeFiles/Template.elf.dir/Core/Src/stm32f4xx_it.c.obj
                0x08001e6a                PendSV_Handler
 .text.SysTick_Handler
                0x08001e6c        0x8 CMakeFiles/Template.elf.dir/Core/Src/stm32f4xx_it.c.obj
                0x08001e6c                SysTick_Handler
 .text.USART1_IRQHandler
                0x08001e74       0x10 CMakeFiles/Template.elf.dir/Core/Src/stm32f4xx_it.c.obj
                0x08001e74                USART1_IRQHandler
 .text.TIM8_CC_IRQHandler
                0x08001e84       0x10 CMakeFiles/Template.elf.dir/Core/Src/stm32f4xx_it.c.obj
                0x08001e84                TIM8_CC_IRQHandler
 .text.DMA2_Stream0_IRQHandler
                0x08001e94       0x10 CMakeFiles/Template.elf.dir/Core/Src/stm32f4xx_it.c.obj
                0x08001e94                DMA2_Stream0_IRQHandler
 .text.DMA2_Stream2_IRQHandler
                0x08001ea4       0x10 CMakeFiles/Template.elf.dir/Core/Src/stm32f4xx_it.c.obj
                0x08001ea4                DMA2_Stream2_IRQHandler
 .text.DMA2_Stream3_IRQHandler
                0x08001eb4       0x10 CMakeFiles/Template.elf.dir/Core/Src/stm32f4xx_it.c.obj
                0x08001eb4                DMA2_Stream3_IRQHandler
 .text.DMA2_Stream7_IRQHandler
                0x08001ec4       0x10 CMakeFiles/Template.elf.dir/Core/Src/stm32f4xx_it.c.obj
                0x08001ec4                DMA2_Stream7_IRQHandler
 .text._getpid  0x08001ed4        0x4 CMakeFiles/Template.elf.dir/Core/Src/syscalls.c.obj
                0x08001ed4                _getpid
 .text._kill    0x08001ed8       0x10 CMakeFiles/Template.elf.dir/Core/Src/syscalls.c.obj
                0x08001ed8                _kill
 .text._exit    0x08001ee8        0xc CMakeFiles/Template.elf.dir/Core/Src/syscalls.c.obj
                0x08001ee8                _exit
 .text._read    0x08001ef4       0x20 CMakeFiles/Template.elf.dir/Core/Src/syscalls.c.obj
                0x08001ef4                _read
 .text._close   0x08001f14        0x6 CMakeFiles/Template.elf.dir/Core/Src/syscalls.c.obj
                0x08001f14                _close
 .text._fstat   0x08001f1a        0xa CMakeFiles/Template.elf.dir/Core/Src/syscalls.c.obj
                0x08001f1a                _fstat
 .text._isatty  0x08001f24        0x4 CMakeFiles/Template.elf.dir/Core/Src/syscalls.c.obj
                0x08001f24                _isatty
 .text._lseek   0x08001f28        0x4 CMakeFiles/Template.elf.dir/Core/Src/syscalls.c.obj
                0x08001f28                _lseek
 .text._sbrk    0x08001f2c       0x48 CMakeFiles/Template.elf.dir/Core/Src/sysmem.c.obj
                0x08001f2c                _sbrk
 .text.SystemInit
                0x08001f74        0x2 CMakeFiles/Template.elf.dir/Core/Src/system_stm32f4xx.c.obj
                0x08001f74                SystemInit
 *fill*         0x08001f76        0x2 
 .text.MX_TIM2_Init
                0x08001f78       0x70 CMakeFiles/Template.elf.dir/Core/Src/tim.c.obj
                0x08001f78                MX_TIM2_Init
 .text.MX_TIM8_Init
                0x08001fe8       0xec CMakeFiles/Template.elf.dir/Core/Src/tim.c.obj
                0x08001fe8                MX_TIM8_Init
 .text.HAL_TIM_Base_MspInit
                0x080020d4       0x9c CMakeFiles/Template.elf.dir/Core/Src/tim.c.obj
                0x080020d4                HAL_TIM_Base_MspInit
 .text.MX_USART1_UART_Init
                0x08002170       0x34 CMakeFiles/Template.elf.dir/Core/Src/usart.c.obj
                0x08002170                MX_USART1_UART_Init
 .text.HAL_UART_MspInit
                0x080021a4      0x104 CMakeFiles/Template.elf.dir/Core/Src/usart.c.obj
                0x080021a4                HAL_UART_MspInit
 .text.Reset_Handler
                0x080022a8       0x50 CMakeFiles/Template.elf.dir/Core/Startup/startup_stm32f407zgtx.s.obj
                0x080022a8                Reset_Handler
 .text.Default_Handler
                0x080022f8        0x2 CMakeFiles/Template.elf.dir/Core/Startup/startup_stm32f407zgtx.s.obj
                0x080022f8                RTC_Alarm_IRQHandler
                0x080022f8                HASH_RNG_IRQHandler
                0x080022f8                EXTI2_IRQHandler
                0x080022f8                TIM1_CC_IRQHandler
                0x080022f8                DMA2_Stream5_IRQHandler
                0x080022f8                DMA1_Stream5_IRQHandler
                0x080022f8                PVD_IRQHandler
                0x080022f8                SDIO_IRQHandler
                0x080022f8                TAMP_STAMP_IRQHandler
                0x080022f8                CAN2_RX1_IRQHandler
                0x080022f8                EXTI3_IRQHandler
                0x080022f8                TIM8_TRG_COM_TIM14_IRQHandler
                0x080022f8                TIM1_UP_TIM10_IRQHandler
                0x080022f8                TIM8_UP_TIM13_IRQHandler
                0x080022f8                I2C3_ER_IRQHandler
                0x080022f8                EXTI0_IRQHandler
                0x080022f8                I2C2_EV_IRQHandler
                0x080022f8                DMA1_Stream2_IRQHandler
                0x080022f8                CAN1_RX0_IRQHandler
                0x080022f8                FPU_IRQHandler
                0x080022f8                OTG_HS_WKUP_IRQHandler
                0x080022f8                CAN2_SCE_IRQHandler
                0x080022f8                SPI1_IRQHandler
                0x080022f8                TIM6_DAC_IRQHandler
                0x080022f8                TIM1_BRK_TIM9_IRQHandler
                0x080022f8                DCMI_IRQHandler
                0x080022f8                CAN2_RX0_IRQHandler
                0x080022f8                USART6_IRQHandler
                0x080022f8                USART3_IRQHandler
                0x080022f8                CAN1_RX1_IRQHandler
                0x080022f8                UART5_IRQHandler
                0x080022f8                TIM4_IRQHandler
                0x080022f8                I2C1_EV_IRQHandler
                0x080022f8                DMA1_Stream6_IRQHandler
                0x080022f8                DMA1_Stream1_IRQHandler
                0x080022f8                UART4_IRQHandler
                0x080022f8                TIM3_IRQHandler
                0x080022f8                RCC_IRQHandler
                0x080022f8                TIM8_BRK_TIM12_IRQHandler
                0x080022f8                Default_Handler
                0x080022f8                EXTI15_10_IRQHandler
                0x080022f8                ADC_IRQHandler
                0x080022f8                DMA1_Stream7_IRQHandler
                0x080022f8                TIM7_IRQHandler
                0x080022f8                CAN2_TX_IRQHandler
                0x080022f8                TIM5_IRQHandler
                0x080022f8                I2C3_EV_IRQHandler
                0x080022f8                EXTI9_5_IRQHandler
                0x080022f8                RTC_WKUP_IRQHandler
                0x080022f8                ETH_WKUP_IRQHandler
                0x080022f8                SPI2_IRQHandler
                0x080022f8                OTG_HS_EP1_IN_IRQHandler
                0x080022f8                DMA1_Stream0_IRQHandler
                0x080022f8                CAN1_TX_IRQHandler
                0x080022f8                EXTI4_IRQHandler
                0x080022f8                FSMC_IRQHandler
                0x080022f8                ETH_IRQHandler
                0x080022f8                OTG_HS_EP1_OUT_IRQHandler
                0x080022f8                WWDG_IRQHandler
                0x080022f8                TIM2_IRQHandler
                0x080022f8                OTG_FS_WKUP_IRQHandler
                0x080022f8                TIM1_TRG_COM_TIM11_IRQHandler
                0x080022f8                OTG_HS_IRQHandler
                0x080022f8                EXTI1_IRQHandler
                0x080022f8                USART2_IRQHandler
                0x080022f8                I2C2_ER_IRQHandler
                0x080022f8                DMA2_Stream1_IRQHandler
                0x080022f8                CAN1_SCE_IRQHandler
                0x080022f8                FLASH_IRQHandler
                0x080022f8                DMA2_Stream4_IRQHandler
                0x080022f8                OTG_FS_IRQHandler
                0x080022f8                SPI3_IRQHandler
                0x080022f8                DMA1_Stream4_IRQHandler
                0x080022f8                I2C1_ER_IRQHandler
                0x080022f8                DMA2_Stream6_IRQHandler
                0x080022f8                DMA1_Stream3_IRQHandler
 *fill*         0x080022fa        0x2 
 .text.HAL_InitTick
                0x080022fc       0x4c CMakeFiles/Template.elf.dir/Drivers/STM32F4xx_HAL_Driver/Src/stm32f4xx_hal.c.obj
                0x080022fc                HAL_InitTick
 .text.HAL_Init
                0x08002348       0x34 CMakeFiles/Template.elf.dir/Drivers/STM32F4xx_HAL_Driver/Src/stm32f4xx_hal.c.obj
                0x08002348                HAL_Init
 .text.HAL_IncTick
                0x0800237c       0x18 CMakeFiles/Template.elf.dir/Drivers/STM32F4xx_HAL_Driver/Src/stm32f4xx_hal.c.obj
                0x0800237c                HAL_IncTick
 .text.HAL_GetTick
                0x08002394        0xc CMakeFiles/Template.elf.dir/Drivers/STM32F4xx_HAL_Driver/Src/stm32f4xx_hal.c.obj
                0x08002394                HAL_GetTick
 .text.HAL_Delay
                0x080023a0       0x28 CMakeFiles/Template.elf.dir/Drivers/STM32F4xx_HAL_Driver/Src/stm32f4xx_hal.c.obj
                0x080023a0                HAL_Delay
 .text.ADC_Init
                0x080023c8      0x134 CMakeFiles/Template.elf.dir/Drivers/STM32F4xx_HAL_Driver/Src/stm32f4xx_hal_adc.c.obj
 .text.HAL_ADC_Init
                0x080024fc       0x56 CMakeFiles/Template.elf.dir/Drivers/STM32F4xx_HAL_Driver/Src/stm32f4xx_hal_adc.c.obj
                0x080024fc                HAL_ADC_Init
 *fill*         0x08002552        0x2 
 .text.HAL_ADC_Start_DMA
                0x08002554      0x19c CMakeFiles/Template.elf.dir/Drivers/STM32F4xx_HAL_Driver/Src/stm32f4xx_hal_adc.c.obj
                0x08002554                HAL_ADC_Start_DMA
 .text.HAL_ADC_ConvCpltCallback
                0x080026f0        0x2 CMakeFiles/Template.elf.dir/Drivers/STM32F4xx_HAL_Driver/Src/stm32f4xx_hal_adc.c.obj
                0x080026f0                HAL_ADC_ConvCpltCallback
 .text.HAL_ADC_ConvHalfCpltCallback
                0x080026f2        0x2 CMakeFiles/Template.elf.dir/Drivers/STM32F4xx_HAL_Driver/Src/stm32f4xx_hal_adc.c.obj
                0x080026f2                HAL_ADC_ConvHalfCpltCallback
 .text.ADC_DMAHalfConvCplt
                0x080026f4        0xa CMakeFiles/Template.elf.dir/Drivers/STM32F4xx_HAL_Driver/Src/stm32f4xx_hal_adc.c.obj
 .text.HAL_ADC_ErrorCallback
                0x080026fe        0x2 CMakeFiles/Template.elf.dir/Drivers/STM32F4xx_HAL_Driver/Src/stm32f4xx_hal_adc.c.obj
                0x080026fe                HAL_ADC_ErrorCallback
 .text.ADC_DMAError
                0x08002700       0x16 CMakeFiles/Template.elf.dir/Drivers/STM32F4xx_HAL_Driver/Src/stm32f4xx_hal_adc.c.obj
 .text.ADC_DMAConvCplt
                0x08002716       0x72 CMakeFiles/Template.elf.dir/Drivers/STM32F4xx_HAL_Driver/Src/stm32f4xx_hal_adc.c.obj
 .text.HAL_ADC_ConfigChannel
                0x08002788      0x198 CMakeFiles/Template.elf.dir/Drivers/STM32F4xx_HAL_Driver/Src/stm32f4xx_hal_adc.c.obj
                0x08002788                HAL_ADC_ConfigChannel
 .text.HAL_NVIC_SetPriorityGrouping
                0x08002920       0x24 CMakeFiles/Template.elf.dir/Drivers/STM32F4xx_HAL_Driver/Src/stm32f4xx_hal_cortex.c.obj
                0x08002920                HAL_NVIC_SetPriorityGrouping
 .text.HAL_NVIC_SetPriority
                0x08002944       0x70 CMakeFiles/Template.elf.dir/Drivers/STM32F4xx_HAL_Driver/Src/stm32f4xx_hal_cortex.c.obj
                0x08002944                HAL_NVIC_SetPriority
 .text.HAL_NVIC_EnableIRQ
                0x080029b4       0x1c CMakeFiles/Template.elf.dir/Drivers/STM32F4xx_HAL_Driver/Src/stm32f4xx_hal_cortex.c.obj
                0x080029b4                HAL_NVIC_EnableIRQ
 .text.HAL_SYSTICK_Config
                0x080029d0       0x28 CMakeFiles/Template.elf.dir/Drivers/STM32F4xx_HAL_Driver/Src/stm32f4xx_hal_cortex.c.obj
                0x080029d0                HAL_SYSTICK_Config
 .text.DMA_SetConfig
                0x080029f8       0x2c CMakeFiles/Template.elf.dir/Drivers/STM32F4xx_HAL_Driver/Src/stm32f4xx_hal_dma.c.obj
 .text.DMA_CalcBaseAndBitshift
                0x08002a24       0x40 CMakeFiles/Template.elf.dir/Drivers/STM32F4xx_HAL_Driver/Src/stm32f4xx_hal_dma.c.obj
 .text.DMA_CheckFifoParam
                0x08002a64       0x8e CMakeFiles/Template.elf.dir/Drivers/STM32F4xx_HAL_Driver/Src/stm32f4xx_hal_dma.c.obj
 *fill*         0x08002af2        0x2 
 .text.HAL_DMA_Init
                0x08002af4       0xcc CMakeFiles/Template.elf.dir/Drivers/STM32F4xx_HAL_Driver/Src/stm32f4xx_hal_dma.c.obj
                0x08002af4                HAL_DMA_Init
 .text.HAL_DMA_Start_IT
                0x08002bc0       0x6a CMakeFiles/Template.elf.dir/Drivers/STM32F4xx_HAL_Driver/Src/stm32f4xx_hal_dma.c.obj
                0x08002bc0                HAL_DMA_Start_IT
 .text.HAL_DMA_Abort
                0x08002c2a       0x94 CMakeFiles/Template.elf.dir/Drivers/STM32F4xx_HAL_Driver/Src/stm32f4xx_hal_dma.c.obj
                0x08002c2a                HAL_DMA_Abort
 .text.HAL_DMA_Abort_IT
                0x08002cbe       0x26 CMakeFiles/Template.elf.dir/Drivers/STM32F4xx_HAL_Driver/Src/stm32f4xx_hal_dma.c.obj
                0x08002cbe                HAL_DMA_Abort_IT
 .text.HAL_DMA_IRQHandler
                0x08002ce4      0x1dc CMakeFiles/Template.elf.dir/Drivers/STM32F4xx_HAL_Driver/Src/stm32f4xx_hal_dma.c.obj
                0x08002ce4                HAL_DMA_IRQHandler
 .text.HAL_GPIO_Init
                0x08002ec0      0x1e4 CMakeFiles/Template.elf.dir/Drivers/STM32F4xx_HAL_Driver/Src/stm32f4xx_hal_gpio.c.obj
                0x08002ec0                HAL_GPIO_Init
 .text.HAL_GPIO_WritePin
                0x080030a4        0xc CMakeFiles/Template.elf.dir/Drivers/STM32F4xx_HAL_Driver/Src/stm32f4xx_hal_gpio.c.obj
                0x080030a4                HAL_GPIO_WritePin
 .text.HAL_GPIO_TogglePin
                0x080030b0       0x12 CMakeFiles/Template.elf.dir/Drivers/STM32F4xx_HAL_Driver/Src/stm32f4xx_hal_gpio.c.obj
                0x080030b0                HAL_GPIO_TogglePin
 *fill*         0x080030c2        0x2 
 .text.HAL_RCC_OscConfig
                0x080030c4      0x3f8 CMakeFiles/Template.elf.dir/Drivers/STM32F4xx_HAL_Driver/Src/stm32f4xx_hal_rcc.c.obj
                0x080030c4                HAL_RCC_OscConfig
 .text.HAL_RCC_GetSysClockFreq
                0x080034bc       0xd4 CMakeFiles/Template.elf.dir/Drivers/STM32F4xx_HAL_Driver/Src/stm32f4xx_hal_rcc.c.obj
                0x080034bc                HAL_RCC_GetSysClockFreq
 .text.HAL_RCC_ClockConfig
                0x08003590      0x160 CMakeFiles/Template.elf.dir/Drivers/STM32F4xx_HAL_Driver/Src/stm32f4xx_hal_rcc.c.obj
                0x08003590                HAL_RCC_ClockConfig
 .text.HAL_RCC_GetHCLKFreq
                0x080036f0        0xc CMakeFiles/Template.elf.dir/Drivers/STM32F4xx_HAL_Driver/Src/stm32f4xx_hal_rcc.c.obj
                0x080036f0                HAL_RCC_GetHCLKFreq
 .text.HAL_RCC_GetPCLK1Freq
                0x080036fc       0x20 CMakeFiles/Template.elf.dir/Drivers/STM32F4xx_HAL_Driver/Src/stm32f4xx_hal_rcc.c.obj
                0x080036fc                HAL_RCC_GetPCLK1Freq
 .text.HAL_RCC_GetPCLK2Freq
                0x0800371c       0x20 CMakeFiles/Template.elf.dir/Drivers/STM32F4xx_HAL_Driver/Src/stm32f4xx_hal_rcc.c.obj
                0x0800371c                HAL_RCC_GetPCLK2Freq
 .text.HAL_SRAM_Init
                0x0800373c       0x58 CMakeFiles/Template.elf.dir/Drivers/STM32F4xx_HAL_Driver/Src/stm32f4xx_hal_sram.c.obj
                0x0800373c                HAL_SRAM_Init
 .text.TIM_TI1_ConfigInputStage
                0x08003794       0x24 CMakeFiles/Template.elf.dir/Drivers/STM32F4xx_HAL_Driver/Src/stm32f4xx_hal_tim.c.obj
 .text.TIM_TI2_SetConfig
                0x080037b8       0x36 CMakeFiles/Template.elf.dir/Drivers/STM32F4xx_HAL_Driver/Src/stm32f4xx_hal_tim.c.obj
 .text.TIM_TI2_ConfigInputStage
                0x080037ee       0x26 CMakeFiles/Template.elf.dir/Drivers/STM32F4xx_HAL_Driver/Src/stm32f4xx_hal_tim.c.obj
 .text.TIM_TI3_SetConfig
                0x08003814       0x36 CMakeFiles/Template.elf.dir/Drivers/STM32F4xx_HAL_Driver/Src/stm32f4xx_hal_tim.c.obj
 .text.TIM_TI4_SetConfig
                0x0800384a       0x36 CMakeFiles/Template.elf.dir/Drivers/STM32F4xx_HAL_Driver/Src/stm32f4xx_hal_tim.c.obj
 .text.TIM_ITRx_SetConfig
                0x08003880       0x10 CMakeFiles/Template.elf.dir/Drivers/STM32F4xx_HAL_Driver/Src/stm32f4xx_hal_tim.c.obj
 .text.HAL_TIM_Base_Start
                0x08003890       0x7c CMakeFiles/Template.elf.dir/Drivers/STM32F4xx_HAL_Driver/Src/stm32f4xx_hal_tim.c.obj
                0x08003890                HAL_TIM_Base_Start
 .text.HAL_TIM_IC_MspInit
                0x0800390c        0x2 CMakeFiles/Template.elf.dir/Drivers/STM32F4xx_HAL_Driver/Src/stm32f4xx_hal_tim.c.obj
                0x0800390c                HAL_TIM_IC_MspInit
 .text.HAL_TIM_ReadCapturedValue
                0x0800390e       0x32 CMakeFiles/Template.elf.dir/Drivers/STM32F4xx_HAL_Driver/Src/stm32f4xx_hal_tim.c.obj
                0x0800390e                HAL_TIM_ReadCapturedValue
 .text.HAL_TIM_PeriodElapsedCallback
                0x08003940        0x2 CMakeFiles/Template.elf.dir/Drivers/STM32F4xx_HAL_Driver/Src/stm32f4xx_hal_tim.c.obj
                0x08003940                HAL_TIM_PeriodElapsedCallback
 .text.HAL_TIM_OC_DelayElapsedCallback
                0x08003942        0x2 CMakeFiles/Template.elf.dir/Drivers/STM32F4xx_HAL_Driver/Src/stm32f4xx_hal_tim.c.obj
                0x08003942                HAL_TIM_OC_DelayElapsedCallback
 .text.HAL_TIM_PWM_PulseFinishedCallback
                0x08003944        0x2 CMakeFiles/Template.elf.dir/Drivers/STM32F4xx_HAL_Driver/Src/stm32f4xx_hal_tim.c.obj
                0x08003944                HAL_TIM_PWM_PulseFinishedCallback
 .text.HAL_TIM_TriggerCallback
                0x08003946        0x2 CMakeFiles/Template.elf.dir/Drivers/STM32F4xx_HAL_Driver/Src/stm32f4xx_hal_tim.c.obj
                0x08003946                HAL_TIM_TriggerCallback
 .text.HAL_TIM_IRQHandler
                0x08003948      0x17a CMakeFiles/Template.elf.dir/Drivers/STM32F4xx_HAL_Driver/Src/stm32f4xx_hal_tim.c.obj
                0x08003948                HAL_TIM_IRQHandler
 *fill*         0x08003ac2        0x2 
 .text.TIM_Base_SetConfig
                0x08003ac4       0xc8 CMakeFiles/Template.elf.dir/Drivers/STM32F4xx_HAL_Driver/Src/stm32f4xx_hal_tim.c.obj
                0x08003ac4                TIM_Base_SetConfig
 .text.HAL_TIM_Base_Init
                0x08003b8c       0x58 CMakeFiles/Template.elf.dir/Drivers/STM32F4xx_HAL_Driver/Src/stm32f4xx_hal_tim.c.obj
                0x08003b8c                HAL_TIM_Base_Init
 .text.HAL_TIM_IC_Init
                0x08003be4       0x58 CMakeFiles/Template.elf.dir/Drivers/STM32F4xx_HAL_Driver/Src/stm32f4xx_hal_tim.c.obj
                0x08003be4                HAL_TIM_IC_Init
 .text.TIM_TI1_SetConfig
                0x08003c3c       0x7c CMakeFiles/Template.elf.dir/Drivers/STM32F4xx_HAL_Driver/Src/stm32f4xx_hal_tim.c.obj
                0x08003c3c                TIM_TI1_SetConfig
 .text.HAL_TIM_IC_ConfigChannel
                0x08003cb8       0xc4 CMakeFiles/Template.elf.dir/Drivers/STM32F4xx_HAL_Driver/Src/stm32f4xx_hal_tim.c.obj
                0x08003cb8                HAL_TIM_IC_ConfigChannel
 .text.TIM_ETR_SetConfig
                0x08003d7c       0x18 CMakeFiles/Template.elf.dir/Drivers/STM32F4xx_HAL_Driver/Src/stm32f4xx_hal_tim.c.obj
                0x08003d7c                TIM_ETR_SetConfig
 .text.HAL_TIM_ConfigClockSource
                0x08003d94       0xfe CMakeFiles/Template.elf.dir/Drivers/STM32F4xx_HAL_Driver/Src/stm32f4xx_hal_tim.c.obj
                0x08003d94                HAL_TIM_ConfigClockSource
 .text.TIM_SlaveTimer_SetConfig
                0x08003e92       0xb8 CMakeFiles/Template.elf.dir/Drivers/STM32F4xx_HAL_Driver/Src/stm32f4xx_hal_tim.c.obj
 .text.HAL_TIM_SlaveConfigSynchro
                0x08003f4a       0x52 CMakeFiles/Template.elf.dir/Drivers/STM32F4xx_HAL_Driver/Src/stm32f4xx_hal_tim.c.obj
                0x08003f4a                HAL_TIM_SlaveConfigSynchro
 .text.TIM_CCxChannelCmd
                0x08003f9c       0x1e CMakeFiles/Template.elf.dir/Drivers/STM32F4xx_HAL_Driver/Src/stm32f4xx_hal_tim.c.obj
                0x08003f9c                TIM_CCxChannelCmd
 *fill*         0x08003fba        0x2 
 .text.HAL_TIM_IC_Start_IT
                0x08003fbc      0x174 CMakeFiles/Template.elf.dir/Drivers/STM32F4xx_HAL_Driver/Src/stm32f4xx_hal_tim.c.obj
                0x08003fbc                HAL_TIM_IC_Start_IT
 .text.HAL_TIMEx_MasterConfigSynchronization
                0x08004130       0x8c CMakeFiles/Template.elf.dir/Drivers/STM32F4xx_HAL_Driver/Src/stm32f4xx_hal_tim_ex.c.obj
                0x08004130                HAL_TIMEx_MasterConfigSynchronization
 .text.HAL_TIMEx_CommutCallback
                0x080041bc        0x2 CMakeFiles/Template.elf.dir/Drivers/STM32F4xx_HAL_Driver/Src/stm32f4xx_hal_tim_ex.c.obj
                0x080041bc                HAL_TIMEx_CommutCallback
 .text.HAL_TIMEx_BreakCallback
                0x080041be        0x2 CMakeFiles/Template.elf.dir/Drivers/STM32F4xx_HAL_Driver/Src/stm32f4xx_hal_tim_ex.c.obj
                0x080041be                HAL_TIMEx_BreakCallback
 .text.UART_EndRxTransfer
                0x080041c0       0x5c CMakeFiles/Template.elf.dir/Drivers/STM32F4xx_HAL_Driver/Src/stm32f4xx_hal_uart.c.obj
 .text.UART_Transmit_IT
                0x0800421c       0x60 CMakeFiles/Template.elf.dir/Drivers/STM32F4xx_HAL_Driver/Src/stm32f4xx_hal_uart.c.obj
 .text.UART_SetConfig
                0x0800427c      0x110 CMakeFiles/Template.elf.dir/Drivers/STM32F4xx_HAL_Driver/Src/stm32f4xx_hal_uart.c.obj
 .text.UART_WaitOnFlagUntilTimeout
                0x0800438c       0x88 CMakeFiles/Template.elf.dir/Drivers/STM32F4xx_HAL_Driver/Src/stm32f4xx_hal_uart.c.obj
 .text.HAL_UART_Init
                0x08004414       0x5e CMakeFiles/Template.elf.dir/Drivers/STM32F4xx_HAL_Driver/Src/stm32f4xx_hal_uart.c.obj
                0x08004414                HAL_UART_Init
 .text.HAL_UART_Transmit
                0x08004472       0xd8 CMakeFiles/Template.elf.dir/Drivers/STM32F4xx_HAL_Driver/Src/stm32f4xx_hal_uart.c.obj
                0x08004472                HAL_UART_Transmit
 .text.HAL_UART_TxCpltCallback
                0x0800454a        0x2 CMakeFiles/Template.elf.dir/Drivers/STM32F4xx_HAL_Driver/Src/stm32f4xx_hal_uart.c.obj
                0x0800454a                HAL_UART_TxCpltCallback
 .text.UART_EndTransmit_IT
                0x0800454c       0x1a CMakeFiles/Template.elf.dir/Drivers/STM32F4xx_HAL_Driver/Src/stm32f4xx_hal_uart.c.obj
 .text.HAL_UART_RxCpltCallback
                0x08004566        0x2 CMakeFiles/Template.elf.dir/Drivers/STM32F4xx_HAL_Driver/Src/stm32f4xx_hal_uart.c.obj
                0x08004566                HAL_UART_RxCpltCallback
 .text.HAL_UART_ErrorCallback
                0x08004568        0x2 CMakeFiles/Template.elf.dir/Drivers/STM32F4xx_HAL_Driver/Src/stm32f4xx_hal_uart.c.obj
                0x08004568                HAL_UART_ErrorCallback
 .text.UART_DMAAbortOnError
                0x0800456a       0x10 CMakeFiles/Template.elf.dir/Drivers/STM32F4xx_HAL_Driver/Src/stm32f4xx_hal_uart.c.obj
 .text.HAL_UARTEx_RxEventCallback
                0x0800457a        0x2 CMakeFiles/Template.elf.dir/Drivers/STM32F4xx_HAL_Driver/Src/stm32f4xx_hal_uart.c.obj
                0x0800457a                HAL_UARTEx_RxEventCallback
 .text.UART_Receive_IT
                0x0800457c       0xe2 CMakeFiles/Template.elf.dir/Drivers/STM32F4xx_HAL_Driver/Src/stm32f4xx_hal_uart.c.obj
 *fill*         0x0800465e        0x2 
 .text.HAL_UART_IRQHandler
                0x08004660      0x280 CMakeFiles/Template.elf.dir/Drivers/STM32F4xx_HAL_Driver/Src/stm32f4xx_hal_uart.c.obj
                0x08004660                HAL_UART_IRQHandler
 .text.FSMC_NORSRAM_Init
                0x080048e0       0x68 CMakeFiles/Template.elf.dir/Drivers/STM32F4xx_HAL_Driver/Src/stm32f4xx_ll_fsmc.c.obj
                0x080048e0                FSMC_NORSRAM_Init
 .text.FSMC_NORSRAM_Timing_Init
                0x08004948       0x50 CMakeFiles/Template.elf.dir/Drivers/STM32F4xx_HAL_Driver/Src/stm32f4xx_ll_fsmc.c.obj
                0x08004948                FSMC_NORSRAM_Timing_Init
 .text.FSMC_NORSRAM_Extended_Timing_Init
                0x08004998       0x44 CMakeFiles/Template.elf.dir/Drivers/STM32F4xx_HAL_Driver/Src/stm32f4xx_ll_fsmc.c.obj
                0x08004998                FSMC_NORSRAM_Extended_Timing_Init
 .text.lcd_rd_data
                0x080049dc       0x1a CMakeFiles/Template.elf.dir/LCD/lcd.c.obj
 .text.lcd_pow  0x080049f6       0x16 CMakeFiles/Template.elf.dir/LCD/lcd.c.obj
 .text.lcd_wr_data
                0x08004a0c       0x22 CMakeFiles/Template.elf.dir/LCD/lcd.c.obj
                0x08004a0c                lcd_wr_data
 .text.lcd_wr_regno
                0x08004a2e       0x22 CMakeFiles/Template.elf.dir/LCD/lcd.c.obj
                0x08004a2e                lcd_wr_regno
 .text.lcd_ex_st7789_reginit
                0x08004a50      0x1a8 CMakeFiles/Template.elf.dir/LCD/lcd.c.obj
                0x08004a50                lcd_ex_st7789_reginit
 .text.lcd_ex_ili9341_reginit
                0x08004bf8      0x22c CMakeFiles/Template.elf.dir/LCD/lcd.c.obj
                0x08004bf8                lcd_ex_ili9341_reginit
 .text.lcd_ex_nt35310_reginit
                0x08004e24      0xef2 CMakeFiles/Template.elf.dir/LCD/lcd.c.obj
                0x08004e24                lcd_ex_nt35310_reginit
 .text.lcd_ex_ssd1963_reginit
                0x08005d16      0x16e CMakeFiles/Template.elf.dir/LCD/lcd.c.obj
                0x08005d16                lcd_ex_ssd1963_reginit
 .text.lcd_write_reg
                0x08005e84        0xe CMakeFiles/Template.elf.dir/LCD/lcd.c.obj
                0x08005e84                lcd_write_reg
 .text.lcd_ex_nt35510_reginit
                0x08005e92      0xefc CMakeFiles/Template.elf.dir/LCD/lcd.c.obj
                0x08005e92                lcd_ex_nt35510_reginit
 *fill*         0x08006d8e        0x2 
 .text.lcd_write_ram_prepare
                0x08006d90       0x14 CMakeFiles/Template.elf.dir/LCD/lcd.c.obj
                0x08006d90                lcd_write_ram_prepare
 .text.lcd_set_cursor
                0x08006da4      0x10c CMakeFiles/Template.elf.dir/LCD/lcd.c.obj
                0x08006da4                lcd_set_cursor
 .text.lcd_scan_dir
                0x08006eb0      0x1d8 CMakeFiles/Template.elf.dir/LCD/lcd.c.obj
                0x08006eb0                lcd_scan_dir
 .text.lcd_draw_point
                0x08007088       0x18 CMakeFiles/Template.elf.dir/LCD/lcd.c.obj
                0x08007088                lcd_draw_point
 .text.lcd_ssd_backlight_set
                0x080070a0       0x50 CMakeFiles/Template.elf.dir/LCD/lcd.c.obj
                0x080070a0                lcd_ssd_backlight_set
 .text.lcd_display_dir
                0x080070f0      0x118 CMakeFiles/Template.elf.dir/LCD/lcd.c.obj
                0x080070f0                lcd_display_dir
 .text.lcd_clear
                0x08007208       0x34 CMakeFiles/Template.elf.dir/LCD/lcd.c.obj
                0x08007208                lcd_clear
 .text.lcd_init
                0x0800723c      0x354 CMakeFiles/Template.elf.dir/LCD/lcd.c.obj
                0x0800723c                lcd_init
 .text.lcd_fill
                0x08007590       0x44 CMakeFiles/Template.elf.dir/LCD/lcd.c.obj
                0x08007590                lcd_fill
 .text.lcd_draw_line
                0x080075d4       0xa6 CMakeFiles/Template.elf.dir/LCD/lcd.c.obj
                0x080075d4                lcd_draw_line
 *fill*         0x0800767a        0x2 
 .text.lcd_draw_hline
                0x0800767c       0x38 CMakeFiles/Template.elf.dir/LCD/lcd.c.obj
                0x0800767c                lcd_draw_hline
 .text.lcd_fill_circle
                0x080076b4       0xcc CMakeFiles/Template.elf.dir/LCD/lcd.c.obj
                0x080076b4                lcd_fill_circle
 .text.lcd_show_char
                0x08007780      0x118 CMakeFiles/Template.elf.dir/LCD/lcd.c.obj
                0x08007780                lcd_show_char
 .text.lcd_show_xnum
                0x08007898       0xc8 CMakeFiles/Template.elf.dir/LCD/lcd.c.obj
                0x08007898                lcd_show_xnum
 .text.lcd_show_string
                0x08007960       0x62 CMakeFiles/Template.elf.dir/LCD/lcd.c.obj
                0x08007960                lcd_show_string
 *fill*         0x080079c2        0x2 
 .text.display  0x080079c4      0x150 CMakeFiles/Template.elf.dir/LCD/lcd.c.obj
                0x080079c4                display
 .text.lcd_draw_bline
                0x08007b14       0xc6 CMakeFiles/Template.elf.dir/LCD/lcd.c.obj
                0x08007b14                lcd_draw_bline
 *fill*         0x08007bda        0x6 
 .text.clear_point
                0x08007be0       0xf4 CMakeFiles/Template.elf.dir/Myapp/Src/FFT_Draw.c.obj
                0x08007be0                clear_point
 *fill*         0x08007cd4        0x4 
 .text.FFT      0x08007cd8      0x580 CMakeFiles/Template.elf.dir/Myapp/Src/FFT_Draw.c.obj
                0x08007cd8                FFT
 .text.HAL_TIM_IC_CaptureCallback
                0x08008258       0xcc CMakeFiles/Template.elf.dir/Myapp/Src/FFT_Draw.c.obj
                0x08008258                HAL_TIM_IC_CaptureCallback
 .text.delay_us
                0x08008324        0xe CMakeFiles/Template.elf.dir/Myapp/Src/delay.c.obj
                0x08008324                delay_us
 .text.delay_ms
                0x08008332        0x8 CMakeFiles/Template.elf.dir/Myapp/Src/delay.c.obj
                0x08008332                delay_ms
 .text.Loop_500Hz
                0x0800833a        0x2 CMakeFiles/Template.elf.dir/Myapp/Src/scheduler.c.obj
 .text.Loop_200Hz
                0x0800833c        0x2 CMakeFiles/Template.elf.dir/Myapp/Src/scheduler.c.obj
 .text.Loop_100Hz
                0x0800833e        0x2 CMakeFiles/Template.elf.dir/Myapp/Src/scheduler.c.obj
 .text.Loop_50Hz
                0x08008340        0x2 CMakeFiles/Template.elf.dir/Myapp/Src/scheduler.c.obj
 .text.Loop_20Hz
                0x08008342        0x2 CMakeFiles/Template.elf.dir/Myapp/Src/scheduler.c.obj
 .text.Loop_2Hz
                0x08008344        0x2 CMakeFiles/Template.elf.dir/Myapp/Src/scheduler.c.obj
 *fill*         0x08008346        0x2 
 .text.Loop_1000Hz
                0x08008348       0x24 CMakeFiles/Template.elf.dir/Myapp/Src/scheduler.c.obj
 .text.Scheduler_Run
                0x0800836c       0x44 CMakeFiles/Template.elf.dir/Myapp/Src/scheduler.c.obj
                0x0800836c                Scheduler_Run
 .text.arm_cmplx_mag_f32
                0x080083b0       0xe8 D:\code\clion_code\Template\Myapp\Src\arm_cortexM4l_math.lib(arm_cmplx_mag_f32.o)
                0x080083b0                arm_cmplx_mag_f32
 .text.arm_cfft_radix8by2_f32
                0x08008498      0x282 D:\code\clion_code\Template\Myapp\Src\arm_cortexM4l_math.lib(arm_cfft_f32.o)
                0x08008498                arm_cfft_radix8by2_f32
 *fill*         0x0800871a        0x2 
 .text.arm_cfft_radix8by4_f32
                0x0800871c      0x69c D:\code\clion_code\Template\Myapp\Src\arm_cortexM4l_math.lib(arm_cfft_f32.o)
                0x0800871c                arm_cfft_radix8by4_f32
 .text.arm_cfft_f32
                0x08008db8      0x100 D:\code\clion_code\Template\Myapp\Src\arm_cortexM4l_math.lib(arm_cfft_f32.o)
                0x08008db8                arm_cfft_f32
 .text.arm_radix8_butterfly_f32
                0x08008eb8      0x886 D:\code\clion_code\Template\Myapp\Src\arm_cortexM4l_math.lib(arm_cfft_radix8_f32.o)
                0x08008eb8                arm_radix8_butterfly_f32
 *fill*         0x0800973e        0x2 
 .text.arm_max_f32
                0x08009740      0x120 D:\code\clion_code\Template\Myapp\Src\arm_cortexM4l_math.lib(arm_max_f32.o)
                0x08009740                arm_max_f32
 .text.arm_min_f32
                0x08009860      0x120 D:\code\clion_code\Template\Myapp\Src\arm_cortexM4l_math.lib(arm_min_f32.o)
                0x08009860                arm_min_f32
 .text.arm_rms_f32
                0x08009980       0xd2 D:\code\clion_code\Template\Myapp\Src\arm_cortexM4l_math.lib(arm_rms_f32.o)
                0x08009980                arm_rms_f32
 *fill*         0x08009a52        0x2 
 .text.arm_bitreversal_32
                0x08009a54       0x40 D:\code\clion_code\Template\Myapp\Src\arm_cortexM4l_math.lib(arm_bitreversal2.o)
                0x08009a54                arm_bitreversal_32
 .text.__errno  0x08009a94        0xc d:/laboratory/clion/gcc/gcc-arm-none-eabi-10.3-2021.10/bin/../lib/gcc/arm-none-eabi/10.3.1/../../../../arm-none-eabi/lib/thumb/v7e-m/nofp\libg.a(lib_a-errno.o)
                0x08009a94                __errno
 .text.__libc_init_array
                0x08009aa0       0x48 d:/laboratory/clion/gcc/gcc-arm-none-eabi-10.3-2021.10/bin/../lib/gcc/arm-none-eabi/10.3.1/../../../../arm-none-eabi/lib/thumb/v7e-m/nofp\libg.a(lib_a-init.o)
                0x08009aa0                __libc_init_array
 .text._malloc_r
                0x08009ae8      0x560 d:/laboratory/clion/gcc/gcc-arm-none-eabi-10.3-2021.10/bin/../lib/gcc/arm-none-eabi/10.3.1/../../../../arm-none-eabi/lib/thumb/v7e-m/nofp\libg.a(lib_a-mallocr.o)
                0x08009ae8                _malloc_r
 .text.memset   0x0800a048       0xa4 d:/laboratory/clion/gcc/gcc-arm-none-eabi-10.3-2021.10/bin/../lib/gcc/arm-none-eabi/10.3.1/../../../../arm-none-eabi/lib/thumb/v7e-m/nofp\libg.a(lib_a-memset.o)
                0x0800a048                memset
 .text.__malloc_lock
                0x0800a0ec        0xc d:/laboratory/clion/gcc/gcc-arm-none-eabi-10.3-2021.10/bin/../lib/gcc/arm-none-eabi/10.3.1/../../../../arm-none-eabi/lib/thumb/v7e-m/nofp\libg.a(lib_a-mlock.o)
                0x0800a0ec                __malloc_lock
 .text.__malloc_unlock
                0x0800a0f8        0xc d:/laboratory/clion/gcc/gcc-arm-none-eabi-10.3-2021.10/bin/../lib/gcc/arm-none-eabi/10.3.1/../../../../arm-none-eabi/lib/thumb/v7e-m/nofp\libg.a(lib_a-mlock.o)
                0x0800a0f8                __malloc_unlock
 .text._sbrk_r  0x0800a104       0x24 d:/laboratory/clion/gcc/gcc-arm-none-eabi-10.3-2021.10/bin/../lib/gcc/arm-none-eabi/10.3.1/../../../../arm-none-eabi/lib/thumb/v7e-m/nofp\libg.a(lib_a-sbrkr.o)
                0x0800a104                _sbrk_r
 .text.sprintf  0x0800a128       0x40 d:/laboratory/clion/gcc/gcc-arm-none-eabi-10.3-2021.10/bin/../lib/gcc/arm-none-eabi/10.3.1/../../../../arm-none-eabi/lib/thumb/v7e-m/nofp\libg.a(lib_a-sprintf.o)
                0x0800a128                sprintf
 .text._svfprintf_r
                0x0800a168     0x1a3c d:/laboratory/clion/gcc/gcc-arm-none-eabi-10.3-2021.10/bin/../lib/gcc/arm-none-eabi/10.3.1/../../../../arm-none-eabi/lib/thumb/v7e-m/nofp\libg.a(lib_a-svfprintf.o)
                0x0800a168                _svfprintf_r
 .text.startup.register_fini
                0x0800bba4       0x14 d:/laboratory/clion/gcc/gcc-arm-none-eabi-10.3-2021.10/bin/../lib/gcc/arm-none-eabi/10.3.1/../../../../arm-none-eabi/lib/thumb/v7e-m/nofp\libg.a(lib_a-__call_atexit.o)
 .text.atexit   0x0800bbb8        0xc d:/laboratory/clion/gcc/gcc-arm-none-eabi-10.3-2021.10/bin/../lib/gcc/arm-none-eabi/10.3.1/../../../../arm-none-eabi/lib/thumb/v7e-m/nofp\libg.a(lib_a-atexit.o)
                0x0800bbb8                atexit
 .text.quorem   0x0800bbc4      0x124 d:/laboratory/clion/gcc/gcc-arm-none-eabi-10.3-2021.10/bin/../lib/gcc/arm-none-eabi/10.3.1/../../../../arm-none-eabi/lib/thumb/v7e-m/nofp\libg.a(lib_a-dtoa.o)
 .text._dtoa_r  0x0800bce8      0xec4 d:/laboratory/clion/gcc/gcc-arm-none-eabi-10.3-2021.10/bin/../lib/gcc/arm-none-eabi/10.3.1/../../../../arm-none-eabi/lib/thumb/v7e-m/nofp\libg.a(lib_a-dtoa.o)
                0x0800bce8                _dtoa_r
 .text.__libc_fini_array
                0x0800cbac       0x2c d:/laboratory/clion/gcc/gcc-arm-none-eabi-10.3-2021.10/bin/../lib/gcc/arm-none-eabi/10.3.1/../../../../arm-none-eabi/lib/thumb/v7e-m/nofp\libg.a(lib_a-fini.o)
                0x0800cbac                __libc_fini_array
 .text._malloc_trim_r
                0x0800cbd8       0xa0 d:/laboratory/clion/gcc/gcc-arm-none-eabi-10.3-2021.10/bin/../lib/gcc/arm-none-eabi/10.3.1/../../../../arm-none-eabi/lib/thumb/v7e-m/nofp\libg.a(lib_a-freer.o)
                0x0800cbd8                _malloc_trim_r
 .text._free_r  0x0800cc78      0x20c d:/laboratory/clion/gcc/gcc-arm-none-eabi-10.3-2021.10/bin/../lib/gcc/arm-none-eabi/10.3.1/../../../../arm-none-eabi/lib/thumb/v7e-m/nofp\libg.a(lib_a-freer.o)
                0x0800cc78                _free_r
 .text._localeconv_r
                0x0800ce84        0x8 d:/laboratory/clion/gcc/gcc-arm-none-eabi-10.3-2021.10/bin/../lib/gcc/arm-none-eabi/10.3.1/../../../../arm-none-eabi/lib/thumb/v7e-m/nofp\libg.a(lib_a-localeconv.o)
                0x0800ce84                _localeconv_r
 .text.__retarget_lock_init_recursive
                0x0800ce8c        0x4 d:/laboratory/clion/gcc/gcc-arm-none-eabi-10.3-2021.10/bin/../lib/gcc/arm-none-eabi/10.3.1/../../../../arm-none-eabi/lib/thumb/v7e-m/nofp\libg.a(lib_a-lock.o)
                0x0800ce8c                __retarget_lock_init_recursive
 .text.__retarget_lock_close_recursive
                0x0800ce90        0x4 d:/laboratory/clion/gcc/gcc-arm-none-eabi-10.3-2021.10/bin/../lib/gcc/arm-none-eabi/10.3.1/../../../../arm-none-eabi/lib/thumb/v7e-m/nofp\libg.a(lib_a-lock.o)
                0x0800ce90                __retarget_lock_close_recursive
 .text.__retarget_lock_acquire_recursive
                0x0800ce94        0x4 d:/laboratory/clion/gcc/gcc-arm-none-eabi-10.3-2021.10/bin/../lib/gcc/arm-none-eabi/10.3.1/../../../../arm-none-eabi/lib/thumb/v7e-m/nofp\libg.a(lib_a-lock.o)
                0x0800ce94                __retarget_lock_acquire_recursive
 .text.__retarget_lock_release_recursive
                0x0800ce98        0x4 d:/laboratory/clion/gcc/gcc-arm-none-eabi-10.3-2021.10/bin/../lib/gcc/arm-none-eabi/10.3.1/../../../../arm-none-eabi/lib/thumb/v7e-m/nofp\libg.a(lib_a-lock.o)
                0x0800ce98                __retarget_lock_release_recursive
 .text._Balloc  0x0800ce9c       0x4c d:/laboratory/clion/gcc/gcc-arm-none-eabi-10.3-2021.10/bin/../lib/gcc/arm-none-eabi/10.3.1/../../../../arm-none-eabi/lib/thumb/v7e-m/nofp\libg.a(lib_a-mprec.o)
                0x0800ce9c                _Balloc
 .text._Bfree   0x0800cee8       0x14 d:/laboratory/clion/gcc/gcc-arm-none-eabi-10.3-2021.10/bin/../lib/gcc/arm-none-eabi/10.3.1/../../../../arm-none-eabi/lib/thumb/v7e-m/nofp\libg.a(lib_a-mprec.o)
                0x0800cee8                _Bfree
 .text.__multadd
                0x0800cefc       0xa0 d:/laboratory/clion/gcc/gcc-arm-none-eabi-10.3-2021.10/bin/../lib/gcc/arm-none-eabi/10.3.1/../../../../arm-none-eabi/lib/thumb/v7e-m/nofp\libg.a(lib_a-mprec.o)
                0x0800cefc                __multadd
 .text.__hi0bits
                0x0800cf9c       0x40 d:/laboratory/clion/gcc/gcc-arm-none-eabi-10.3-2021.10/bin/../lib/gcc/arm-none-eabi/10.3.1/../../../../arm-none-eabi/lib/thumb/v7e-m/nofp\libg.a(lib_a-mprec.o)
                0x0800cf9c                __hi0bits
 .text.__lo0bits
                0x0800cfdc       0x5c d:/laboratory/clion/gcc/gcc-arm-none-eabi-10.3-2021.10/bin/../lib/gcc/arm-none-eabi/10.3.1/../../../../arm-none-eabi/lib/thumb/v7e-m/nofp\libg.a(lib_a-mprec.o)
                0x0800cfdc                __lo0bits
 .text.__i2b    0x0800d038       0x5c d:/laboratory/clion/gcc/gcc-arm-none-eabi-10.3-2021.10/bin/../lib/gcc/arm-none-eabi/10.3.1/../../../../arm-none-eabi/lib/thumb/v7e-m/nofp\libg.a(lib_a-mprec.o)
                0x0800d038                __i2b
 .text.__multiply
                0x0800d094      0x15c d:/laboratory/clion/gcc/gcc-arm-none-eabi-10.3-2021.10/bin/../lib/gcc/arm-none-eabi/10.3.1/../../../../arm-none-eabi/lib/thumb/v7e-m/nofp\libg.a(lib_a-mprec.o)
                0x0800d094                __multiply
 .text.__pow5mult
                0x0800d1f0       0xc0 d:/laboratory/clion/gcc/gcc-arm-none-eabi-10.3-2021.10/bin/../lib/gcc/arm-none-eabi/10.3.1/../../../../arm-none-eabi/lib/thumb/v7e-m/nofp\libg.a(lib_a-mprec.o)
                0x0800d1f0                __pow5mult
 .text.__lshift
                0x0800d2b0       0xf0 d:/laboratory/clion/gcc/gcc-arm-none-eabi-10.3-2021.10/bin/../lib/gcc/arm-none-eabi/10.3.1/../../../../arm-none-eabi/lib/thumb/v7e-m/nofp\libg.a(lib_a-mprec.o)
                0x0800d2b0                __lshift
 .text.__mcmp   0x0800d3a0       0x40 d:/laboratory/clion/gcc/gcc-arm-none-eabi-10.3-2021.10/bin/../lib/gcc/arm-none-eabi/10.3.1/../../../../arm-none-eabi/lib/thumb/v7e-m/nofp\libg.a(lib_a-mprec.o)
                0x0800d3a0                __mcmp
 .text.__mdiff  0x0800d3e0      0x14c d:/laboratory/clion/gcc/gcc-arm-none-eabi-10.3-2021.10/bin/../lib/gcc/arm-none-eabi/10.3.1/../../../../arm-none-eabi/lib/thumb/v7e-m/nofp\libg.a(lib_a-mprec.o)
                0x0800d3e0                __mdiff
 .text.__d2b    0x0800d52c       0xc4 d:/laboratory/clion/gcc/gcc-arm-none-eabi-10.3-2021.10/bin/../lib/gcc/arm-none-eabi/10.3.1/../../../../arm-none-eabi/lib/thumb/v7e-m/nofp\libg.a(lib_a-mprec.o)
                0x0800d52c                __d2b
 .text.frexp    0x0800d5f0       0x70 d:/laboratory/clion/gcc/gcc-arm-none-eabi-10.3-2021.10/bin/../lib/gcc/arm-none-eabi/10.3.1/../../../../arm-none-eabi/lib/thumb/v7e-m/nofp\libg.a(lib_a-s_frexp.o)
                0x0800d5f0                frexp
 .text.strncpy  0x0800d660       0x64 d:/laboratory/clion/gcc/gcc-arm-none-eabi-10.3-2021.10/bin/../lib/gcc/arm-none-eabi/10.3.1/../../../../arm-none-eabi/lib/thumb/v7e-m/nofp\libg.a(lib_a-strncpy.o)
                0x0800d660                strncpy
 .text.__ssprint_r
                0x0800d6c4       0xf8 d:/laboratory/clion/gcc/gcc-arm-none-eabi-10.3-2021.10/bin/../lib/gcc/arm-none-eabi/10.3.1/../../../../arm-none-eabi/lib/thumb/v7e-m/nofp\libg.a(lib_a-svfiprintf.o)
                0x0800d6c4                __ssprint_r
 .text.__register_exitproc
                0x0800d7bc       0x8c d:/laboratory/clion/gcc/gcc-arm-none-eabi-10.3-2021.10/bin/../lib/gcc/arm-none-eabi/10.3.1/../../../../arm-none-eabi/lib/thumb/v7e-m/nofp\libg.a(lib_a-__atexit.o)
                0x0800d7bc                __register_exitproc
 .text.__assert_func
                0x0800d848       0x40 d:/laboratory/clion/gcc/gcc-arm-none-eabi-10.3-2021.10/bin/../lib/gcc/arm-none-eabi/10.3.1/../../../../arm-none-eabi/lib/thumb/v7e-m/nofp\libg.a(lib_a-assert.o)
                0x0800d848                __assert_func
 .text._calloc_r
                0x0800d888       0x78 d:/laboratory/clion/gcc/gcc-arm-none-eabi-10.3-2021.10/bin/../lib/gcc/arm-none-eabi/10.3.1/../../../../arm-none-eabi/lib/thumb/v7e-m/nofp\libg.a(lib_a-callocr.o)
                0x0800d888                _calloc_r
 .text.fiprintf
                0x0800d900       0x28 d:/laboratory/clion/gcc/gcc-arm-none-eabi-10.3-2021.10/bin/../lib/gcc/arm-none-eabi/10.3.1/../../../../arm-none-eabi/lib/thumb/v7e-m/nofp\libg.a(lib_a-fiprintf.o)
                0x0800d900                fiprintf
 .text.__locale_mb_cur_max
                0x0800d928        0xc d:/laboratory/clion/gcc/gcc-arm-none-eabi-10.3-2021.10/bin/../lib/gcc/arm-none-eabi/10.3.1/../../../../arm-none-eabi/lib/thumb/v7e-m/nofp\libg.a(lib_a-locale.o)
                0x0800d928                __locale_mb_cur_max
 .text.__ascii_mbtowc
                0x0800d934       0x2c d:/laboratory/clion/gcc/gcc-arm-none-eabi-10.3-2021.10/bin/../lib/gcc/arm-none-eabi/10.3.1/../../../../arm-none-eabi/lib/thumb/v7e-m/nofp\libg.a(lib_a-mbtowc_r.o)
                0x0800d934                __ascii_mbtowc
 .text.memmove  0x0800d960       0xf8 d:/laboratory/clion/gcc/gcc-arm-none-eabi-10.3-2021.10/bin/../lib/gcc/arm-none-eabi/10.3.1/../../../../arm-none-eabi/lib/thumb/v7e-m/nofp\libg.a(lib_a-memmove.o)
                0x0800d960                memmove
 .text._realloc_r
                0x0800da58      0x3d8 d:/laboratory/clion/gcc/gcc-arm-none-eabi-10.3-2021.10/bin/../lib/gcc/arm-none-eabi/10.3.1/../../../../arm-none-eabi/lib/thumb/v7e-m/nofp\libg.a(lib_a-reallocr.o)
                0x0800da58                _realloc_r
 .text.__sprint_r.part.0
                0x0800de30       0x78 d:/laboratory/clion/gcc/gcc-arm-none-eabi-10.3-2021.10/bin/../lib/gcc/arm-none-eabi/10.3.1/../../../../arm-none-eabi/lib/thumb/v7e-m/nofp\libg.a(lib_a-vfiprintf.o)
 .text._vfiprintf_r
                0x0800dea8      0xda0 d:/laboratory/clion/gcc/gcc-arm-none-eabi-10.3-2021.10/bin/../lib/gcc/arm-none-eabi/10.3.1/../../../../arm-none-eabi/lib/thumb/v7e-m/nofp\libg.a(lib_a-vfiprintf.o)
                0x0800dea8                _vfiprintf_r
 .text.__sbprintf
                0x0800ec48       0x80 d:/laboratory/clion/gcc/gcc-arm-none-eabi-10.3-2021.10/bin/../lib/gcc/arm-none-eabi/10.3.1/../../../../arm-none-eabi/lib/thumb/v7e-m/nofp\libg.a(lib_a-vfiprintf.o)
 .text.__ascii_wctomb
                0x0800ecc8       0x1c d:/laboratory/clion/gcc/gcc-arm-none-eabi-10.3-2021.10/bin/../lib/gcc/arm-none-eabi/10.3.1/../../../../arm-none-eabi/lib/thumb/v7e-m/nofp\libg.a(lib_a-wctomb_r.o)
                0x0800ecc8                __ascii_wctomb
 .text.__swsetup_r
                0x0800ece4       0xd4 d:/laboratory/clion/gcc/gcc-arm-none-eabi-10.3-2021.10/bin/../lib/gcc/arm-none-eabi/10.3.1/../../../../arm-none-eabi/lib/thumb/v7e-m/nofp\libg.a(lib_a-wsetup.o)
                0x0800ece4                __swsetup_r
 .text.abort    0x0800edb8       0x10 d:/laboratory/clion/gcc/gcc-arm-none-eabi-10.3-2021.10/bin/../lib/gcc/arm-none-eabi/10.3.1/../../../../arm-none-eabi/lib/thumb/v7e-m/nofp\libg.a(lib_a-abort.o)
                0x0800edb8                abort
 .text.__sflush_r
                0x0800edc8      0x120 d:/laboratory/clion/gcc/gcc-arm-none-eabi-10.3-2021.10/bin/../lib/gcc/arm-none-eabi/10.3.1/../../../../arm-none-eabi/lib/thumb/v7e-m/nofp\libg.a(lib_a-fflush.o)
                0x0800edc8                __sflush_r
 .text._fflush_r
                0x0800eee8       0x5c d:/laboratory/clion/gcc/gcc-arm-none-eabi-10.3-2021.10/bin/../lib/gcc/arm-none-eabi/10.3.1/../../../../arm-none-eabi/lib/thumb/v7e-m/nofp\libg.a(lib_a-fflush.o)
                0x0800eee8                _fflush_r
 .text._cleanup_r
                0x0800ef44        0xc d:/laboratory/clion/gcc/gcc-arm-none-eabi-10.3-2021.10/bin/../lib/gcc/arm-none-eabi/10.3.1/../../../../arm-none-eabi/lib/thumb/v7e-m/nofp\libg.a(lib_a-findfp.o)
                0x0800ef44                _cleanup_r
 .text.__sinit  0x0800ef50      0x10c d:/laboratory/clion/gcc/gcc-arm-none-eabi-10.3-2021.10/bin/../lib/gcc/arm-none-eabi/10.3.1/../../../../arm-none-eabi/lib/thumb/v7e-m/nofp\libg.a(lib_a-findfp.o)
                0x0800ef50                __sinit
 .text.__sfp_lock_acquire
                0x0800f05c        0xc d:/laboratory/clion/gcc/gcc-arm-none-eabi-10.3-2021.10/bin/../lib/gcc/arm-none-eabi/10.3.1/../../../../arm-none-eabi/lib/thumb/v7e-m/nofp\libg.a(lib_a-findfp.o)
                0x0800f05c                __sfp_lock_acquire
 .text.__sfp_lock_release
                0x0800f068        0xc d:/laboratory/clion/gcc/gcc-arm-none-eabi-10.3-2021.10/bin/../lib/gcc/arm-none-eabi/10.3.1/../../../../arm-none-eabi/lib/thumb/v7e-m/nofp\libg.a(lib_a-findfp.o)
                0x0800f068                __sfp_lock_release
 .text.__fputwc
                0x0800f074       0xa8 d:/laboratory/clion/gcc/gcc-arm-none-eabi-10.3-2021.10/bin/../lib/gcc/arm-none-eabi/10.3.1/../../../../arm-none-eabi/lib/thumb/v7e-m/nofp\libg.a(lib_a-fputwc.o)
                0x0800f074                __fputwc
 .text._fputwc_r
                0x0800f11c       0x68 d:/laboratory/clion/gcc/gcc-arm-none-eabi-10.3-2021.10/bin/../lib/gcc/arm-none-eabi/10.3.1/../../../../arm-none-eabi/lib/thumb/v7e-m/nofp\libg.a(lib_a-fputwc.o)
                0x0800f11c                _fputwc_r
 .text.__sfvwrite_r
                0x0800f184      0x2e8 d:/laboratory/clion/gcc/gcc-arm-none-eabi-10.3-2021.10/bin/../lib/gcc/arm-none-eabi/10.3.1/../../../../arm-none-eabi/lib/thumb/v7e-m/nofp\libg.a(lib_a-fvwrite.o)
                0x0800f184                __sfvwrite_r
 .text._fwalk_reent
                0x0800f46c       0x48 d:/laboratory/clion/gcc/gcc-arm-none-eabi-10.3-2021.10/bin/../lib/gcc/arm-none-eabi/10.3.1/../../../../arm-none-eabi/lib/thumb/v7e-m/nofp\libg.a(lib_a-fwalk.o)
                0x0800f46c                _fwalk_reent
 .text.__smakebuf_r
                0x0800f4b4       0xe0 d:/laboratory/clion/gcc/gcc-arm-none-eabi-10.3-2021.10/bin/../lib/gcc/arm-none-eabi/10.3.1/../../../../arm-none-eabi/lib/thumb/v7e-m/nofp\libg.a(lib_a-makebuf.o)
                0x0800f4b4                __smakebuf_r
 .text.raise    0x0800f594       0x5c d:/laboratory/clion/gcc/gcc-arm-none-eabi-10.3-2021.10/bin/../lib/gcc/arm-none-eabi/10.3.1/../../../../arm-none-eabi/lib/thumb/v7e-m/nofp\libg.a(lib_a-signal.o)
                0x0800f594                raise
 .text._kill_r  0x0800f5f0       0x2c d:/laboratory/clion/gcc/gcc-arm-none-eabi-10.3-2021.10/bin/../lib/gcc/arm-none-eabi/10.3.1/../../../../arm-none-eabi/lib/thumb/v7e-m/nofp\libg.a(lib_a-signalr.o)
                0x0800f5f0                _kill_r
 .text._getpid_r
                0x0800f61c        0x4 d:/laboratory/clion/gcc/gcc-arm-none-eabi-10.3-2021.10/bin/../lib/gcc/arm-none-eabi/10.3.1/../../../../arm-none-eabi/lib/thumb/v7e-m/nofp\libg.a(lib_a-signalr.o)
                0x0800f61c                _getpid_r
 .text.__sread  0x0800f620       0x24 d:/laboratory/clion/gcc/gcc-arm-none-eabi-10.3-2021.10/bin/../lib/gcc/arm-none-eabi/10.3.1/../../../../arm-none-eabi/lib/thumb/v7e-m/nofp\libg.a(lib_a-stdio.o)
                0x0800f620                __sread
 .text.__swrite
                0x0800f644       0x40 d:/laboratory/clion/gcc/gcc-arm-none-eabi-10.3-2021.10/bin/../lib/gcc/arm-none-eabi/10.3.1/../../../../arm-none-eabi/lib/thumb/v7e-m/nofp\libg.a(lib_a-stdio.o)
                0x0800f644                __swrite
 .text.__sseek  0x0800f684       0x20 d:/laboratory/clion/gcc/gcc-arm-none-eabi-10.3-2021.10/bin/../lib/gcc/arm-none-eabi/10.3.1/../../../../arm-none-eabi/lib/thumb/v7e-m/nofp\libg.a(lib_a-stdio.o)
                0x0800f684                __sseek
 .text.__sclose
                0x0800f6a4        0x8 d:/laboratory/clion/gcc/gcc-arm-none-eabi-10.3-2021.10/bin/../lib/gcc/arm-none-eabi/10.3.1/../../../../arm-none-eabi/lib/thumb/v7e-m/nofp\libg.a(lib_a-stdio.o)
                0x0800f6a4                __sclose
 .text.__swbuf_r
                0x0800f6ac       0xb0 d:/laboratory/clion/gcc/gcc-arm-none-eabi-10.3-2021.10/bin/../lib/gcc/arm-none-eabi/10.3.1/../../../../arm-none-eabi/lib/thumb/v7e-m/nofp\libg.a(lib_a-wbuf.o)
                0x0800f6ac                __swbuf_r
 .text._wcrtomb_r
                0x0800f75c       0x3c d:/laboratory/clion/gcc/gcc-arm-none-eabi-10.3-2021.10/bin/../lib/gcc/arm-none-eabi/10.3.1/../../../../arm-none-eabi/lib/thumb/v7e-m/nofp\libg.a(lib_a-wcrtomb.o)
                0x0800f75c                _wcrtomb_r
 .text._write_r
                0x0800f798       0x2c d:/laboratory/clion/gcc/gcc-arm-none-eabi-10.3-2021.10/bin/../lib/gcc/arm-none-eabi/10.3.1/../../../../arm-none-eabi/lib/thumb/v7e-m/nofp\libg.a(lib_a-writer.o)
                0x0800f798                _write_r
 .text._close_r
                0x0800f7c4       0x24 d:/laboratory/clion/gcc/gcc-arm-none-eabi-10.3-2021.10/bin/../lib/gcc/arm-none-eabi/10.3.1/../../../../arm-none-eabi/lib/thumb/v7e-m/nofp\libg.a(lib_a-closer.o)
                0x0800f7c4                _close_r
 .text._fclose_r
                0x0800f7e8       0xcc d:/laboratory/clion/gcc/gcc-arm-none-eabi-10.3-2021.10/bin/../lib/gcc/arm-none-eabi/10.3.1/../../../../arm-none-eabi/lib/thumb/v7e-m/nofp\libg.a(lib_a-fclose.o)
                0x0800f7e8                _fclose_r
 .text._fstat_r
                0x0800f8b4       0x2c d:/laboratory/clion/gcc/gcc-arm-none-eabi-10.3-2021.10/bin/../lib/gcc/arm-none-eabi/10.3.1/../../../../arm-none-eabi/lib/thumb/v7e-m/nofp\libg.a(lib_a-fstatr.o)
                0x0800f8b4                _fstat_r
 .text._isatty_r
                0x0800f8e0       0x24 d:/laboratory/clion/gcc/gcc-arm-none-eabi-10.3-2021.10/bin/../lib/gcc/arm-none-eabi/10.3.1/../../../../arm-none-eabi/lib/thumb/v7e-m/nofp\libg.a(lib_a-isattyr.o)
                0x0800f8e0                _isatty_r
 .text._lseek_r
                0x0800f904       0x2c d:/laboratory/clion/gcc/gcc-arm-none-eabi-10.3-2021.10/bin/../lib/gcc/arm-none-eabi/10.3.1/../../../../arm-none-eabi/lib/thumb/v7e-m/nofp\libg.a(lib_a-lseekr.o)
                0x0800f904                _lseek_r
 .text._read_r  0x0800f930       0x2c d:/laboratory/clion/gcc/gcc-arm-none-eabi-10.3-2021.10/bin/../lib/gcc/arm-none-eabi/10.3.1/../../../../arm-none-eabi/lib/thumb/v7e-m/nofp\libg.a(lib_a-readr.o)
                0x0800f930                _read_r
 .text.atan2f   0x0800f95c        0x4 d:/laboratory/clion/gcc/gcc-arm-none-eabi-10.3-2021.10/bin/../lib/gcc/arm-none-eabi/10.3.1/../../../../arm-none-eabi/lib/thumb/v7e-m/nofp\libm.a(lib_a-wf_atan2.o)
                0x0800f95c                atan2f
 .text.sqrtf    0x0800f960       0x38 d:/laboratory/clion/gcc/gcc-arm-none-eabi-10.3-2021.10/bin/../lib/gcc/arm-none-eabi/10.3.1/../../../../arm-none-eabi/lib/thumb/v7e-m/nofp\libm.a(lib_a-wf_sqrt.o)
                0x0800f960                sqrtf
 .text.__ieee754_atan2f
                0x0800f998      0x110 d:/laboratory/clion/gcc/gcc-arm-none-eabi-10.3-2021.10/bin/../lib/gcc/arm-none-eabi/10.3.1/../../../../arm-none-eabi/lib/thumb/v7e-m/nofp\libm.a(lib_a-ef_atan2.o)
                0x0800f998                __ieee754_atan2f
 .text.__ieee754_sqrtf
                0x0800faa8       0xb0 d:/laboratory/clion/gcc/gcc-arm-none-eabi-10.3-2021.10/bin/../lib/gcc/arm-none-eabi/10.3.1/../../../../arm-none-eabi/lib/thumb/v7e-m/nofp\libm.a(lib_a-ef_sqrt.o)
                0x0800faa8                __ieee754_sqrtf
 .text.atanf    0x0800fb58      0x230 d:/laboratory/clion/gcc/gcc-arm-none-eabi-10.3-2021.10/bin/../lib/gcc/arm-none-eabi/10.3.1/../../../../arm-none-eabi/lib/thumb/v7e-m/nofp\libm.a(lib_a-sf_atan.o)
                0x0800fb58                atanf
 .text.fabsf    0x0800fd88        0x8 d:/laboratory/clion/gcc/gcc-arm-none-eabi-10.3-2021.10/bin/../lib/gcc/arm-none-eabi/10.3.1/../../../../arm-none-eabi/lib/thumb/v7e-m/nofp\libm.a(lib_a-sf_fabs.o)
                0x0800fd88                fabsf
 *(.glue_7)
 .glue_7        0x0800fd90        0x0 linker stubs
 *(.glue_7t)
 .glue_7t       0x0800fd90        0x0 linker stubs
 *(.eh_frame)
 .eh_frame      0x0800fd90        0x0 d:/laboratory/clion/gcc/gcc-arm-none-eabi-10.3-2021.10/bin/../lib/gcc/arm-none-eabi/10.3.1/thumb/v7e-m/nofp/crtbegin.o
 *(.init)
 .init          0x0800fd90        0x4 d:/laboratory/clion/gcc/gcc-arm-none-eabi-10.3-2021.10/bin/../lib/gcc/arm-none-eabi/10.3.1/thumb/v7e-m/nofp/crti.o
                0x0800fd90                _init
 .init          0x0800fd94        0x8 d:/laboratory/clion/gcc/gcc-arm-none-eabi-10.3-2021.10/bin/../lib/gcc/arm-none-eabi/10.3.1/thumb/v7e-m/nofp/crtn.o
 *(.fini)
 .fini          0x0800fd9c        0x4 d:/laboratory/clion/gcc/gcc-arm-none-eabi-10.3-2021.10/bin/../lib/gcc/arm-none-eabi/10.3.1/thumb/v7e-m/nofp/crti.o
                0x0800fd9c                _fini
 .fini          0x0800fda0        0x8 d:/laboratory/clion/gcc/gcc-arm-none-eabi-10.3-2021.10/bin/../lib/gcc/arm-none-eabi/10.3.1/thumb/v7e-m/nofp/crtn.o
                0x0800fda8                . = ALIGN (0x4)
                0x0800fda8                _etext = .

.vfp11_veneer   0x0800fda8        0x0
 .vfp11_veneer  0x0800fda8        0x0 linker stubs

.v4_bx          0x0800fda8        0x0
 .v4_bx         0x0800fda8        0x0 linker stubs

.iplt           0x0800fda8        0x0
 .iplt          0x0800fda8        0x0 d:/laboratory/clion/gcc/gcc-arm-none-eabi-10.3-2021.10/bin/../lib/gcc/arm-none-eabi/10.3.1/thumb/v7e-m/nofp/crtbegin.o

.rodata         0x0800fda8     0x6298
                0x0800fda8                . = ALIGN (0x4)
 *(.rodata)
 *(.rodata*)
 .rodata.AHBPrescTable
                0x0800fda8       0x10 CMakeFiles/Template.elf.dir/Core/Src/system_stm32f4xx.c.obj
                0x0800fda8                AHBPrescTable
 .rodata.APBPrescTable
                0x0800fdb8        0x8 CMakeFiles/Template.elf.dir/Core/Src/system_stm32f4xx.c.obj
                0x0800fdb8                APBPrescTable
 .rodata.flagBitshiftOffset.0
                0x0800fdc0        0x8 CMakeFiles/Template.elf.dir/Drivers/STM32F4xx_HAL_Driver/Src/stm32f4xx_hal_dma.c.obj
 .rodata.display.str1.4
                0x0800fdc8       0x7a CMakeFiles/Template.elf.dir/LCD/lcd.c.obj
 *fill*         0x0800fe42        0x2 
 .rodata.asc2_1206
                0x0800fe44      0x474 CMakeFiles/Template.elf.dir/LCD/lcd.c.obj
                0x0800fe44                asc2_1206
 .rodata.asc2_1608
                0x080102b8      0x5f0 CMakeFiles/Template.elf.dir/LCD/lcd.c.obj
                0x080102b8                asc2_1608
 .rodata.asc2_2412
                0x080108a8      0xd5c CMakeFiles/Template.elf.dir/LCD/lcd.c.obj
                0x080108a8                asc2_2412
 .rodata.asc2_3216
                0x08011604     0x17c0 CMakeFiles/Template.elf.dir/LCD/lcd.c.obj
                0x08011604                asc2_3216
 .rodata.FFT.str1.4
                0x08012dc4       0x27 CMakeFiles/Template.elf.dir/Myapp/Src/FFT_Draw.c.obj
 *fill*         0x08012deb        0x1 
 .rodata.arm_cfft_sR_f32_len1024
                0x08012dec       0x10 D:\code\clion_code\Template\Myapp\Src\arm_cortexM4l_math.lib(arm_const_structs.o)
                0x08012dec                arm_cfft_sR_f32_len1024
 .rodata.twiddleCoef_1024
                0x08012dfc     0x2000 D:\code\clion_code\Template\Myapp\Src\arm_cortexM4l_math.lib(arm_common_tables.o)
                0x08012dfc                twiddleCoef_1024
 .rodata.armBitRevIndexTable1024
                0x08014dfc      0xe10 D:\code\clion_code\Template\Myapp\Src\arm_cortexM4l_math.lib(arm_common_tables.o)
                0x08014dfc                armBitRevIndexTable1024
 .rodata._global_impure_ptr
                0x08015c0c        0x4 d:/laboratory/clion/gcc/gcc-arm-none-eabi-10.3-2021.10/bin/../lib/gcc/arm-none-eabi/10.3.1/../../../../arm-none-eabi/lib/thumb/v7e-m/nofp\libg.a(lib_a-impure.o)
                0x08015c0c                _global_impure_ptr
 .rodata._svfprintf_r.str1.4
                0x08015c10       0x42 d:/laboratory/clion/gcc/gcc-arm-none-eabi-10.3-2021.10/bin/../lib/gcc/arm-none-eabi/10.3.1/../../../../arm-none-eabi/lib/thumb/v7e-m/nofp\libg.a(lib_a-svfprintf.o)
 *fill*         0x08015c52        0x2 
 .rodata.blanks.1
                0x08015c54       0x10 d:/laboratory/clion/gcc/gcc-arm-none-eabi-10.3-2021.10/bin/../lib/gcc/arm-none-eabi/10.3.1/../../../../arm-none-eabi/lib/thumb/v7e-m/nofp\libg.a(lib_a-svfprintf.o)
 .rodata.zeroes.0
                0x08015c64       0x10 d:/laboratory/clion/gcc/gcc-arm-none-eabi-10.3-2021.10/bin/../lib/gcc/arm-none-eabi/10.3.1/../../../../arm-none-eabi/lib/thumb/v7e-m/nofp\libg.a(lib_a-svfprintf.o)
 .rodata._dtoa_r.str1.4
                0x08015c74       0xa2 d:/laboratory/clion/gcc/gcc-arm-none-eabi-10.3-2021.10/bin/../lib/gcc/arm-none-eabi/10.3.1/../../../../arm-none-eabi/lib/thumb/v7e-m/nofp\libg.a(lib_a-dtoa.o)
                                 0xa6 (size before relaxing)
 *fill*         0x08015d16        0x2 
 .rodata.__multadd.str1.4
                0x08015d18       0x7f d:/laboratory/clion/gcc/gcc-arm-none-eabi-10.3-2021.10/bin/../lib/gcc/arm-none-eabi/10.3.1/../../../../arm-none-eabi/lib/thumb/v7e-m/nofp\libg.a(lib_a-mprec.o)
                                 0x93 (size before relaxing)
 *fill*         0x08015d97        0x1 
 .rodata.__mprec_bigtens
                0x08015d98       0x28 d:/laboratory/clion/gcc/gcc-arm-none-eabi-10.3-2021.10/bin/../lib/gcc/arm-none-eabi/10.3.1/../../../../arm-none-eabi/lib/thumb/v7e-m/nofp\libg.a(lib_a-mprec.o)
                0x08015d98                __mprec_bigtens
 .rodata.__mprec_tens
                0x08015dc0       0xc8 d:/laboratory/clion/gcc/gcc-arm-none-eabi-10.3-2021.10/bin/../lib/gcc/arm-none-eabi/10.3.1/../../../../arm-none-eabi/lib/thumb/v7e-m/nofp\libg.a(lib_a-mprec.o)
                0x08015dc0                __mprec_tens
 .rodata.p05.0  0x08015e88        0xc d:/laboratory/clion/gcc/gcc-arm-none-eabi-10.3-2021.10/bin/../lib/gcc/arm-none-eabi/10.3.1/../../../../arm-none-eabi/lib/thumb/v7e-m/nofp\libg.a(lib_a-mprec.o)
 .rodata.__assert_func.str1.4
                0x08015e94       0x3f d:/laboratory/clion/gcc/gcc-arm-none-eabi-10.3-2021.10/bin/../lib/gcc/arm-none-eabi/10.3.1/../../../../arm-none-eabi/lib/thumb/v7e-m/nofp\libg.a(lib_a-assert.o)
                                 0x43 (size before relaxing)
 *fill*         0x08015ed3        0x1 
 .rodata._setlocale_r.str1.4
                0x08015ed4        0xa d:/laboratory/clion/gcc/gcc-arm-none-eabi-10.3-2021.10/bin/../lib/gcc/arm-none-eabi/10.3.1/../../../../arm-none-eabi/lib/thumb/v7e-m/nofp\libg.a(lib_a-locale.o)
                                  0xd (size before relaxing)
 *fill*         0x08015ede        0x2 
 .rodata.str1.4
                0x08015ee0        0x2 d:/laboratory/clion/gcc/gcc-arm-none-eabi-10.3-2021.10/bin/../lib/gcc/arm-none-eabi/10.3.1/../../../../arm-none-eabi/lib/thumb/v7e-m/nofp\libg.a(lib_a-locale.o)
 .rodata._vfiprintf_r.str1.4
                0x08015ee2       0x2f d:/laboratory/clion/gcc/gcc-arm-none-eabi-10.3-2021.10/bin/../lib/gcc/arm-none-eabi/10.3.1/../../../../arm-none-eabi/lib/thumb/v7e-m/nofp\libg.a(lib_a-vfiprintf.o)
 *fill*         0x08015ee2        0x2 
 .rodata.blanks.1
                0x08015ee4       0x10 d:/laboratory/clion/gcc/gcc-arm-none-eabi-10.3-2021.10/bin/../lib/gcc/arm-none-eabi/10.3.1/../../../../arm-none-eabi/lib/thumb/v7e-m/nofp\libg.a(lib_a-vfiprintf.o)
 .rodata.zeroes.0
                0x08015ef4       0x10 d:/laboratory/clion/gcc/gcc-arm-none-eabi-10.3-2021.10/bin/../lib/gcc/arm-none-eabi/10.3.1/../../../../arm-none-eabi/lib/thumb/v7e-m/nofp\libg.a(lib_a-vfiprintf.o)
 .rodata._ctype_
                0x08015f04      0x101 d:/laboratory/clion/gcc/gcc-arm-none-eabi-10.3-2021.10/bin/../lib/gcc/arm-none-eabi/10.3.1/../../../../arm-none-eabi/lib/thumb/v7e-m/nofp\libg.a(lib_a-ctype_.o)
                0x08015f04                _ctype_
 *fill*         0x08016005        0x3 
 .rodata.CSWTCH.8
                0x08016008        0xc d:/laboratory/clion/gcc/gcc-arm-none-eabi-10.3-2021.10/bin/../lib/gcc/arm-none-eabi/10.3.1/../../../../arm-none-eabi/lib/thumb/v7e-m/nofp\libm.a(lib_a-ef_atan2.o)
 .rodata.CSWTCH.9
                0x08016014        0xc d:/laboratory/clion/gcc/gcc-arm-none-eabi-10.3-2021.10/bin/../lib/gcc/arm-none-eabi/10.3.1/../../../../arm-none-eabi/lib/thumb/v7e-m/nofp\libm.a(lib_a-ef_atan2.o)
 .rodata.atanhi
                0x08016020       0x10 d:/laboratory/clion/gcc/gcc-arm-none-eabi-10.3-2021.10/bin/../lib/gcc/arm-none-eabi/10.3.1/../../../../arm-none-eabi/lib/thumb/v7e-m/nofp\libm.a(lib_a-sf_atan.o)
 .rodata.atanlo
                0x08016030       0x10 d:/laboratory/clion/gcc/gcc-arm-none-eabi-10.3-2021.10/bin/../lib/gcc/arm-none-eabi/10.3.1/../../../../arm-none-eabi/lib/thumb/v7e-m/nofp\libm.a(lib_a-sf_atan.o)
                0x08016040                . = ALIGN (0x4)

.ARM.extab      0x08016040        0x0
                0x08016040                . = ALIGN (0x4)
 *(.ARM.extab* .gnu.linkonce.armextab.*)
                0x08016040                . = ALIGN (0x4)

.ARM            0x08016040        0x8
                0x08016040                . = ALIGN (0x4)
                0x08016040                __exidx_start = .
 *(.ARM.exidx*)
 .ARM.exidx.text.arm_cmplx_mag_f32
                0x08016048        0x0 D:\code\clion_code\Template\Myapp\Src\arm_cortexM4l_math.lib(arm_cmplx_mag_f32.o)
                                  0x8 (size before relaxing)
 .ARM.exidx.text.arm_cfft_radix8by2_f32
                0x08016048        0x0 D:\code\clion_code\Template\Myapp\Src\arm_cortexM4l_math.lib(arm_cfft_f32.o)
                                  0x8 (size before relaxing)
 .ARM.exidx.text.arm_cfft_radix8by4_f32
                0x08016048        0x0 D:\code\clion_code\Template\Myapp\Src\arm_cortexM4l_math.lib(arm_cfft_f32.o)
                                  0x8 (size before relaxing)
 .ARM.exidx.text.arm_cfft_f32
                0x08016048        0x0 D:\code\clion_code\Template\Myapp\Src\arm_cortexM4l_math.lib(arm_cfft_f32.o)
                                  0x8 (size before relaxing)
 .ARM.exidx.text.arm_radix8_butterfly_f32
                0x08016048        0x0 D:\code\clion_code\Template\Myapp\Src\arm_cortexM4l_math.lib(arm_cfft_radix8_f32.o)
                                  0x8 (size before relaxing)
 .ARM.exidx.text.arm_max_f32
                0x08016048        0x0 D:\code\clion_code\Template\Myapp\Src\arm_cortexM4l_math.lib(arm_max_f32.o)
                                  0x8 (size before relaxing)
 .ARM.exidx.text.arm_min_f32
                0x08016048        0x0 D:\code\clion_code\Template\Myapp\Src\arm_cortexM4l_math.lib(arm_min_f32.o)
                                  0x8 (size before relaxing)
 .ARM.exidx.text.arm_rms_f32
                0x08016048        0x0 D:\code\clion_code\Template\Myapp\Src\arm_cortexM4l_math.lib(arm_rms_f32.o)
                                  0x8 (size before relaxing)
 .ARM.exidx.text.arm_bitreversal_32
                0x08016048        0x0 D:\code\clion_code\Template\Myapp\Src\arm_cortexM4l_math.lib(arm_bitreversal2.o)
                                  0x8 (size before relaxing)
 .ARM.exidx     0x08016040        0x8 d:/laboratory/clion/gcc/gcc-arm-none-eabi-10.3-2021.10/bin/../lib/gcc/arm-none-eabi/10.3.1/thumb/v7e-m/nofp\libgcc.a(_udivmoddi4.o)
                0x08016048                __exidx_end = .
                0x08016048                . = ALIGN (0x4)

.rel.dyn        0x08016048        0x0
 .rel.iplt      0x08016048        0x0 d:/laboratory/clion/gcc/gcc-arm-none-eabi-10.3-2021.10/bin/../lib/gcc/arm-none-eabi/10.3.1/thumb/v7e-m/nofp/crtbegin.o

.preinit_array  0x08016048        0x0
                0x08016048                . = ALIGN (0x4)
                0x08016048                PROVIDE (__preinit_array_start = .)
 *(.preinit_array*)
                0x08016048                PROVIDE (__preinit_array_end = .)
                0x08016048                . = ALIGN (0x4)

.init_array     0x08016048        0x8
                0x08016048                . = ALIGN (0x4)
                0x08016048                PROVIDE (__init_array_start = .)
 *(SORT_BY_NAME(.init_array.*))
 .init_array.00000
                0x08016048        0x4 d:/laboratory/clion/gcc/gcc-arm-none-eabi-10.3-2021.10/bin/../lib/gcc/arm-none-eabi/10.3.1/../../../../arm-none-eabi/lib/thumb/v7e-m/nofp\libg.a(lib_a-__call_atexit.o)
 *(.init_array*)
 .init_array    0x0801604c        0x4 d:/laboratory/clion/gcc/gcc-arm-none-eabi-10.3-2021.10/bin/../lib/gcc/arm-none-eabi/10.3.1/thumb/v7e-m/nofp/crtbegin.o
                0x08016050                PROVIDE (__init_array_end = .)
                0x08016050                . = ALIGN (0x4)

.fini_array     0x08016050        0x4
                0x08016050                . = ALIGN (0x4)
                0x08016050                PROVIDE (__fini_array_start = .)
 *(SORT_BY_NAME(.fini_array.*))
 *(.fini_array*)
 .fini_array    0x08016050        0x4 d:/laboratory/clion/gcc/gcc-arm-none-eabi-10.3-2021.10/bin/../lib/gcc/arm-none-eabi/10.3.1/thumb/v7e-m/nofp/crtbegin.o
                0x08016054                PROVIDE (__fini_array_end = .)
                0x08016054                . = ALIGN (0x4)
                0x08016054                _sidata = LOADADDR (.data)

.data           0x20000000      0xa10 load address 0x08016054
                0x20000000                . = ALIGN (0x4)
                0x20000000                _sdata = .
 *(.data)
 *(.data*)
 .data.SystemCoreClock
                0x20000000        0x4 CMakeFiles/Template.elf.dir/Core/Src/system_stm32f4xx.c.obj
                0x20000000                SystemCoreClock
 .data.uwTickFreq
                0x20000004        0x1 CMakeFiles/Template.elf.dir/Drivers/STM32F4xx_HAL_Driver/Src/stm32f4xx_hal.c.obj
                0x20000004                uwTickFreq
 *fill*         0x20000005        0x3 
 .data.uwTickPrio
                0x20000008        0x4 CMakeFiles/Template.elf.dir/Drivers/STM32F4xx_HAL_Driver/Src/stm32f4xx_hal.c.obj
                0x20000008                uwTickPrio
 .data.g_back_color
                0x2000000c        0x4 CMakeFiles/Template.elf.dir/LCD/lcd.c.obj
                0x2000000c                g_back_color
 .data.sched_tasks
                0x20000010       0x54 CMakeFiles/Template.elf.dir/Myapp/Src/scheduler.c.obj
 .data._impure_ptr
                0x20000064        0x4 d:/laboratory/clion/gcc/gcc-arm-none-eabi-10.3-2021.10/bin/../lib/gcc/arm-none-eabi/10.3.1/../../../../arm-none-eabi/lib/thumb/v7e-m/nofp\libg.a(lib_a-impure.o)
                0x20000064                _impure_ptr
 .data.impure_data
                0x20000068      0x428 d:/laboratory/clion/gcc/gcc-arm-none-eabi-10.3-2021.10/bin/../lib/gcc/arm-none-eabi/10.3.1/../../../../arm-none-eabi/lib/thumb/v7e-m/nofp\libg.a(lib_a-impure.o)
 .data.__malloc_av_
                0x20000490      0x408 d:/laboratory/clion/gcc/gcc-arm-none-eabi-10.3-2021.10/bin/../lib/gcc/arm-none-eabi/10.3.1/../../../../arm-none-eabi/lib/thumb/v7e-m/nofp\libg.a(lib_a-mallocr.o)
                0x20000490                __malloc_av_
 .data.__malloc_sbrk_base
                0x20000898        0x4 d:/laboratory/clion/gcc/gcc-arm-none-eabi-10.3-2021.10/bin/../lib/gcc/arm-none-eabi/10.3.1/../../../../arm-none-eabi/lib/thumb/v7e-m/nofp\libg.a(lib_a-mallocr.o)
                0x20000898                __malloc_sbrk_base
 .data.__malloc_trim_threshold
                0x2000089c        0x4 d:/laboratory/clion/gcc/gcc-arm-none-eabi-10.3-2021.10/bin/../lib/gcc/arm-none-eabi/10.3.1/../../../../arm-none-eabi/lib/thumb/v7e-m/nofp\libg.a(lib_a-mallocr.o)
                0x2000089c                __malloc_trim_threshold
 .data.__atexit_recursive_mutex
                0x200008a0        0x4 d:/laboratory/clion/gcc/gcc-arm-none-eabi-10.3-2021.10/bin/../lib/gcc/arm-none-eabi/10.3.1/../../../../arm-none-eabi/lib/thumb/v7e-m/nofp\libg.a(lib_a-__call_atexit.o)
                0x200008a0                __atexit_recursive_mutex
 .data.__global_locale
                0x200008a4      0x16c d:/laboratory/clion/gcc/gcc-arm-none-eabi-10.3-2021.10/bin/../lib/gcc/arm-none-eabi/10.3.1/../../../../arm-none-eabi/lib/thumb/v7e-m/nofp\libg.a(lib_a-locale.o)
                0x200008a4                __global_locale
 *(.RamFunc)
 *(.RamFunc*)
                0x20000a10                . = ALIGN (0x4)
                0x20000a10                _edata = .
                0x08016a64                _siccmram = LOADADDR (.ccmram)

.igot.plt       0x20000a10        0x0 load address 0x08016a64
 .igot.plt      0x20000a10        0x0 d:/laboratory/clion/gcc/gcc-arm-none-eabi-10.3-2021.10/bin/../lib/gcc/arm-none-eabi/10.3.1/thumb/v7e-m/nofp/crtbegin.o

.ccmram         0x10000000        0x0 load address 0x08016a64
                0x10000000                . = ALIGN (0x4)
                0x10000000                _sccmram = .
 *(.ccmram)
 *(.ccmram*)
                0x10000000                . = ALIGN (0x4)
                0x10000000                _eccmram = .
                0x10000000                . = ALIGN (0x4)

.bss            0x20000a10     0x9440
                0x20000a10                _sbss = .
                0x20000a10                __bss_start__ = _sbss
 *(.bss)
 .bss           0x20000a10       0x1c d:/laboratory/clion/gcc/gcc-arm-none-eabi-10.3-2021.10/bin/../lib/gcc/arm-none-eabi/10.3.1/thumb/v7e-m/nofp/crtbegin.o
 *(.bss*)
 .bss.hadc1     0x20000a2c       0x48 CMakeFiles/Template.elf.dir/Core/Src/adc.c.obj
                0x20000a2c                hadc1
 .bss.hadc2     0x20000a74       0x48 CMakeFiles/Template.elf.dir/Core/Src/adc.c.obj
                0x20000a74                hadc2
 .bss.hdma_adc1
                0x20000abc       0x60 CMakeFiles/Template.elf.dir/Core/Src/adc.c.obj
                0x20000abc                hdma_adc1
 .bss.hdma_adc2
                0x20000b1c       0x60 CMakeFiles/Template.elf.dir/Core/Src/adc.c.obj
                0x20000b1c                hdma_adc2
 .bss.FSMC_Initialized
                0x20000b7c        0x4 CMakeFiles/Template.elf.dir/Core/Src/fsmc.c.obj
 .bss.hsram4    0x20000b80       0x50 CMakeFiles/Template.elf.dir/Core/Src/fsmc.c.obj
                0x20000b80                hsram4
 .bss.__sbrk_heap_end
                0x20000bd0        0x4 CMakeFiles/Template.elf.dir/Core/Src/sysmem.c.obj
 .bss.htim2     0x20000bd4       0x48 CMakeFiles/Template.elf.dir/Core/Src/tim.c.obj
                0x20000bd4                htim2
 .bss.htim8     0x20000c1c       0x48 CMakeFiles/Template.elf.dir/Core/Src/tim.c.obj
                0x20000c1c                htim8
 .bss.hdma_usart1_rx
                0x20000c64       0x60 CMakeFiles/Template.elf.dir/Core/Src/usart.c.obj
                0x20000c64                hdma_usart1_rx
 .bss.hdma_usart1_tx
                0x20000cc4       0x60 CMakeFiles/Template.elf.dir/Core/Src/usart.c.obj
                0x20000cc4                hdma_usart1_tx
 .bss.huart1    0x20000d24       0x44 CMakeFiles/Template.elf.dir/Core/Src/usart.c.obj
                0x20000d24                huart1
 .bss.uwTick    0x20000d68        0x4 CMakeFiles/Template.elf.dir/Drivers/STM32F4xx_HAL_Driver/Src/stm32f4xx_hal.c.obj
                0x20000d68                uwTick
 .bss.g_sram_handle
                0x20000d6c       0x50 CMakeFiles/Template.elf.dir/LCD/lcd.c.obj
                0x20000d6c                g_sram_handle
 .bss.lcddev    0x20000dbc        0xe CMakeFiles/Template.elf.dir/LCD/lcd.c.obj
                0x20000dbc                lcddev
 *fill*         0x20000dca        0x2 
 .bss.DutyCycle
                0x20000dcc        0x4 CMakeFiles/Template.elf.dir/Myapp/Src/FFT_Draw.c.obj
                0x20000dcc                DutyCycle
 .bss.Fmax      0x20000dd0        0x4 CMakeFiles/Template.elf.dir/Myapp/Src/FFT_Draw.c.obj
                0x20000dd0                Fmax
 .bss.Frequency
                0x20000dd4        0x4 CMakeFiles/Template.elf.dir/Myapp/Src/FFT_Draw.c.obj
                0x20000dd4                Frequency
 .bss.IC1Value  0x20000dd8        0x4 CMakeFiles/Template.elf.dir/Myapp/Src/FFT_Draw.c.obj
                0x20000dd8                IC1Value
 .bss.IC2Value  0x20000ddc        0x4 CMakeFiles/Template.elf.dir/Myapp/Src/FFT_Draw.c.obj
                0x20000ddc                IC2Value
 .bss.Npoints   0x20000de0        0x2 CMakeFiles/Template.elf.dir/Myapp/Src/FFT_Draw.c.obj
                0x20000de0                Npoints
 *fill*         0x20000de2        0x2 
 .bss.RMS       0x20000de4        0x4 CMakeFiles/Template.elf.dir/Myapp/Src/FFT_Draw.c.obj
                0x20000de4                RMS
 .bss.adcBuff1  0x20000de8      0x800 CMakeFiles/Template.elf.dir/Myapp/Src/FFT_Draw.c.obj
                0x20000de8                adcBuff1
 .bss.adcBuff2  0x200015e8      0x800 CMakeFiles/Template.elf.dir/Myapp/Src/FFT_Draw.c.obj
                0x200015e8                adcBuff2
 .bss.fft_inputbuf1
                0x20001de8     0x2000 CMakeFiles/Template.elf.dir/Myapp/Src/FFT_Draw.c.obj
                0x20001de8                fft_inputbuf1
 .bss.fft_inputbuf2
                0x20003de8     0x2000 CMakeFiles/Template.elf.dir/Myapp/Src/FFT_Draw.c.obj
                0x20003de8                fft_inputbuf2
 .bss.fft_outputbuf1
                0x20005de8     0x1000 CMakeFiles/Template.elf.dir/Myapp/Src/FFT_Draw.c.obj
                0x20005de8                fft_outputbuf1
 .bss.fft_outputbuf2
                0x20006de8     0x1000 CMakeFiles/Template.elf.dir/Myapp/Src/FFT_Draw.c.obj
                0x20006de8                fft_outputbuf2
 .bss.fre       0x20007de8        0x4 CMakeFiles/Template.elf.dir/Myapp/Src/FFT_Draw.c.obj
                0x20007de8                fre
 .bss.max_pos1  0x20007dec        0x4 CMakeFiles/Template.elf.dir/Myapp/Src/FFT_Draw.c.obj
                0x20007dec                max_pos1
 .bss.max_pos2  0x20007df0        0x4 CMakeFiles/Template.elf.dir/Myapp/Src/FFT_Draw.c.obj
                0x20007df0                max_pos2
 .bss.max_val2  0x20007df4        0x4 CMakeFiles/Template.elf.dir/Myapp/Src/FFT_Draw.c.obj
                0x20007df4                max_val2
 .bss.min_pos   0x20007df8        0x4 CMakeFiles/Template.elf.dir/Myapp/Src/FFT_Draw.c.obj
                0x20007df8                min_pos
 .bss.vmax      0x20007dfc        0x4 CMakeFiles/Template.elf.dir/Myapp/Src/FFT_Draw.c.obj
                0x20007dfc                vmax
 .bss.vmin      0x20007e00        0x4 CMakeFiles/Template.elf.dir/Myapp/Src/FFT_Draw.c.obj
                0x20007e00                vmin
 .bss.vpp       0x20007e04        0x4 CMakeFiles/Template.elf.dir/Myapp/Src/FFT_Draw.c.obj
                0x20007e04                vpp
 .bss.wave      0x20007e08     0x1000 CMakeFiles/Template.elf.dir/Myapp/Src/FFT_Draw.c.obj
                0x20007e08                wave
 .bss.wave1     0x20008e08     0x1000 CMakeFiles/Template.elf.dir/Myapp/Src/FFT_Draw.c.obj
                0x20008e08                wave1
 .bss.__malloc_current_mallinfo