Archive member included to satisfy reference by file (symbol)

d:/laboratory/clion/gcc/gcc-arm-none-eabi-10.3-2021.10/bin/../lib/gcc/arm-none-eabi/10.3.1/thumb/v7e-m/nofp\libgcc.a(_arm_muldf3.o)
                              CMakeFiles/Template.elf.dir/LCD/lcd.c.obj (__aeabi_dmul)
d:/laboratory/clion/gcc/gcc-arm-none-eabi-10.3-2021.10/bin/../lib/gcc/arm-none-eabi/10.3.1/thumb/v7e-m/nofp\libgcc.a(_arm_addsubdf3.o)
                              CMakeFiles/Template.elf.dir/LCD/lcd.c.obj (__aeabi_i2d)
d:/laboratory/clion/gcc/gcc-arm-none-eabi-10.3-2021.10/bin/../lib/gcc/arm-none-eabi/10.3.1/thumb/v7e-m/nofp\libgcc.a(_arm_fixunsdfsi.o)
                              CMakeFiles/Template.elf.dir/LCD/lcd.c.obj (__aeabi_d2uiz)
d:/laboratory/clion/gcc/gcc-arm-none-eabi-10.3-2021.10/bin/../lib/gcc/arm-none-eabi/10.3.1/thumb/v7e-m/nofp\libgcc.a(_aeabi_uldivmod.o)
                              CMakeFiles/Template.elf.dir/Drivers/STM32F4xx_HAL_Driver/Src/stm32f4xx_hal_rcc.c.obj (__aeabi_uldivmod)
d:/laboratory/clion/gcc/gcc-arm-none-eabi-10.3-2021.10/bin/../lib/gcc/arm-none-eabi/10.3.1/thumb/v7e-m/nofp\libgcc.a(_udivmoddi4.o)
                              d:/laboratory/clion/gcc/gcc-arm-none-eabi-10.3-2021.10/bin/../lib/gcc/arm-none-eabi/10.3.1/thumb/v7e-m/nofp\libgcc.a(_aeabi_uldivmod.o) (__udivmoddi4)
d:/laboratory/clion/gcc/gcc-arm-none-eabi-10.3-2021.10/bin/../lib/gcc/arm-none-eabi/10.3.1/thumb/v7e-m/nofp\libgcc.a(_dvmd_tls.o)
                              d:/laboratory/clion/gcc/gcc-arm-none-eabi-10.3-2021.10/bin/../lib/gcc/arm-none-eabi/10.3.1/thumb/v7e-m/nofp\libgcc.a(_aeabi_uldivmod.o) (__aeabi_ldiv0)
d:/laboratory/clion/gcc/gcc-arm-none-eabi-10.3-2021.10/bin/../lib/gcc/arm-none-eabi/10.3.1/../../../../arm-none-eabi/lib/thumb/v7e-m/nofp\libg.a(lib_a-errno.o)
                              CMakeFiles/Template.elf.dir/Core/Src/syscalls.c.obj (__errno)
d:/laboratory/clion/gcc/gcc-arm-none-eabi-10.3-2021.10/bin/../lib/gcc/arm-none-eabi/10.3.1/../../../../arm-none-eabi/lib/thumb/v7e-m/nofp\libg.a(lib_a-exit.o)
                              d:/laboratory/clion/gcc/gcc-arm-none-eabi-10.3-2021.10/bin/../lib/gcc/arm-none-eabi/10.3.1/../../../../arm-none-eabi/lib/thumb/v7e-m/nofp/crt0.o (exit)
d:/laboratory/clion/gcc/gcc-arm-none-eabi-10.3-2021.10/bin/../lib/gcc/arm-none-eabi/10.3.1/../../../../arm-none-eabi/lib/thumb/v7e-m/nofp\libg.a(lib_a-impure.o)
                              d:/laboratory/clion/gcc/gcc-arm-none-eabi-10.3-2021.10/bin/../lib/gcc/arm-none-eabi/10.3.1/../../../../arm-none-eabi/lib/thumb/v7e-m/nofp\libg.a(lib_a-exit.o) (_global_impure_ptr)
d:/laboratory/clion/gcc/gcc-arm-none-eabi-10.3-2021.10/bin/../lib/gcc/arm-none-eabi/10.3.1/../../../../arm-none-eabi/lib/thumb/v7e-m/nofp\libg.a(lib_a-init.o)
                              d:/laboratory/clion/gcc/gcc-arm-none-eabi-10.3-2021.10/bin/../lib/gcc/arm-none-eabi/10.3.1/../../../../arm-none-eabi/lib/thumb/v7e-m/nofp/crt0.o (__libc_init_array)
d:/laboratory/clion/gcc/gcc-arm-none-eabi-10.3-2021.10/bin/../lib/gcc/arm-none-eabi/10.3.1/../../../../arm-none-eabi/lib/thumb/v7e-m/nofp\libg.a(lib_a-malloc.o)
                              CMakeFiles/Template.elf.dir/Myapp/Src/vofa+.c.obj (malloc)
d:/laboratory/clion/gcc/gcc-arm-none-eabi-10.3-2021.10/bin/../lib/gcc/arm-none-eabi/10.3.1/../../../../arm-none-eabi/lib/thumb/v7e-m/nofp\libg.a(lib_a-mallocr.o)
                              d:/laboratory/clion/gcc/gcc-arm-none-eabi-10.3-2021.10/bin/../lib/gcc/arm-none-eabi/10.3.1/../../../../arm-none-eabi/lib/thumb/v7e-m/nofp\libg.a(lib_a-malloc.o) (_malloc_r)
d:/laboratory/clion/gcc/gcc-arm-none-eabi-10.3-2021.10/bin/../lib/gcc/arm-none-eabi/10.3.1/../../../../arm-none-eabi/lib/thumb/v7e-m/nofp\libg.a(lib_a-memcpy.o)
                              CMakeFiles/Template.elf.dir/Myapp/Src/vofa+.c.obj (memcpy)
d:/laboratory/clion/gcc/gcc-arm-none-eabi-10.3-2021.10/bin/../lib/gcc/arm-none-eabi/10.3.1/../../../../arm-none-eabi/lib/thumb/v7e-m/nofp\libg.a(lib_a-memset.o)
                              d:/laboratory/clion/gcc/gcc-arm-none-eabi-10.3-2021.10/bin/../lib/gcc/arm-none-eabi/10.3.1/../../../../arm-none-eabi/lib/thumb/v7e-m/nofp/crt0.o (memset)
d:/laboratory/clion/gcc/gcc-arm-none-eabi-10.3-2021.10/bin/../lib/gcc/arm-none-eabi/10.3.1/../../../../arm-none-eabi/lib/thumb/v7e-m/nofp\libg.a(lib_a-mlock.o)
                              d:/laboratory/clion/gcc/gcc-arm-none-eabi-10.3-2021.10/bin/../lib/gcc/arm-none-eabi/10.3.1/../../../../arm-none-eabi/lib/thumb/v7e-m/nofp\libg.a(lib_a-mallocr.o) (__malloc_lock)
d:/laboratory/clion/gcc/gcc-arm-none-eabi-10.3-2021.10/bin/../lib/gcc/arm-none-eabi/10.3.1/../../../../arm-none-eabi/lib/thumb/v7e-m/nofp\libg.a(lib_a-sbrkr.o)
                              d:/laboratory/clion/gcc/gcc-arm-none-eabi-10.3-2021.10/bin/../lib/gcc/arm-none-eabi/10.3.1/../../../../arm-none-eabi/lib/thumb/v7e-m/nofp\libg.a(lib_a-mallocr.o) (_sbrk_r)
[...]
Memory Configuration

Name             Origin             Length             Attributes
CCMRAM           0x10000000         0x00010000         xrw
RAM              0x20000000         0x00020000         xrw
FLASH            0x08000000         0x00100000         xr
*default*        0x00000000         0xffffffff

Linker script and memory map

LOAD d:/laboratory/clion/gcc/gcc-arm-none-eabi-10.3-2021.10/bin/../lib/gcc/arm-none-eabi/10.3.1/thumb/v7e-m/nofp/crti.o
LOAD d:/laboratory/clion/gcc/gcc-arm-none-eabi-10.3-2021.10/bin/../lib/gcc/arm-none-eabi/10.3.1/thumb/v7e-m/nofp/crtbegin.o
LOAD d:/laboratory/clion/gcc/gcc-arm-none-eabi-10.3-2021.10/bin/../lib/gcc/arm-none-eabi/10.3.1/../../../../arm-none-eabi/lib/thumb/v7e-m/nofp/crt0.o
LOAD CMakeFiles/Template.elf.dir/Core/Src/adc.c.obj
LOAD CMakeFiles/Template.elf.dir/Core/Src/dma.c.obj
LOAD CMakeFiles/Template.elf.dir/Core/Src/fsmc.c.obj
LOAD CMakeFiles/Template.elf.dir/Core/Src/gpio.c.obj
LOAD CMakeFiles/Template.elf.dir/Core/Src/main.c.obj
LOAD CMakeFiles/Template.elf.dir/Core/Src/stm32f4xx_hal_msp.c.obj
LOAD CMakeFiles/Template.elf.dir/Core/Src/stm32f4xx_it.c.obj
LOAD CMakeFiles/Template.elf.dir/Core/Src/syscalls.c.obj
LOAD CMakeFiles/Template.elf.dir/Core/Src/sysmem.c.obj
LOAD CMakeFiles/Template.elf.dir/Core/Src/system_stm32f4xx.c.obj
LOAD CMakeFiles/Template.elf.dir/Core/Src/usart.c.obj
LOAD CMakeFiles/Template.elf.dir/Core/Startup/startup_stm32f407zgtx.s.obj
LOAD CMakeFiles/Template.elf.dir/Drivers/STM32F4xx_HAL_Driver/Src/stm32f4xx_hal.c.obj
LOAD CMakeFiles/Template.elf.dir/Drivers/STM32F4xx_HAL_Driver/Src/stm32f4xx_hal_adc.c.obj
LOAD CMakeFiles/Template.elf.dir/Drivers/STM32F4xx_HAL_Driver/Src/stm32f4xx_hal_adc_ex.c.obj
LOAD CMakeFiles/Template.elf.dir/Drivers/STM32F4xx_HAL_Driver/Src/stm32f4xx_hal_cortex.c.obj
LOAD CMakeFiles/Template.elf.dir/Drivers/STM32F4xx_HAL_Driver/Src/stm32f4xx_hal_dma.c.obj
LOAD CMakeFiles/Template.elf.dir/Drivers/STM32F4xx_HAL_Driver/Src/stm32f4xx_hal_dma_ex.c.obj
LOAD CMakeFiles/Template.elf.dir/Drivers/STM32F4xx_HAL_Driver/Src/stm32f4xx_hal_exti.c.obj
LOAD CMakeFiles/Template.elf.dir/Drivers/STM32F4xx_HAL_Driver/Src/stm32f4xx_hal_flash.c.obj
LOAD CMakeFiles/Template.elf.dir/Drivers/STM32F4xx_HAL_Driver/Src/stm32f4xx_hal_flash_ex.c.obj
LOAD CMakeFiles/Template.elf.dir/Drivers/STM32F4xx_HAL_Driver/Src/stm32f4xx_hal_flash_ramfunc.c.obj
LOAD CMakeFiles/Template.elf.dir/Drivers/STM32F4xx_HAL_Driver/Src/stm32f4xx_hal_gpio.c.obj
LOAD CMakeFiles/Template.elf.dir/Drivers/STM32F4xx_HAL_Driver/Src/stm32f4xx_hal_pwr.c.obj
LOAD CMakeFiles/Template.elf.dir/Drivers/STM32F4xx_HAL_Driver/Src/stm32f4xx_hal_pwr_ex.c.obj
LOAD CMakeFiles/Template.elf.dir/Drivers/STM32F4xx_HAL_Driver/Src/stm32f4xx_hal_rcc.c.obj
LOAD CMakeFiles/Template.elf.dir/Drivers/STM32F4xx_HAL_Driver/Src/stm32f4xx_hal_rcc_ex.c.obj
LOAD CMakeFiles/Template.elf.dir/Drivers/STM32F4xx_HAL_Driver/Src/stm32f4xx_hal_sram.c.obj
LOAD CMakeFiles/Template.elf.dir/Drivers/STM32F4xx_HAL_Driver/Src/stm32f4xx_hal_tim.c.obj
LOAD CMakeFiles/Template.elf.dir/Drivers/STM32F4xx_HAL_Driver/Src/stm32f4xx_hal_tim_ex.c.obj
LOAD CMakeFiles/Template.elf.dir/Drivers/STM32F4xx_HAL_Driver/Src/stm32f4xx_hal_uart.c.obj
LOAD CMakeFiles/Template.elf.dir/Drivers/STM32F4xx_HAL_Driver/Src/stm32f4xx_ll_adc.c.obj
LOAD CMakeFiles/Template.elf.dir/Drivers/STM32F4xx_HAL_Driver/Src/stm32f4xx_ll_fsmc.c.obj
LOAD CMakeFiles/Template.elf.dir/LCD/lcd.c.obj
LOAD CMakeFiles/Template.elf.dir/Myapp/Src/delay.c.obj
LOAD CMakeFiles/Template.elf.dir/Myapp/Src/scheduler.c.obj
LOAD CMakeFiles/Template.elf.dir/Myapp/Src/sys.c.obj
LOAD CMakeFiles/Template.elf.dir/Myapp/Src/usart.c.obj
LOAD CMakeFiles/Template.elf.dir/Myapp/Src/vofa+.c.obj
START GROUP
LOAD d:/laboratory/clion/gcc/gcc-arm-none-eabi-10.3-2021.10/bin/../lib/gcc/arm-none-eabi/10.3.1/thumb/v7e-m/nofp\libgcc.a
LOAD d:/laboratory/clion/gcc/gcc-arm-none-eabi-10.3-2021.10/bin/../lib/gcc/arm-none-eabi/10.3.1/../../../../arm-none-eabi/lib/thumb/v7e-m/nofp\libg.a
LOAD d:/laboratory/clion/gcc/gcc-arm-none-eabi-10.3-2021.10/bin/../lib/gcc/arm-none-eabi/10.3.1/../../../../arm-none-eabi/lib/thumb/v7e-m/nofp\libc.a
END GROUP
LOAD d:/laboratory/clion/gcc/gcc-arm-none-eabi-10.3-2021.10/bin/../lib/gcc/arm-none-eabi/10.3.1/thumb/v7e-m/nofp/crtend.o
LOAD d:/laboratory/clion/gcc/gcc-arm-none-eabi-10.3-2021.10/bin/../lib/gcc/arm-none-eabi/10.3.1/thumb/v7e-m/nofp/crtn.o
                0x20020000                _estack = (ORIGIN (RAM) + LENGTH (RAM))
                0x00000200                _Min_Heap_Size = 0x200
                0x00000400                _Min_Stack_Size = 0x400

.isr_vector     0x08000000      0x188
                0x08000000                . = ALIGN (0x4)
 *(.isr_vector)
 .isr_vector    0x08000000      0x188 CMakeFiles/Template.elf.dir/Core/Startup/startup_stm32f407zgtx.s.obj
                0x08000000                g_pfnVectors
                0x08000188                . = ALIGN (0x4)

.text           0x08000188     0x5ea8
                0x08000188                . = ALIGN (0x4)
 *(.text)
 .text          0x08000188       0x40 d:/laboratory/clion/gcc/gcc-arm-none-eabi-10.3-2021.10/bin/../lib/gcc/arm-none-eabi/10.3.1/thumb/v7e-m/nofp/crtbegin.o
 .text          0x080001c8      0x254 d:/laboratory/clion/gcc/gcc-arm-none-eabi-10.3-2021.10/bin/../lib/gcc/arm-none-eabi/10.3.1/thumb/v7e-m/nofp\libgcc.a(_arm_muldf3.o)
                0x080001c8                __muldf3
                0x080001c8                __aeabi_dmul
 .text          0x0800041c      0x378 d:/laboratory/clion/gcc/gcc-arm-none-eabi-10.3-2021.10/bin/../lib/gcc/arm-none-eabi/10.3.1/thumb/v7e-m/nofp\libgcc.a(_arm_addsubdf3.o)
                0x0800041c                __aeabi_drsub
                0x08000424                __aeabi_dsub
                0x08000424                __subdf3
                0x08000428                __aeabi_dadd
                0x08000428                __adddf3
                0x080006a0                __floatunsidf
                0x080006a0                __aeabi_ui2d
                0x080006c0                __floatsidf
                0x080006c0                __aeabi_i2d
                0x080006e4                __aeabi_f2d
                0x080006e4                __extendsfdf2
                0x08000728                __floatundidf
                0x08000728                __aeabi_ul2d
                0x08000738                __floatdidf
                0x08000738                __aeabi_l2d
 .text          0x08000794       0x40 d:/laboratory/clion/gcc/gcc-arm-none-eabi-10.3-2021.10/bin/../lib/gcc/arm-none-eabi/10.3.1/thumb/v7e-m/nofp\libgcc.a(_arm_fixunsdfsi.o)
                0x08000794                __aeabi_d2uiz
                0x08000794                __fixunsdfsi
 .text          0x080007d4       0x30 d:/laboratory/clion/gcc/gcc-arm-none-eabi-10.3-2021.10/bin/../lib/gcc/arm-none-eabi/10.3.1/thumb/v7e-m/nofp\libgcc.a(_aeabi_uldivmod.o)
                0x080007d4                __aeabi_uldivmod
 .text          0x08000804      0x2d0 d:/laboratory/clion/gcc/gcc-arm-none-eabi-10.3-2021.10/bin/../lib/gcc/arm-none-eabi/10.3.1/thumb/v7e-m/nofp\libgcc.a(_udivmoddi4.o)
                0x08000804                __udivmoddi4
 .text          0x08000ad4        0x4 d:/laboratory/clion/gcc/gcc-arm-none-eabi-10.3-2021.10/bin/../lib/gcc/arm-none-eabi/10.3.1/thumb/v7e-m/nofp\libgcc.a(_dvmd_tls.o)
                0x08000ad4                __aeabi_idiv0
                0x08000ad4                __aeabi_ldiv0
 *(.text*)
 .text.MX_ADC1_Init
                0x08000ad8       0x70 CMakeFiles/Template.elf.dir/Core/Src/adc.c.obj
                0x08000ad8                MX_ADC1_Init
 .text.HAL_ADC_MspInit
                0x08000b48       0x68 CMakeFiles/Template.elf.dir/Core/Src/adc.c.obj
                0x08000b48                HAL_ADC_MspInit
 .text.MX_DMA_Init
                0x08000bb0       0x44 CMakeFiles/Template.elf.dir/Core/Src/dma.c.obj
                0x08000bb0                MX_DMA_Init
 .text.HAL_FSMC_MspInit
                0x08000bf4       0xb4 CMakeFiles/Template.elf.dir/Core/Src/fsmc.c.obj
 .text.MX_FSMC_Init
                0x08000ca8       0x90 CMakeFiles/Template.elf.dir/Core/Src/fsmc.c.obj
                0x08000ca8                MX_FSMC_Init
 .text.HAL_SRAM_MspInit
                0x08000d38        0x8 CMakeFiles/Template.elf.dir/Core/Src/fsmc.c.obj
                0x08000d38                HAL_SRAM_MspInit
 .text.MX_GPIO_Init
                0x08000d40      0x11c CMakeFiles/Template.elf.dir/Core/Src/gpio.c.obj
                0x08000d40                MX_GPIO_Init
 .text.Error_Handler
                0x08000e5c        0x4 CMakeFiles/Template.elf.dir/Core/Src/main.c.obj
                0x08000e5c                Error_Handler
 .text.SystemClock_Config
                0x08000e60       0xa8 CMakeFiles/Template.elf.dir/Core/Src/main.c.obj
                0x08000e60                SystemClock_Config
 .text.main     0x08000f08       0x32 CMakeFiles/Template.elf.dir/Core/Src/main.c.obj
                0x08000f08                main
 *fill*         0x08000f3a        0x2 
 .text.HAL_MspInit
                0x08000f3c       0x38 CMakeFiles/Template.elf.dir/Core/Src/stm32f4xx_hal_msp.c.obj
                0x08000f3c                HAL_MspInit
 .text.NMI_Handler
                0x08000f74        0x2 CMakeFiles/Template.elf.dir/Core/Src/stm32f4xx_it.c.obj
                0x08000f74                NMI_Handler
 .text.HardFault_Handler
                0x08000f76        0x2 CMakeFiles/Template.elf.dir/Core/Src/stm32f4xx_it.c.obj
                0x08000f76                HardFault_Handler
 .text.MemManage_Handler
                0x08000f78        0x2 CMakeFiles/Template.elf.dir/Core/Src/stm32f4xx_it.c.obj
                0x08000f78                MemManage_Handler
 .text.BusFault_Handler
                0x08000f7a        0x2 CMakeFiles/Template.elf.dir/Core/Src/stm32f4xx_it.c.obj
                0x08000f7a                BusFault_Handler
 .text.UsageFault_Handler
                0x08000f7c        0x2 CMakeFiles/Template.elf.dir/Core/Src/stm32f4xx_it.c.obj
                0x08000f7c                UsageFault_Handler
 .text.SVC_Handler
                0x08000f7e        0x2 CMakeFiles/Template.elf.dir/Core/Src/stm32f4xx_it.c.obj
                0x08000f7e                SVC_Handler
 .text.DebugMon_Handler
                0x08000f80        0x2 CMakeFiles/Template.elf.dir/Core/Src/stm32f4xx_it.c.obj
                0x08000f80                DebugMon_Handler
 .text.PendSV_Handler
                0x08000f82        0x2 CMakeFiles/Template.elf.dir/Core/Src/stm32f4xx_it.c.obj
                0x08000f82                PendSV_Handler
 .text.SysTick_Handler
                0x08000f84        0x8 CMakeFiles/Template.elf.dir/Core/Src/stm32f4xx_it.c.obj
                0x08000f84                SysTick_Handler
 .text.USART1_IRQHandler
                0x08000f8c       0x10 CMakeFiles/Template.elf.dir/Core/Src/stm32f4xx_it.c.obj
                0x08000f8c                USART1_IRQHandler
 .text.DMA2_Stream2_IRQHandler
                0x08000f9c       0x10 CMakeFiles/Template.elf.dir/Core/Src/stm32f4xx_it.c.obj
                0x08000f9c                DMA2_Stream2_IRQHandler
 .text.DMA2_Stream7_IRQHandler
                0x08000fac       0x10 CMakeFiles/Template.elf.dir/Core/Src/stm32f4xx_it.c.obj
                0x08000fac                DMA2_Stream7_IRQHandler
 .text.SystemInit
                0x08000fbc        0x2 CMakeFiles/Template.elf.dir/Core/Src/system_stm32f4xx.c.obj
                0x08000fbc                SystemInit
 *fill*         0x08000fbe        0x2 
 .text.MX_USART1_UART_Init
                0x08000fc0       0x34 CMakeFiles/Template.elf.dir/Core/Src/usart.c.obj
                0x08000fc0                MX_USART1_UART_Init
 .text.HAL_UART_MspInit
                0x08000ff4      0x104 CMakeFiles/Template.elf.dir/Core/Src/usart.c.obj
                0x08000ff4                HAL_UART_MspInit
 .text.Reset_Handler
                0x080010f8       0x50 CMakeFiles/Template.elf.dir/Core/Startup/startup_stm32f407zgtx.s.obj
                0x080010f8                Reset_Handler
 .text.Default_Handler
                0x08001148        0x2 CMakeFiles/Template.elf.dir/Core/Startup/startup_stm32f407zgtx.s.obj
                0x08001148                RTC_Alarm_IRQHandler
                0x08001148                HASH_RNG_IRQHandler
                0x08001148                EXTI2_IRQHandler
                0x08001148                TIM8_CC_IRQHandler
                0x08001148                TIM1_CC_IRQHandler
                0x08001148                DMA2_Stream5_IRQHandler
                0x08001148                DMA1_Stream5_IRQHandler
                0x08001148                PVD_IRQHandler
                0x08001148                SDIO_IRQHandler
                0x08001148                TAMP_STAMP_IRQHandler
                0x08001148                CAN2_RX1_IRQHandler
                0x08001148                EXTI3_IRQHandler
                0x08001148                TIM8_TRG_COM_TIM14_IRQHandler
                0x08001148                TIM1_UP_TIM10_IRQHandler
                0x08001148                TIM8_UP_TIM13_IRQHandler
                0x08001148                I2C3_ER_IRQHandler
                0x08001148                EXTI0_IRQHandler
                0x08001148                I2C2_EV_IRQHandler
                0x08001148                DMA1_Stream2_IRQHandler
                0x08001148                CAN1_RX0_IRQHandler
                0x08001148                FPU_IRQHandler
                0x08001148                OTG_HS_WKUP_IRQHandler
                0x08001148                CAN2_SCE_IRQHandler
                0x08001148                SPI1_IRQHandler
                0x08001148                TIM6_DAC_IRQHandler
                0x08001148                TIM1_BRK_TIM9_IRQHandler
                0x08001148                DCMI_IRQHandler
                0x08001148                CAN2_RX0_IRQHandler
                0x08001148                DMA2_Stream3_IRQHandler
                0x08001148                USART6_IRQHandler
                0x08001148                USART3_IRQHandler
                0x08001148                CAN1_RX1_IRQHandler
                0x08001148                UART5_IRQHandler
                0x08001148                DMA2_Stream0_IRQHandler
                0x08001148                TIM4_IRQHandler
                0x08001148                I2C1_EV_IRQHandler
                0x08001148                DMA1_Stream6_IRQHandler
                0x08001148                DMA1_Stream1_IRQHandler
                0x08001148                UART4_IRQHandler
                0x08001148                TIM3_IRQHandler
                0x08001148                RCC_IRQHandler
                0x08001148                TIM8_BRK_TIM12_IRQHandler
                0x08001148                Default_Handler
                0x08001148                EXTI15_10_IRQHandler
                0x08001148                ADC_IRQHandler
                0x08001148                DMA1_Stream7_IRQHandler
                0x08001148                TIM7_IRQHandler
                0x08001148                CAN2_TX_IRQHandler
                0x08001148                TIM5_IRQHandler
                0x08001148                I2C3_EV_IRQHandler
                0x08001148                EXTI9_5_IRQHandler
                0x08001148                RTC_WKUP_IRQHandler
                0x08001148                ETH_WKUP_IRQHandler
                0x08001148                SPI2_IRQHandler
                0x08001148                OTG_HS_EP1_IN_IRQHandler
                0x08001148                DMA1_Stream0_IRQHandler
                0x08001148                CAN1_TX_IRQHandler
                0x08001148                EXTI4_IRQHandler
                0x08001148                FSMC_IRQHandler
                0x08001148                ETH_IRQHandler
                0x08001148                OTG_HS_EP1_OUT_IRQHandler
                0x08001148                WWDG_IRQHandler
                0x08001148                TIM2_IRQHandler
                0x08001148                OTG_FS_WKUP_IRQHandler
                0x08001148                TIM1_TRG_COM_TIM11_IRQHandler
                0x08001148                OTG_HS_IRQHandler
                0x08001148                EXTI1_IRQHandler
                0x08001148                USART2_IRQHandler
                0x08001148                I2C2_ER_IRQHandler
                0x08001148                DMA2_Stream1_IRQHandler
                0x08001148                CAN1_SCE_IRQHandler
                0x08001148                FLASH_IRQHandler
                0x08001148                DMA2_Stream4_IRQHandler
                0x08001148                OTG_FS_IRQHandler
                0x08001148                SPI3_IRQHandler
                0x08001148                DMA1_Stream4_IRQHandler
                0x08001148                I2C1_ER_IRQHandler
                0x08001148                DMA2_Stream6_IRQHandler
                0x08001148                DMA1_Stream3_IRQHandler
 *fill*         0x0800114a        0x2 
 .text.HAL_InitTick
                0x0800114c       0x4c CMakeFiles/Template.elf.dir/Drivers/STM32F4xx_HAL_Driver/Src/stm32f4xx_hal.c.obj
                0x0800114c                HAL_InitTick
 .text.HAL_Init
                0x08001198       0x34 CMakeFiles/Template.elf.dir/Drivers/STM32F4xx_HAL_Driver/Src/stm32f4xx_hal.c.obj
                0x08001198                HAL_Init
 .text.HAL_IncTick
                0x080011cc       0x18 CMakeFiles/Template.elf.dir/Drivers/STM32F4xx_HAL_Driver/Src/stm32f4xx_hal.c.obj
                0x080011cc                HAL_IncTick
 .text.HAL_GetTick
                0x080011e4        0xc CMakeFiles/Template.elf.dir/Drivers/STM32F4xx_HAL_Driver/Src/stm32f4xx_hal.c.obj
                0x080011e4                HAL_GetTick
 .text.HAL_Delay
                0x080011f0       0x28 CMakeFiles/Template.elf.dir/Drivers/STM32F4xx_HAL_Driver/Src/stm32f4xx_hal.c.obj
                0x080011f0                HAL_Delay
 .text.ADC_Init
                0x08001218      0x134 CMakeFiles/Template.elf.dir/Drivers/STM32F4xx_HAL_Driver/Src/stm32f4xx_hal_adc.c.obj
 .text.HAL_ADC_Init
                0x0800134c       0x56 CMakeFiles/Template.elf.dir/Drivers/STM32F4xx_HAL_Driver/Src/stm32f4xx_hal_adc.c.obj
                0x0800134c                HAL_ADC_Init
 *fill*         0x080013a2        0x2 
 .text.HAL_ADC_Start
                0x080013a4      0x144 CMakeFiles/Template.elf.dir/Drivers/STM32F4xx_HAL_Driver/Src/stm32f4xx_hal_adc.c.obj
                0x080013a4                HAL_ADC_Start
 .text.HAL_ADC_PollForConversion
                0x080014e8       0xb8 CMakeFiles/Template.elf.dir/Drivers/STM32F4xx_HAL_Driver/Src/stm32f4xx_hal_adc.c.obj
                0x080014e8                HAL_ADC_PollForConversion
 .text.HAL_ADC_GetValue
                0x080015a0        0x6 CMakeFiles/Template.elf.dir/Drivers/STM32F4xx_HAL_Driver/Src/stm32f4xx_hal_adc.c.obj
                0x080015a0                HAL_ADC_GetValue
 *fill*         0x080015a6        0x2 
 .text.HAL_ADC_ConfigChannel
                0x080015a8      0x198 CMakeFiles/Template.elf.dir/Drivers/STM32F4xx_HAL_Driver/Src/stm32f4xx_hal_adc.c.obj
                0x080015a8                HAL_ADC_ConfigChannel
 .text.HAL_NVIC_SetPriorityGrouping
                0x08001740       0x24 CMakeFiles/Template.elf.dir/Drivers/STM32F4xx_HAL_Driver/Src/stm32f4xx_hal_cortex.c.obj
                0x08001740                HAL_NVIC_SetPriorityGrouping
 .text.HAL_NVIC_SetPriority
                0x08001764       0x70 CMakeFiles/Template.elf.dir/Drivers/STM32F4xx_HAL_Driver/Src/stm32f4xx_hal_cortex.c.obj
                0x08001764                HAL_NVIC_SetPriority
 .text.HAL_NVIC_EnableIRQ
                0x080017d4       0x1c CMakeFiles/Template.elf.dir/Drivers/STM32F4xx_HAL_Driver/Src/stm32f4xx_hal_cortex.c.obj
                0x080017d4                HAL_NVIC_EnableIRQ
 .text.HAL_SYSTICK_Config
                0x080017f0       0x28 CMakeFiles/Template.elf.dir/Drivers/STM32F4xx_HAL_Driver/Src/stm32f4xx_hal_cortex.c.obj
                0x080017f0                HAL_SYSTICK_Config
 .text.DMA_CalcBaseAndBitshift
                0x08001818       0x40 CMakeFiles/Template.elf.dir/Drivers/STM32F4xx_HAL_Driver/Src/stm32f4xx_hal_dma.c.obj
 .text.DMA_CheckFifoParam
                0x08001858       0x8e CMakeFiles/Template.elf.dir/Drivers/STM32F4xx_HAL_Driver/Src/stm32f4xx_hal_dma.c.obj
 *fill*         0x080018e6        0x2 
 .text.HAL_DMA_Init
                0x080018e8       0xcc CMakeFiles/Template.elf.dir/Drivers/STM32F4xx_HAL_Driver/Src/stm32f4xx_hal_dma.c.obj
                0x080018e8                HAL_DMA_Init
 .text.HAL_DMA_Abort
                0x080019b4       0x94 CMakeFiles/Template.elf.dir/Drivers/STM32F4xx_HAL_Driver/Src/stm32f4xx_hal_dma.c.obj
                0x080019b4                HAL_DMA_Abort
 .text.HAL_DMA_Abort_IT
                0x08001a48       0x26 CMakeFiles/Template.elf.dir/Drivers/STM32F4xx_HAL_Driver/Src/stm32f4xx_hal_dma.c.obj
                0x08001a48                HAL_DMA_Abort_IT
 *fill*         0x08001a6e        0x2 
 .text.HAL_DMA_IRQHandler
                0x08001a70      0x1dc CMakeFiles/Template.elf.dir/Drivers/STM32F4xx_HAL_Driver/Src/stm32f4xx_hal_dma.c.obj
                0x08001a70                HAL_DMA_IRQHandler
 .text.HAL_GPIO_Init
                0x08001c4c      0x1e4 CMakeFiles/Template.elf.dir/Drivers/STM32F4xx_HAL_Driver/Src/stm32f4xx_hal_gpio.c.obj
                0x08001c4c                HAL_GPIO_Init
 .text.HAL_GPIO_ReadPin
                0x08001e30        0xe CMakeFiles/Template.elf.dir/Drivers/STM32F4xx_HAL_Driver/Src/stm32f4xx_hal_gpio.c.obj
                0x08001e30                HAL_GPIO_ReadPin
 .text.HAL_GPIO_WritePin
                0x08001e3e        0xc CMakeFiles/Template.elf.dir/Drivers/STM32F4xx_HAL_Driver/Src/stm32f4xx_hal_gpio.c.obj
                0x08001e3e                HAL_GPIO_WritePin
 .text.HAL_GPIO_TogglePin
                0x08001e4a       0x12 CMakeFiles/Template.elf.dir/Drivers/STM32F4xx_HAL_Driver/Src/stm32f4xx_hal_gpio.c.obj
                0x08001e4a                HAL_GPIO_TogglePin
 .text.HAL_RCC_OscConfig
                0x08001e5c      0x3f8 CMakeFiles/Template.elf.dir/Drivers/STM32F4xx_HAL_Driver/Src/stm32f4xx_hal_rcc.c.obj
                0x08001e5c                HAL_RCC_OscConfig
 .text.HAL_RCC_GetSysClockFreq
                0x08002254       0xd4 CMakeFiles/Template.elf.dir/Drivers/STM32F4xx_HAL_Driver/Src/stm32f4xx_hal_rcc.c.obj
                0x08002254                HAL_RCC_GetSysClockFreq
 .text.HAL_RCC_ClockConfig
                0x08002328      0x160 CMakeFiles/Template.elf.dir/Drivers/STM32F4xx_HAL_Driver/Src/stm32f4xx_hal_rcc.c.obj
                0x08002328                HAL_RCC_ClockConfig
 .text.HAL_RCC_GetHCLKFreq
                0x08002488        0xc CMakeFiles/Template.elf.dir/Drivers/STM32F4xx_HAL_Driver/Src/stm32f4xx_hal_rcc.c.obj
                0x08002488                HAL_RCC_GetHCLKFreq
 .text.HAL_RCC_GetPCLK1Freq
                0x08002494       0x20 CMakeFiles/Template.elf.dir/Drivers/STM32F4xx_HAL_Driver/Src/stm32f4xx_hal_rcc.c.obj
                0x08002494                HAL_RCC_GetPCLK1Freq
 .text.HAL_RCC_GetPCLK2Freq
                0x080024b4       0x20 CMakeFiles/Template.elf.dir/Drivers/STM32F4xx_HAL_Driver/Src/stm32f4xx_hal_rcc.c.obj
                0x080024b4                HAL_RCC_GetPCLK2Freq
 .text.HAL_SRAM_Init
                0x080024d4       0x58 CMakeFiles/Template.elf.dir/Drivers/STM32F4xx_HAL_Driver/Src/stm32f4xx_hal_sram.c.obj
                0x080024d4                HAL_SRAM_Init
 .text.UART_EndRxTransfer
                0x0800252c       0x5c CMakeFiles/Template.elf.dir/Drivers/STM32F4xx_HAL_Driver/Src/stm32f4xx_hal_uart.c.obj
 .text.UART_Transmit_IT
                0x08002588       0x60 CMakeFiles/Template.elf.dir/Drivers/STM32F4xx_HAL_Driver/Src/stm32f4xx_hal_uart.c.obj
 .text.UART_SetConfig
                0x080025e8      0x110 CMakeFiles/Template.elf.dir/Drivers/STM32F4xx_HAL_Driver/Src/stm32f4xx_hal_uart.c.obj
 .text.HAL_UART_Init
                0x080026f8       0x5e CMakeFiles/Template.elf.dir/Drivers/STM32F4xx_HAL_Driver/Src/stm32f4xx_hal_uart.c.obj
                0x080026f8                HAL_UART_Init
 .text.HAL_UART_TxCpltCallback
                0x08002756        0x2 CMakeFiles/Template.elf.dir/Drivers/STM32F4xx_HAL_Driver/Src/stm32f4xx_hal_uart.c.obj
                0x08002756                HAL_UART_TxCpltCallback
 .text.UART_EndTransmit_IT
                0x08002758       0x1a CMakeFiles/Template.elf.dir/Drivers/STM32F4xx_HAL_Driver/Src/stm32f4xx_hal_uart.c.obj
 .text.HAL_UART_RxCpltCallback
                0x08002772        0x2 CMakeFiles/Template.elf.dir/Drivers/STM32F4xx_HAL_Driver/Src/stm32f4xx_hal_uart.c.obj
                0x08002772                HAL_UART_RxCpltCallback
 .text.HAL_UART_ErrorCallback
                0x08002774        0x2 CMakeFiles/Template.elf.dir/Drivers/STM32F4xx_HAL_Driver/Src/stm32f4xx_hal_uart.c.obj
                0x08002774                HAL_UART_ErrorCallback
 .text.UART_DMAAbortOnError
                0x08002776       0x10 CMakeFiles/Template.elf.dir/Drivers/STM32F4xx_HAL_Driver/Src/stm32f4xx_hal_uart.c.obj
 .text.HAL_UARTEx_RxEventCallback
                0x08002786        0x2 CMakeFiles/Template.elf.dir/Drivers/STM32F4xx_HAL_Driver/Src/stm32f4xx_hal_uart.c.obj
                0x08002786                HAL_UARTEx_RxEventCallback
 .text.UART_Receive_IT
                0x08002788       0xe2 CMakeFiles/Template.elf.dir/Drivers/STM32F4xx_HAL_Driver/Src/stm32f4xx_hal_uart.c.obj
 *fill*         0x0800286a        0x2 
 .text.HAL_UART_IRQHandler
                0x0800286c      0x280 CMakeFiles/Template.elf.dir/Drivers/STM32F4xx_HAL_Driver/Src/stm32f4xx_hal_uart.c.obj
                0x0800286c                HAL_UART_IRQHandler
 .text.FSMC_NORSRAM_Init
                0x08002aec       0x68 CMakeFiles/Template.elf.dir/Drivers/STM32F4xx_HAL_Driver/Src/stm32f4xx_ll_fsmc.c.obj
                0x08002aec                FSMC_NORSRAM_Init
 .text.FSMC_NORSRAM_Timing_Init
                0x08002b54       0x50 CMakeFiles/Template.elf.dir/Drivers/STM32F4xx_HAL_Driver/Src/stm32f4xx_ll_fsmc.c.obj
                0x08002b54                FSMC_NORSRAM_Timing_Init
 .text.FSMC_NORSRAM_Extended_Timing_Init
                0x08002ba4       0x44 CMakeFiles/Template.elf.dir/Drivers/STM32F4xx_HAL_Driver/Src/stm32f4xx_ll_fsmc.c.obj
                0x08002ba4                FSMC_NORSRAM_Extended_Timing_Init
 .text.lcd_rd_data
                0x08002be8       0x1a CMakeFiles/Template.elf.dir/LCD/lcd.c.obj
 .text.lcd_wr_data
                0x08002c02       0x22 CMakeFiles/Template.elf.dir/LCD/lcd.c.obj
                0x08002c02                lcd_wr_data
 .text.lcd_wr_regno
                0x08002c24       0x22 CMakeFiles/Template.elf.dir/LCD/lcd.c.obj
                0x08002c24                lcd_wr_regno
 .text.lcd_ex_st7789_reginit
                0x08002c46      0x1a8 CMakeFiles/Template.elf.dir/LCD/lcd.c.obj
                0x08002c46                lcd_ex_st7789_reginit
 .text.lcd_ex_ili9341_reginit
                0x08002dee      0x22c CMakeFiles/Template.elf.dir/LCD/lcd.c.obj
                0x08002dee                lcd_ex_ili9341_reginit
 .text.lcd_ex_nt35310_reginit
                0x0800301a      0xef2 CMakeFiles/Template.elf.dir/LCD/lcd.c.obj
                0x0800301a                lcd_ex_nt35310_reginit
 .text.lcd_ex_ssd1963_reginit
                0x08003f0c      0x16e CMakeFiles/Template.elf.dir/LCD/lcd.c.obj
                0x08003f0c                lcd_ex_ssd1963_reginit
 .text.lcd_write_reg
                0x0800407a        0xe CMakeFiles/Template.elf.dir/LCD/lcd.c.obj
                0x0800407a                lcd_write_reg
 .text.lcd_ex_nt35510_reginit
                0x08004088      0xefc CMakeFiles/Template.elf.dir/LCD/lcd.c.obj
                0x08004088                lcd_ex_nt35510_reginit
 .text.lcd_write_ram_prepare
                0x08004f84       0x14 CMakeFiles/Template.elf.dir/LCD/lcd.c.obj
                0x08004f84                lcd_write_ram_prepare
 .text.lcd_set_cursor
                0x08004f98      0x10c CMakeFiles/Template.elf.dir/LCD/lcd.c.obj
                0x08004f98                lcd_set_cursor
 .text.lcd_scan_dir
                0x080050a4      0x1d8 CMakeFiles/Template.elf.dir/LCD/lcd.c.obj
                0x080050a4                lcd_scan_dir
 .text.lcd_draw_point
                0x0800527c       0x18 CMakeFiles/Template.elf.dir/LCD/lcd.c.obj
                0x0800527c                lcd_draw_point
 *fill*         0x08005294        0x4 
 .text.lcd_ssd_backlight_set
                0x08005298       0x50 CMakeFiles/Template.elf.dir/LCD/lcd.c.obj
                0x08005298                lcd_ssd_backlight_set
 .text.lcd_display_dir
                0x080052e8      0x118 CMakeFiles/Template.elf.dir/LCD/lcd.c.obj
                0x080052e8                lcd_display_dir
 .text.lcd_clear
                0x08005400       0x34 CMakeFiles/Template.elf.dir/LCD/lcd.c.obj
                0x08005400                lcd_clear
 .text.lcd_init
                0x08005434      0x354 CMakeFiles/Template.elf.dir/LCD/lcd.c.obj
                0x08005434                lcd_init
 .text.lcd_fill
                0x08005788       0x44 CMakeFiles/Template.elf.dir/LCD/lcd.c.obj
                0x08005788                lcd_fill
 .text.lcd_draw_line
                0x080057cc       0xa6 CMakeFiles/Template.elf.dir/LCD/lcd.c.obj
                0x080057cc                lcd_draw_line
 *fill*         0x08005872        0x2 
 .text.lcd_draw_hline
                0x08005874       0x38 CMakeFiles/Template.elf.dir/LCD/lcd.c.obj
                0x08005874                lcd_draw_hline
 .text.lcd_fill_circle
                0x080058ac       0xcc CMakeFiles/Template.elf.dir/LCD/lcd.c.obj
                0x080058ac                lcd_fill_circle
 .text.lcd_show_char
                0x08005978      0x118 CMakeFiles/Template.elf.dir/LCD/lcd.c.obj
                0x08005978                lcd_show_char
 .text.lcd_show_string
                0x08005a90       0x62 CMakeFiles/Template.elf.dir/LCD/lcd.c.obj
                0x08005a90                lcd_show_string
 *fill*         0x08005af2        0x2 
 .text.display  0x08005af4      0x13c CMakeFiles/Template.elf.dir/LCD/lcd.c.obj
                0x08005af4                display
 .text.lcd_draw_bline
                0x08005c30       0xc6 CMakeFiles/Template.elf.dir/LCD/lcd.c.obj
                0x08005c30                lcd_draw_bline
 .text.delay_us
                0x08005cf6        0xe CMakeFiles/Template.elf.dir/Myapp/Src/delay.c.obj
                0x08005cf6                delay_us
 .text.delay_ms
                0x08005d04        0x8 CMakeFiles/Template.elf.dir/Myapp/Src/delay.c.obj
                0x08005d04                delay_ms
 .text.Loop_500Hz
                0x08005d0c        0x2 CMakeFiles/Template.elf.dir/Myapp/Src/scheduler.c.obj
 .text.Loop_200Hz
                0x08005d0e        0x2 CMakeFiles/Template.elf.dir/Myapp/Src/scheduler.c.obj
 .text.Loop_100Hz
                0x08005d10        0x2 CMakeFiles/Template.elf.dir/Myapp/Src/scheduler.c.obj
 .text.Loop_50Hz
                0x08005d12        0x2 CMakeFiles/Template.elf.dir/Myapp/Src/scheduler.c.obj
 .text.Loop_20Hz
                0x08005d14        0x2 CMakeFiles/Template.elf.dir/Myapp/Src/scheduler.c.obj
 *fill*         0x08005d16        0x2 
 .text.Loop_2Hz
                0x08005d18       0x14 CMakeFiles/Template.elf.dir/Myapp/Src/scheduler.c.obj
 *fill*         0x08005d2c        0x4 
 .text.Loop_1000Hz
                0x08005d30       0xd8 CMakeFiles/Template.elf.dir/Myapp/Src/scheduler.c.obj
 .text.Scheduler_Run
                0x08005e08       0x44 CMakeFiles/Template.elf.dir/Myapp/Src/scheduler.c.obj
                0x08005e08                Scheduler_Run
 .text.__libc_init_array
                0x08005e4c       0x48 d:/laboratory/clion/gcc/gcc-arm-none-eabi-10.3-2021.10/bin/../lib/gcc/arm-none-eabi/10.3.1/../../../../arm-none-eabi/lib/thumb/v7e-m/nofp\libg.a(lib_a-init.o)
                0x08005e4c                __libc_init_array
 .text.memset   0x08005e94       0xa4 d:/laboratory/clion/gcc/gcc-arm-none-eabi-10.3-2021.10/bin/../lib/gcc/arm-none-eabi/10.3.1/../../../../arm-none-eabi/lib/thumb/v7e-m/nofp\libg.a(lib_a-memset.o)
                0x08005e94                memset
 .text.startup.register_fini
                0x08005f38       0x14 d:/laboratory/clion/gcc/gcc-arm-none-eabi-10.3-2021.10/bin/../lib/gcc/arm-none-eabi/10.3.1/../../../../arm-none-eabi/lib/thumb/v7e-m/nofp\libg.a(lib_a-__call_atexit.o)
 .text.atexit   0x08005f4c        0xc d:/laboratory/clion/gcc/gcc-arm-none-eabi-10.3-2021.10/bin/../lib/gcc/arm-none-eabi/10.3.1/../../../../arm-none-eabi/lib/thumb/v7e-m/nofp\libg.a(lib_a-atexit.o)
                0x08005f4c                atexit
 .text.__libc_fini_array
                0x08005f58       0x2c d:/laboratory/clion/gcc/gcc-arm-none-eabi-10.3-2021.10/bin/../lib/gcc/arm-none-eabi/10.3.1/../../../../arm-none-eabi/lib/thumb/v7e-m/nofp\libg.a(lib_a-fini.o)
                0x08005f58                __libc_fini_array
 .text.__retarget_lock_acquire_recursive
                0x08005f84        0x4 d:/laboratory/clion/gcc/gcc-arm-none-eabi-10.3-2021.10/bin/../lib/gcc/arm-none-eabi/10.3.1/../../../../arm-none-eabi/lib/thumb/v7e-m/nofp\libg.a(lib_a-lock.o)
                0x08005f84                __retarget_lock_acquire_recursive
 .text.__retarget_lock_release_recursive
                0x08005f88        0x4 d:/laboratory/clion/gcc/gcc-arm-none-eabi-10.3-2021.10/bin/../lib/gcc/arm-none-eabi/10.3.1/../../../../arm-none-eabi/lib/thumb/v7e-m/nofp\libg.a(lib_a-lock.o)
                0x08005f88                __retarget_lock_release_recursive
 .text.__register_exitproc
                0x08005f8c       0x8c d:/laboratory/clion/gcc/gcc-arm-none-eabi-10.3-2021.10/bin/../lib/gcc/arm-none-eabi/10.3.1/../../../../arm-none-eabi/lib/thumb/v7e-m/nofp\libg.a(lib_a-__atexit.o)
                0x08005f8c                __register_exitproc
 *(.glue_7)
 .glue_7        0x08006018        0x0 linker stubs
 *(.glue_7t)
 .glue_7t       0x08006018        0x0 linker stubs
 *(.eh_frame)
 .eh_frame      0x08006018        0x0 d:/laboratory/clion/gcc/gcc-arm-none-eabi-10.3-2021.10/bin/../lib/gcc/arm-none-eabi/10.3.1/thumb/v7e-m/nofp/crtbegin.o
 *(.init)
 .init          0x08006018        0x4 d:/laboratory/clion/gcc/gcc-arm-none-eabi-10.3-2021.10/bin/../lib/gcc/arm-none-eabi/10.3.1/thumb/v7e-m/nofp/crti.o
                0x08006018                _init
 .init          0x0800601c        0x8 d:/laboratory/clion/gcc/gcc-arm-none-eabi-10.3-2021.10/bin/../lib/gcc/arm-none-eabi/10.3.1/thumb/v7e-m/nofp/crtn.o
 *(.fini)
 .fini          0x08006024        0x4 d:/laboratory/clion/gcc/gcc-arm-none-eabi-10.3-2021.10/bin/../lib/gcc/arm-none-eabi/10.3.1/thumb/v7e-m/nofp/crti.o
                0x08006024                _fini
 .fini          0x08006028        0x8 d:/laboratory/clion/gcc/gcc-arm-none-eabi-10.3-2021.10/bin/../lib/gcc/arm-none-eabi/10.3.1/thumb/v7e-m/nofp/crtn.o
                0x08006030                . = ALIGN (0x4)
                0x08006030                _etext = .

.vfp11_veneer   0x08006030        0x0
 .vfp11_veneer  0x08006030        0x0 linker stubs

.v4_bx          0x08006030        0x0
 .v4_bx         0x08006030        0x0 linker stubs

.iplt           0x08006030        0x0
 .iplt          0x08006030        0x0 d:/laboratory/clion/gcc/gcc-arm-none-eabi-10.3-2021.10/bin/../lib/gcc/arm-none-eabi/10.3.1/thumb/v7e-m/nofp/crtbegin.o

.rodata         0x08006030     0x2fb0
                0x08006030                . = ALIGN (0x4)
 *(.rodata)
 *(.rodata*)
 .rodata.AHBPrescTable
                0x08006030       0x10 CMakeFiles/Template.elf.dir/Core/Src/system_stm32f4xx.c.obj
                0x08006030                AHBPrescTable
 .rodata.APBPrescTable
                0x08006040        0x8 CMakeFiles/Template.elf.dir/Core/Src/system_stm32f4xx.c.obj
                0x08006040                APBPrescTable
 .rodata.flagBitshiftOffset.0
                0x08006048        0x8 CMakeFiles/Template.elf.dir/Drivers/STM32F4xx_HAL_Driver/Src/stm32f4xx_hal_dma.c.obj
 .rodata.display.str1.4
                0x08006050        0xc CMakeFiles/Template.elf.dir/LCD/lcd.c.obj
 .rodata.asc2_1206
                0x0800605c      0x474 CMakeFiles/Template.elf.dir/LCD/lcd.c.obj
                0x0800605c                asc2_1206
 .rodata.asc2_1608
                0x080064d0      0x5f0 CMakeFiles/Template.elf.dir/LCD/lcd.c.obj
                0x080064d0                asc2_1608
 .rodata.asc2_2412
                0x08006ac0      0xd5c CMakeFiles/Template.elf.dir/LCD/lcd.c.obj
                0x08006ac0                asc2_2412
 .rodata.asc2_3216
                0x0800781c     0x17c0 CMakeFiles/Template.elf.dir/LCD/lcd.c.obj
                0x0800781c                asc2_3216
 .rodata._global_impure_ptr
                0x08008fdc        0x4 d:/laboratory/clion/gcc/gcc-arm-none-eabi-10.3-2021.10/bin/../lib/gcc/arm-none-eabi/10.3.1/../../../../arm-none-eabi/lib/thumb/v7e-m/nofp\libg.a(lib_a-impure.o)
                0x08008fdc                _global_impure_ptr
                0x08008fe0                . = ALIGN (0x4)

.ARM.extab      0x08008fe0        0x0
                0x08008fe0                . = ALIGN (0x4)
 *(.ARM.extab* .gnu.linkonce.armextab.*)
                0x08008fe0                . = ALIGN (0x4)

.ARM            0x08008fe0        0x8
                0x08008fe0                . = ALIGN (0x4)
                0x08008fe0                __exidx_start = .
 *(.ARM.exidx*)
 .ARM.exidx     0x08008fe0        0x8 d:/laboratory/clion/gcc/gcc-arm-none-eabi-10.3-2021.10/bin/../lib/gcc/arm-none-eabi/10.3.1/thumb/v7e-m/nofp\libgcc.a(_udivmoddi4.o)
                0x08008fe8                __exidx_end = .
                0x08008fe8                . = ALIGN (0x4)

.rel.dyn        0x08008fe8        0x0
 .rel.iplt      0x08008fe8        0x0 d:/laboratory/clion/gcc/gcc-arm-none-eabi-10.3-2021.10/bin/../lib/gcc/arm-none-eabi/10.3.1/thumb/v7e-m/nofp/crtbegin.o

.preinit_array  0x08008fe8        0x0
                0x08008fe8                . = ALIGN (0x4)
                0x08008fe8                PROVIDE (__preinit_array_start = .)
 *(.preinit_array*)
                0x08008fe8                PROVIDE (__preinit_array_end = .)
                0x08008fe8                . = ALIGN (0x4)

.init_array     0x08008fe8        0x8
                0x08008fe8                . = ALIGN (0x4)
                0x08008fe8                PROVIDE (__init_array_start = .)
 *(SORT_BY_NAME(.init_array.*))
 .init_array.00000
                0x08008fe8        0x4 d:/laboratory/clion/gcc/gcc-arm-none-eabi-10.3-2021.10/bin/../lib/gcc/arm-none-eabi/10.3.1/../../../../arm-none-eabi/lib/thumb/v7e-m/nofp\libg.a(lib_a-__call_atexit.o)
 *(.init_array*)
 .init_array    0x08008fec        0x4 d:/laboratory/clion/gcc/gcc-arm-none-eabi-10.3-2021.10/bin/../lib/gcc/arm-none-eabi/10.3.1/thumb/v7e-m/nofp/crtbegin.o
                0x08008ff0                PROVIDE (__init_array_end = .)
                0x08008ff0                . = ALIGN (0x4)

.fini_array     0x08008ff0        0x4
                0x08008ff0                . = ALIGN (0x4)
                0x08008ff0                PROVIDE (__fini_array_start = .)
 *(SORT_BY_NAME(.fini_array.*))
 *(.fini_array*)
 .fini_array    0x08008ff0        0x4 d:/laboratory/clion/gcc/gcc-arm-none-eabi-10.3-2021.10/bin/../lib/gcc/arm-none-eabi/10.3.1/thumb/v7e-m/nofp/crtbegin.o
                0x08008ff4                PROVIDE (__fini_array_end = .)
                0x08008ff4                . = ALIGN (0x4)
                0x08008ff4                _sidata = LOADADDR (.data)

.data           0x20000000      0x494 load address 0x08008ff4
                0x20000000                . = ALIGN (0x4)
                0x20000000                _sdata = .
 *(.data)
 *(.data*)
 .data.SystemCoreClock
                0x20000000        0x4 CMakeFiles/Template.elf.dir/Core/Src/system_stm32f4xx.c.obj
                0x20000000                SystemCoreClock
 .data.uwTickFreq
                0x20000004        0x1 CMakeFiles/Template.elf.dir/Drivers/STM32F4xx_HAL_Driver/Src/stm32f4xx_hal.c.obj
                0x20000004                uwTickFreq
 *fill*         0x20000005        0x3 
 .data.uwTickPrio
                0x20000008        0x4 CMakeFiles/Template.elf.dir/Drivers/STM32F4xx_HAL_Driver/Src/stm32f4xx_hal.c.obj
                0x20000008                uwTickPrio
 .data.g_back_color
                0x2000000c        0x4 CMakeFiles/Template.elf.dir/LCD/lcd.c.obj
                0x2000000c                g_back_color
 .data.sched_tasks
                0x20000010       0x54 CMakeFiles/Template.elf.dir/Myapp/Src/scheduler.c.obj
 *fill*         0x20000064        0x4 
 .data.impure_data
                0x20000068      0x428 d:/laboratory/clion/gcc/gcc-arm-none-eabi-10.3-2021.10/bin/../lib/gcc/arm-none-eabi/10.3.1/../../../../arm-none-eabi/lib/thumb/v7e-m/nofp\libg.a(lib_a-impure.o)
 .data.__atexit_recursive_mutex
                0x20000490        0x4 d:/laboratory/clion/gcc/gcc-arm-none-eabi-10.3-2021.10/bin/../lib/gcc/arm-none-eabi/10.3.1/../../../../arm-none-eabi/lib/thumb/v7e-m/nofp\libg.a(lib_a-__call_atexit.o)
                0x20000490                __atexit_recursive_mutex
 *(.RamFunc)
 *(.RamFunc*)
                0x20000494                . = ALIGN (0x4)
                0x20000494                _edata = .
                0x08009488                _siccmram = LOADADDR (.ccmram)

.igot.plt       0x20000494        0x0 load address 0x08009488
 .igot.plt      0x20000494        0x0 d:/laboratory/clion/gcc/gcc-arm-none-eabi-10.3-2021.10/bin/../lib/gcc/arm-none-eabi/10.3.1/thumb/v7e-m/nofp/crtbegin.o

.ccmram         0x10000000        0x0 load address 0x08009488
                0x10000000                . = ALIGN (0x4)
                0x10000000                _sccmram = .
 *(.ccmram)
 *(.ccmram*)
                0x10000000                . = ALIGN (0x4)
                0x10000000                _eccmram = .
                0x10000000                . = ALIGN (0x4)

.bss            0x20000494      0x9fc
                0x20000494                _sbss = .
                0x20000494                __bss_start__ = _sbss
 *(.bss)
 .bss           0x20000494       0x1c d:/laboratory/clion/gcc/gcc-arm-none-eabi-10.3-2021.10/bin/../lib/gcc/arm-none-eabi/10.3.1/thumb/v7e-m/nofp/crtbegin.o
 *(.bss*)
 .bss.hadc1     0x200004b0       0x48 CMakeFiles/Template.elf.dir/Core/Src/adc.c.obj
                0x200004b0                hadc1
 .bss.FSMC_Initialized
                0x200004f8        0x4 CMakeFiles/Template.elf.dir/Core/Src/fsmc.c.obj
 .bss.hsram4    0x200004fc       0x50 CMakeFiles/Template.elf.dir/Core/Src/fsmc.c.obj
                0x200004fc                hsram4
 .bss.hdma_usart1_rx
                0x2000054c       0x60 CMakeFiles/Template.elf.dir/Core/Src/usart.c.obj
                0x2000054c                hdma_usart1_rx
 .bss.hdma_usart1_tx
                0x200005ac       0x60 CMakeFiles/Template.elf.dir/Core/Src/usart.c.obj
                0x200005ac                hdma_usart1_tx
 .bss.huart1    0x2000060c       0x44 CMakeFiles/Template.elf.dir/Core/Src/usart.c.obj
                0x2000060c                huart1
 .bss.uwTick    0x20000650        0x4 CMakeFiles/Template.elf.dir/Drivers/STM32F4xx_HAL_Driver/Src/stm32f4xx_hal.c.obj
                0x20000650                uwTick
 .bss.g_sram_handle
                0x20000654       0x50 CMakeFiles/Template.elf.dir/LCD/lcd.c.obj
                0x20000654                g_sram_handle
 .bss.lcddev    0x200006a4        0xe CMakeFiles/Template.elf.dir/LCD/lcd.c.obj
                0x200006a4                lcddev
 *fill*         0x200006b2        0x2 
 .bss.ADC_Value
                0x200006b4        0x4 CMakeFiles/Template.elf.dir/Myapp/Src/scheduler.c.obj
                0x200006b4                ADC_Value
 .bss.ms        0x200006b8        0x2 CMakeFiles/Template.elf.dir/Myapp/Src/scheduler.c.obj
                0x200006b8                ms
 *fill*         0x200006ba        0x2 
 .bss.temp      0x200006bc      0x7d0 CMakeFiles/Template.elf.dir/Myapp/Src/scheduler.c.obj
                0x200006bc                temp
 .bss.__lock___atexit_recursive_mutex
                0x20000e8c        0x1 d:/laboratory/clion/gcc/gcc-arm-none-eabi-10.3-2021.10/bin/../lib/gcc/arm-none-eabi/10.3.1/../../../../arm-none-eabi/lib/thumb/v7e-m/nofp\libg.a(lib_a-lock.o)
                0x20000e8c                __lock___atexit_recursive_mutex
 *(COMMON)
                0x20000e90                . = ALIGN (0x4)
 *fill*         0x20000e8d        0x3 
                0x20000e90                _ebss = .
                0x20000e90                __bss_end__ = _ebss

._user_heap_stack
                0x20000e90      0x600
                0x20000e90                . = ALIGN (0x8)
                [!provide]                PROVIDE (end = .)
                0x20000e90                PROVIDE (_end = .)
                0x20001090                . = (. + _Min_Heap_Size)
 *fill*         0x20000e90      0x200 
                0x20001490                . = (. + _Min_Stack_Size)
 *fill*         0x20001090      0x400 
                0x20001490                . = ALIGN (0x8)

/DISCARD/
 libc.a(*)
 libm.a(*)
 libgcc.a(*)

.ARM.attributes
                0x00000000       0x2a
 *(.ARM.attributes)
 .ARM.attributes
                0x00000000       0x1e d:/laboratory/clion/gcc/gcc-arm-none-eabi-10.3-2021.10/bin/../lib/gcc/arm-none-eabi/10.3.1/thumb/v7e-m/nofp/crti.o
 .ARM.attributes
                0x0000001e       0x2e d:/laboratory/clion/gcc/gcc-arm-none-eabi-10.3-2021.10/bin/../lib/gcc/arm-none-eabi/10.3.1/thumb/v7e-m/nofp/crtbegin.o
 .ARM.attributes
                0x0000004c       0x2e CMakeFiles/Template.elf.dir/Core/Src/adc.c.obj
 .ARM.attributes
                0x0000007a       0x2e CMakeFiles/Template.elf.dir/Core/Src/dma.c.obj
 .ARM.attributes
                0x000000a8       0x2e CMakeFiles/Template.elf.dir/Core/Src/fsmc.c.obj
 .ARM.attributes
                0x000000d6       0x2e CMakeFiles/Template.elf.dir/Core/Src/gpio.c.obj
 .ARM.attributes
                0x00000104       0x2e CMakeFiles/Template.elf.dir/Core/Src/main.c.obj
 .ARM.attributes
                0x00000132       0x2e CMakeFiles/Template.elf.dir/Core/Src/stm32f4xx_hal_msp.c.obj
 .ARM.attributes
                0x00000160       0x2e CMakeFiles/Template.elf.dir/Core/Src/stm32f4xx_it.c.obj
 .ARM.attributes
                0x0000018e       0x2e CMakeFiles/Template.elf.dir/Core/Src/system_stm32f4xx.c.obj
 .ARM.attributes
                0x000001bc       0x2e CMakeFiles/Template.elf.dir/Core/Src/usart.c.obj
 .ARM.attributes
                0x000001ea       0x21 CMakeFiles/Template.elf.dir/Core/Startup/startup_stm32f407zgtx.s.obj
 .ARM.attributes
                0x0000020b       0x2e CMakeFiles/Template.elf.dir/Drivers/STM32F4xx_HAL_Driver/Src/stm32f4xx_hal.c.obj
 .ARM.attributes
                0x00000239       0x2e CMakeFiles/Template.elf.dir/Drivers/STM32F4xx_HAL_Driver/Src/stm32f4xx_hal_adc.c.obj
 .ARM.attributes
                0x00000267       0x2e CMakeFiles/Template.elf.dir/Drivers/STM32F4xx_HAL_Driver/Src/stm32f4xx_hal_cortex.c.obj
 .ARM.attributes
                0x00000295       0x2e CMakeFiles/Template.elf.dir/Drivers/STM32F4xx_HAL_Driver/Src/stm32f4xx_hal_dma.c.obj
 .ARM.attributes
                0x000002c3       0x2e CMakeFiles/Template.elf.dir/Drivers/STM32F4xx_HAL_Driver/Src/stm32f4xx_hal_gpio.c.obj
 .ARM.attributes
                0x000002f1       0x2e CMakeFiles/Template.elf.dir/Drivers/STM32F4xx_HAL_Driver/Src/stm32f4xx_hal_rcc.c.obj
 .ARM.attributes
                0x0000031f       0x2e CMakeFiles/Template.elf.dir/Drivers/STM32F4xx_HAL_Driver/Src/stm32f4xx_hal_sram.c.obj
 .ARM.attributes
                0x0000034d       0x2e CMakeFiles/Template.elf.dir/Drivers/STM32F4xx_HAL_Driver/Src/stm32f4xx_hal_uart.c.obj
 .ARM.attributes
                0x0000037b       0x2e CMakeFiles/Template.elf.dir/Drivers/STM32F4xx_HAL_Driver/Src/stm32f4xx_ll_fsmc.c.obj
 .ARM.attributes
                0x000003a9       0x2e CMakeFiles/Template.elf.dir/LCD/lcd.c.obj
 .ARM.attributes
                0x000003d7       0x2e CMakeFiles/Template.elf.dir/Myapp/Src/delay.c.obj
 .ARM.attributes
                0x00000405       0x2e CMakeFiles/Template.elf.dir/Myapp/Src/scheduler.c.obj
 .ARM.attributes
                0x00000433       0x1e d:/laboratory/clion/gcc/gcc-arm-none-eabi-10.3-2021.10/bin/../lib/gcc/arm-none-eabi/10.3.1/thumb/v7e-m/nofp\libgcc.a(_arm_muldf3.o)
 .ARM.attributes
                0x00000451       0x1e d:/laboratory/clion/gcc/gcc-arm-none-eabi-10.3-2021.10/bin/../lib/gcc/arm-none-eabi/10.3.1/thumb/v7e-m/nofp\libgcc.a(_arm_addsubdf3.o)
 .ARM.attributes
                0x0000046f       0x1e d:/laboratory/clion/gcc/gcc-arm-none-eabi-10.3-2021.10/bin/../lib/gcc/arm-none-eabi/10.3.1/thumb/v7e-m/nofp\libgcc.a(_arm_fixunsdfsi.o)
 .ARM.attributes
                0x0000048d       0x1e d:/laboratory/clion/gcc/gcc-arm-none-eabi-10.3-2021.10/bin/../lib/gcc/arm-none-eabi/10.3.1/thumb/v7e-m/nofp\libgcc.a(_aeabi_uldivmod.o)
 .ARM.attributes
                0x000004ab       0x2e d:/laboratory/clion/gcc/gcc-arm-none-eabi-10.3-2021.10/bin/../lib/gcc/arm-none-eabi/10.3.1/thumb/v7e-m/nofp\libgcc.a(_udivmoddi4.o)
 .ARM.attributes
                0x000004d9       0x1e d:/laboratory/clion/gcc/gcc-arm-none-eabi-10.3-2021.10/bin/../lib/gcc/arm-none-eabi/10.3.1/thumb/v7e-m/nofp\libgcc.a(_dvmd_tls.o)
 .ARM.attributes
                0x000004f7       0x2e d:/laboratory/clion/gcc/gcc-arm-none-eabi-10.3-2021.10/bin/../lib/gcc/arm-none-eabi/10.3.1/../../../../arm-none-eabi/lib/thumb/v7e-m/nofp\libg.a(lib_a-impure.o)
 .ARM.attributes
                0x00000525       0x2e d:/laboratory/clion/gcc/gcc-arm-none-eabi-10.3-2021.10/bin/../lib/gcc/arm-none-eabi/10.3.1/../../../../arm-none-eabi/lib/thumb/v7e-m/nofp\libg.a(lib_a-init.o)
 .ARM.attributes
                0x00000553       0x2e d:/laboratory/clion/gcc/gcc-arm-none-eabi-10.3-2021.10/bin/../lib/gcc/arm-none-eabi/10.3.1/../../../../arm-none-eabi/lib/thumb/v7e-m/nofp\libg.a(lib_a-memset.o)
 .ARM.attributes
                0x00000581       0x2e d:/laboratory/clion/gcc/gcc-arm-none-eabi-10.3-2021.10/bin/../lib/gcc/arm-none-eabi/10.3.1/../../../../arm-none-eabi/lib/thumb/v7e-m/nofp\libg.a(lib_a-__call_atexit.o)
 .ARM.attributes
                0x000005af       0x2e d:/laboratory/clion/gcc/gcc-arm-none-eabi-10.3-2021.10/bin/../lib/gcc/arm-none-eabi/10.3.1/../../../../arm-none-eabi/lib/thumb/v7e-m/nofp\libg.a(lib_a-atexit.o)
 .ARM.attributes
                0x000005dd       0x2e d:/laboratory/clion/gcc/gcc-arm-none-eabi-10.3-2021.10/bin/../lib/gcc/arm-none-eabi/10.3.1/../../../../arm-none-eabi/lib/thumb/v7e-m/nofp\libg.a(lib_a-fini.o)
 .ARM.attributes
                0x0000060b       0x2e d:/laboratory/clion/gcc/gcc-arm-none-eabi-10.3-2021.10/bin/../lib/gcc/arm-none-eabi/10.3.1/../../../../arm-none-eabi/lib/thumb/v7e-m/nofp\libg.a(lib_a-lock.o)
 .ARM.attributes
                0x00000639       0x2e d:/laboratory/clion/gcc/gcc-arm-none-eabi-10.3-2021.10/bin/../lib/gcc/arm-none-eabi/10.3.1/../../../../arm-none-eabi/lib/thumb/v7e-m/nofp\libg.a(lib_a-__atexit.o)
 .ARM.attributes
                0x00000667       0x1e d:/laboratory/clion/gcc/gcc-arm-none-eabi-10.3-2021.10/bin/../lib/gcc/arm-none-eabi/10.3.1/thumb/v7e-m/nofp/crtn.o
OUTPUT(Template.elf elf32-littlearm)
LOAD linker stubs
LOAD d:/laboratory/clion/gcc/gcc-arm-none-eabi-10.3-2021.10/bin/../lib/gcc/arm-none-eabi/10.3.1/../../../../arm-none-eabi/lib/thumb/v7e-m/nofp\libc.a
LOAD d:/laboratory/clion/gcc/gcc-arm-none-eabi-10.3-2021.10/bin/../lib/gcc/arm-none-eabi/10.3.1/../../../../arm-none-eabi/lib/thumb/v7e-m/nofp\libm.a
LOAD d:/laboratory/clion/gcc/gcc-arm-none-eabi-10.3-2021.10/bin/../lib/gcc/arm-none-eabi/10.3.1/thumb/v7e-m/nofp\libgcc.a

.debug_info     0x00000000    0x1898c
 .debug_info    0x00000000      0xa65 CMakeFiles/Template.elf.dir/Core/Src/adc.c.obj
 .debug_info    0x00000a65      0x532 CMakeFiles/Template.elf.dir/Core/Src/dma.c.obj
 .debug_info    0x00000f97      0xb2b CMakeFiles/Template.elf.dir/Core/Src/fsmc.c.obj
 .debug_info    0x00001ac2      0x548 CMakeFiles/Template.elf.dir/Core/Src/gpio.c.obj
 .debug_info    0x0000200a      0xbfd CMakeFiles/Template.elf.dir/Core/Src/main.c.obj
 .debug_info    0x00002c07      0x2a4 CMakeFiles/Template.elf.dir/Core/Src/stm32f4xx_hal_msp.c.obj
 .debug_info    0x00002eab      0x6da CMakeFiles/Template.elf.dir/Core/Src/stm32f4xx_it.c.obj
 .debug_info    0x00003585      0x37d CMakeFiles/Template.elf.dir/Core/Src/system_stm32f4xx.c.obj
 .debug_info    0x00003902      0xcf5 CMakeFiles/Template.elf.dir/Core/Src/usart.c.obj
 .debug_info    0x000045f7       0x22 CMakeFiles/Template.elf.dir/Core/Startup/startup_stm32f407zgtx.s.obj
 .debug_info    0x00004619      0x9f0 CMakeFiles/Template.elf.dir/Drivers/STM32F4xx_HAL_Driver/Src/stm32f4xx_hal.c.obj
 .debug_info    0x00005009      0xee1 CMakeFiles/Template.elf.dir/Drivers/STM32F4xx_HAL_Driver/Src/stm32f4xx_hal_adc.c.obj
 .debug_info    0x00005eea     0x1098 CMakeFiles/Template.elf.dir/Drivers/STM32F4xx_HAL_Driver/Src/stm32f4xx_hal_cortex.c.obj
 .debug_info    0x00006f82      0xb3f CMakeFiles/Template.elf.dir/Drivers/STM32F4xx_HAL_Driver/Src/stm32f4xx_hal_dma.c.obj
 .debug_info    0x00007ac1      0x7b0 CMakeFiles/Template.elf.dir/Drivers/STM32F4xx_HAL_Driver/Src/stm32f4xx_hal_gpio.c.obj
 .debug_info    0x00008271      0xb03 CMakeFiles/Template.elf.dir/Drivers/STM32F4xx_HAL_Driver/Src/stm32f4xx_hal_rcc.c.obj
 .debug_info    0x00008d74      0xf65 CMakeFiles/Template.elf.dir/Drivers/STM32F4xx_HAL_Driver/Src/stm32f4xx_hal_sram.c.obj
 .debug_info    0x00009cd9     0x424e CMakeFiles/Template.elf.dir/Drivers/STM32F4xx_HAL_Driver/Src/stm32f4xx_hal_uart.c.obj
 .debug_info    0x0000df27      0xace CMakeFiles/Template.elf.dir/Drivers/STM32F4xx_HAL_Driver/Src/stm32f4xx_ll_fsmc.c.obj
 .debug_info    0x0000e9f5     0x9480 CMakeFiles/Template.elf.dir/LCD/lcd.c.obj
 .debug_info    0x00017e75      0x17d CMakeFiles/Template.elf.dir/Myapp/Src/delay.c.obj
 .debug_info    0x00017ff2      0x99a CMakeFiles/Template.elf.dir/Myapp/Src/scheduler.c.obj

.debug_abbrev   0x00000000     0x29ee
 .debug_abbrev  0x00000000      0x1d3 CMakeFiles/Template.elf.dir/Core/Src/adc.c.obj
 .debug_abbrev  0x000001d3      0x126 CMakeFiles/Template.elf.dir/Core/Src/dma.c.obj
 .debug_abbrev  0x000002f9      0x1da CMakeFiles/Template.elf.dir/Core/Src/fsmc.c.obj
 .debug_abbrev  0x000004d3      0x14e CMakeFiles/Template.elf.dir/Core/Src/gpio.c.obj
 .debug_abbrev  0x00000621      0x249 CMakeFiles/Template.elf.dir/Core/Src/main.c.obj
 .debug_abbrev  0x0000086a       0xd1 CMakeFiles/Template.elf.dir/Core/Src/stm32f4xx_hal_msp.c.obj
 .debug_abbrev  0x0000093b      0x16e CMakeFiles/Template.elf.dir/Core/Src/stm32f4xx_it.c.obj
 .debug_abbrev  0x00000aa9      0x119 CMakeFiles/Template.elf.dir/Core/Src/system_stm32f4xx.c.obj
 .debug_abbrev  0x00000bc2      0x1f6 CMakeFiles/Template.elf.dir/Core/Src/usart.c.obj
 .debug_abbrev  0x00000db8       0x12 CMakeFiles/Template.elf.dir/Core/Startup/startup_stm32f407zgtx.s.obj
 .debug_abbrev  0x00000dca      0x206 CMakeFiles/Template.elf.dir/Drivers/STM32F4xx_HAL_Driver/Src/stm32f4xx_hal.c.obj
 .debug_abbrev  0x00000fd0      0x23a CMakeFiles/Template.elf.dir/Drivers/STM32F4xx_HAL_Driver/Src/stm32f4xx_hal_adc.c.obj
 .debug_abbrev  0x0000120a      0x36a CMakeFiles/Template.elf.dir/Drivers/STM32F4xx_HAL_Driver/Src/stm32f4xx_hal_cortex.c.obj
 .debug_abbrev  0x00001574      0x2c2 CMakeFiles/Template.elf.dir/Drivers/STM32F4xx_HAL_Driver/Src/stm32f4xx_hal_dma.c.obj
 .debug_abbrev  0x00001836      0x1ef CMakeFiles/Template.elf.dir/Drivers/STM32F4xx_HAL_Driver/Src/stm32f4xx_hal_gpio.c.obj
 .debug_abbrev  0x00001a25      0x28a CMakeFiles/Template.elf.dir/Drivers/STM32F4xx_HAL_Driver/Src/stm32f4xx_hal_rcc.c.obj
 .debug_abbrev  0x00001caf      0x200 CMakeFiles/Template.elf.dir/Drivers/STM32F4xx_HAL_Driver/Src/stm32f4xx_hal_sram.c.obj
 .debug_abbrev  0x00001eaf      0x2fd CMakeFiles/Template.elf.dir/Drivers/STM32F4xx_HAL_Driver/Src/stm32f4xx_hal_uart.c.obj
 .debug_abbrev  0x000021ac      0x19b CMakeFiles/Template.elf.dir/Drivers/STM32F4xx_HAL_Driver/Src/stm32f4xx_ll_fsmc.c.obj
 .debug_abbrev  0x00002347      0x350 CMakeFiles/Template.elf.dir/LCD/lcd.c.obj
 .debug_abbrev  0x00002697      0x104 CMakeFiles/Template.elf.dir/Myapp/Src/delay.c.obj
 .debug_abbrev  0x0000279b      0x253 CMakeFiles/Template.elf.dir/Myapp/Src/scheduler.c.obj

.debug_loc      0x00000000     0xa61f
 .debug_loc     0x00000000       0x84 CMakeFiles/Template.elf.dir/Core/Src/adc.c.obj
 .debug_loc     0x00000084       0x4a CMakeFiles/Template.elf.dir/Core/Src/fsmc.c.obj
 .debug_loc     0x000000ce       0xcd CMakeFiles/Template.elf.dir/Core/Src/main.c.obj
 .debug_loc     0x0000019b      0x158 CMakeFiles/Template.elf.dir/Core/Src/system_stm32f4xx.c.obj
 .debug_loc     0x000002f3       0x71 CMakeFiles/Template.elf.dir/Core/Src/usart.c.obj
 .debug_loc     0x00000364      0x141 CMakeFiles/Template.elf.dir/Drivers/STM32F4xx_HAL_Driver/Src/stm32f4xx_hal.c.obj
 .debug_loc     0x000004a5      0xba1 CMakeFiles/Template.elf.dir/Drivers/STM32F4xx_HAL_Driver/Src/stm32f4xx_hal_adc.c.obj
 .debug_loc     0x00001046      0x744 CMakeFiles/Template.elf.dir/Drivers/STM32F4xx_HAL_Driver/Src/stm32f4xx_hal_cortex.c.obj
 .debug_loc     0x0000178a      0xbf9 CMakeFiles/Template.elf.dir/Drivers/STM32F4xx_HAL_Driver/Src/stm32f4xx_hal_dma.c.obj
 .debug_loc     0x00002383      0x520 CMakeFiles/Template.elf.dir/Drivers/STM32F4xx_HAL_Driver/Src/stm32f4xx_hal_gpio.c.obj
 .debug_loc     0x000028a3      0x58c CMakeFiles/Template.elf.dir/Drivers/STM32F4xx_HAL_Driver/Src/stm32f4xx_hal_rcc.c.obj
 .debug_loc     0x00002e2f      0xe92 CMakeFiles/Template.elf.dir/Drivers/STM32F4xx_HAL_Driver/Src/stm32f4xx_hal_sram.c.obj
 .debug_loc     0x00003cc1     0x49ab CMakeFiles/Template.elf.dir/Drivers/STM32F4xx_HAL_Driver/Src/stm32f4xx_hal_uart.c.obj
 .debug_loc     0x0000866c      0x5d9 CMakeFiles/Template.elf.dir/Drivers/STM32F4xx_HAL_Driver/Src/stm32f4xx_ll_fsmc.c.obj
 .debug_loc     0x00008c45     0x18f8 CMakeFiles/Template.elf.dir/LCD/lcd.c.obj
 .debug_loc     0x0000a53d       0x6d CMakeFiles/Template.elf.dir/Myapp/Src/delay.c.obj
 .debug_loc     0x0000a5aa       0x75 CMakeFiles/Template.elf.dir/Myapp/Src/scheduler.c.obj

.debug_aranges  0x00000000      0xb18
 .debug_aranges
                0x00000000       0x30 CMakeFiles/Template.elf.dir/Core/Src/adc.c.obj
 .debug_aranges
                0x00000030       0x20 CMakeFiles/Template.elf.dir/Core/Src/dma.c.obj
 .debug_aranges
                0x00000050       0x40 CMakeFiles/Template.elf.dir/Core/Src/fsmc.c.obj
 .debug_aranges
                0x00000090       0x20 CMakeFiles/Template.elf.dir/Core/Src/gpio.c.obj
 .debug_aranges
                0x000000b0       0x40 CMakeFiles/Template.elf.dir/Core/Src/main.c.obj
 .debug_aranges
                0x000000f0       0x20 CMakeFiles/Template.elf.dir/Core/Src/stm32f4xx_hal_msp.c.obj
 .debug_aranges
                0x00000110       0x78 CMakeFiles/Template.elf.dir/Core/Src/stm32f4xx_it.c.obj
 .debug_aranges
                0x00000188       0x28 CMakeFiles/Template.elf.dir/Core/Src/system_stm32f4xx.c.obj
 .debug_aranges
                0x000001b0       0x30 CMakeFiles/Template.elf.dir/Core/Src/usart.c.obj
 .debug_aranges
                0x000001e0       0x28 CMakeFiles/Template.elf.dir/Core/Startup/startup_stm32f407zgtx.s.obj
 .debug_aranges
                0x00000208       0xf0 CMakeFiles/Template.elf.dir/Drivers/STM32F4xx_HAL_Driver/Src/stm32f4xx_hal.c.obj
 .debug_aranges
                0x000002f8       0xe8 CMakeFiles/Template.elf.dir/Drivers/STM32F4xx_HAL_Driver/Src/stm32f4xx_hal_adc.c.obj
 .debug_aranges
                0x000003e0       0xa8 CMakeFiles/Template.elf.dir/Drivers/STM32F4xx_HAL_Driver/Src/stm32f4xx_hal_cortex.c.obj
 .debug_aranges
                0x00000488       0x90 CMakeFiles/Template.elf.dir/Drivers/STM32F4xx_HAL_Driver/Src/stm32f4xx_hal_dma.c.obj
 .debug_aranges
                0x00000518       0x58 CMakeFiles/Template.elf.dir/Drivers/STM32F4xx_HAL_Driver/Src/stm32f4xx_hal_gpio.c.obj
 .debug_aranges
                0x00000570       0x88 CMakeFiles/Template.elf.dir/Drivers/STM32F4xx_HAL_Driver/Src/stm32f4xx_hal_rcc.c.obj
 .debug_aranges
                0x000005f8       0xb8 CMakeFiles/Template.elf.dir/Drivers/STM32F4xx_HAL_Driver/Src/stm32f4xx_hal_sram.c.obj
 .debug_aranges
                0x000006b0      0x200 CMakeFiles/Template.elf.dir/Drivers/STM32F4xx_HAL_Driver/Src/stm32f4xx_hal_uart.c.obj
 .debug_aranges
                0x000008b0       0xa8 CMakeFiles/Template.elf.dir/Drivers/STM32F4xx_HAL_Driver/Src/stm32f4xx_ll_fsmc.c.obj
 .debug_aranges
                0x00000958      0x130 CMakeFiles/Template.elf.dir/LCD/lcd.c.obj
 .debug_aranges
                0x00000a88       0x30 CMakeFiles/Template.elf.dir/Myapp/Src/delay.c.obj
 .debug_aranges
                0x00000ab8       0x60 CMakeFiles/Template.elf.dir/Myapp/Src/scheduler.c.obj

.debug_ranges   0x00000000      0xa50
 .debug_ranges  0x00000000       0x20 CMakeFiles/Template.elf.dir/Core/Src/adc.c.obj
 .debug_ranges  0x00000020       0x10 CMakeFiles/Template.elf.dir/Core/Src/dma.c.obj
 .debug_ranges  0x00000030       0x30 CMakeFiles/Template.elf.dir/Core/Src/fsmc.c.obj
 .debug_ranges  0x00000060       0x10 CMakeFiles/Template.elf.dir/Core/Src/gpio.c.obj
 .debug_ranges  0x00000070       0x30 CMakeFiles/Template.elf.dir/Core/Src/main.c.obj
 .debug_ranges  0x000000a0       0x10 CMakeFiles/Template.elf.dir/Core/Src/stm32f4xx_hal_msp.c.obj
 .debug_ranges  0x000000b0       0x68 CMakeFiles/Template.elf.dir/Core/Src/stm32f4xx_it.c.obj
 .debug_ranges  0x00000118       0x18 CMakeFiles/Template.elf.dir/Core/Src/system_stm32f4xx.c.obj
 .debug_ranges  0x00000130       0x20 CMakeFiles/Template.elf.dir/Core/Src/usart.c.obj
 .debug_ranges  0x00000150       0x20 CMakeFiles/Template.elf.dir/Core/Startup/startup_stm32f407zgtx.s.obj
 .debug_ranges  0x00000170       0xe0 CMakeFiles/Template.elf.dir/Drivers/STM32F4xx_HAL_Driver/Src/stm32f4xx_hal.c.obj
 .debug_ranges  0x00000250       0xd8 CMakeFiles/Template.elf.dir/Drivers/STM32F4xx_HAL_Driver/Src/stm32f4xx_hal_adc.c.obj
 .debug_ranges  0x00000328       0xf8 CMakeFiles/Template.elf.dir/Drivers/STM32F4xx_HAL_Driver/Src/stm32f4xx_hal_cortex.c.obj
 .debug_ranges  0x00000420       0x80 CMakeFiles/Template.elf.dir/Drivers/STM32F4xx_HAL_Driver/Src/stm32f4xx_hal_dma.c.obj
 .debug_ranges  0x000004a0       0x48 CMakeFiles/Template.elf.dir/Drivers/STM32F4xx_HAL_Driver/Src/stm32f4xx_hal_gpio.c.obj
 .debug_ranges  0x000004e8       0x90 CMakeFiles/Template.elf.dir/Drivers/STM32F4xx_HAL_Driver/Src/stm32f4xx_hal_rcc.c.obj
 .debug_ranges  0x00000578       0xa8 CMakeFiles/Template.elf.dir/Drivers/STM32F4xx_HAL_Driver/Src/stm32f4xx_hal_sram.c.obj
 .debug_ranges  0x00000620      0x208 CMakeFiles/Template.elf.dir/Drivers/STM32F4xx_HAL_Driver/Src/stm32f4xx_hal_uart.c.obj
 .debug_ranges  0x00000828       0x98 CMakeFiles/Template.elf.dir/Drivers/STM32F4xx_HAL_Driver/Src/stm32f4xx_ll_fsmc.c.obj
 .debug_ranges  0x000008c0      0x120 CMakeFiles/Template.elf.dir/LCD/lcd.c.obj
 .debug_ranges  0x000009e0       0x20 CMakeFiles/Template.elf.dir/Myapp/Src/delay.c.obj
 .debug_ranges  0x00000a00       0x50 CMakeFiles/Template.elf.dir/Myapp/Src/scheduler.c.obj

.debug_line     0x00000000     0xd755
 .debug_line    0x00000000      0x384 CMakeFiles/Template.elf.dir/Core/Src/adc.c.obj
 .debug_line    0x00000384      0x1e1 CMakeFiles/Template.elf.dir/Core/Src/dma.c.obj
 .debug_line    0x00000565      0x4b2 CMakeFiles/Template.elf.dir/Core/Src/fsmc.c.obj
 .debug_line    0x00000a17      0x26b CMakeFiles/Template.elf.dir/Core/Src/gpio.c.obj
 .debug_line    0x00000c82      0x4d2 CMakeFiles/Template.elf.dir/Core/Src/main.c.obj
 .debug_line    0x00001154      0x19a CMakeFiles/Template.elf.dir/Core/Src/stm32f4xx_hal_msp.c.obj
 .debug_line    0x000012ee      0x35e CMakeFiles/Template.elf.dir/Core/Src/stm32f4xx_it.c.obj
 .debug_line    0x0000164c      0x263 CMakeFiles/Template.elf.dir/Core/Src/system_stm32f4xx.c.obj
 .debug_line    0x000018af      0x423 CMakeFiles/Template.elf.dir/Core/Src/usart.c.obj
 .debug_line    0x00001cd2       0xa1 CMakeFiles/Template.elf.dir/Core/Startup/startup_stm32f407zgtx.s.obj
 .debug_line    0x00001d73      0x5dd CMakeFiles/Template.elf.dir/Drivers/STM32F4xx_HAL_Driver/Src/stm32f4xx_hal.c.obj
 .debug_line    0x00002350     0x110d CMakeFiles/Template.elf.dir/Drivers/STM32F4xx_HAL_Driver/Src/stm32f4xx_hal_adc.c.obj
 .debug_line    0x0000345d      0x7f0 CMakeFiles/Template.elf.dir/Drivers/STM32F4xx_HAL_Driver/Src/stm32f4xx_hal_cortex.c.obj
 .debug_line    0x00003c4d      0xe81 CMakeFiles/Template.elf.dir/Drivers/STM32F4xx_HAL_Driver/Src/stm32f4xx_hal_dma.c.obj
 .debug_line    0x00004ace      0x73d CMakeFiles/Template.elf.dir/Drivers/STM32F4xx_HAL_Driver/Src/stm32f4xx_hal_gpio.c.obj
 .debug_line    0x0000520b      0xb6c CMakeFiles/Template.elf.dir/Drivers/STM32F4xx_HAL_Driver/Src/stm32f4xx_hal_rcc.c.obj
 .debug_line    0x00005d77      0xb1e CMakeFiles/Template.elf.dir/Drivers/STM32F4xx_HAL_Driver/Src/stm32f4xx_hal_sram.c.obj
 .debug_line    0x00006895     0x4666 CMakeFiles/Template.elf.dir/Drivers/STM32F4xx_HAL_Driver/Src/stm32f4xx_hal_uart.c.obj
 .debug_line    0x0000aefb      0x682 CMakeFiles/Template.elf.dir/Drivers/STM32F4xx_HAL_Driver/Src/stm32f4xx_ll_fsmc.c.obj
 .debug_line    0x0000b57d     0x1af4 CMakeFiles/Template.elf.dir/LCD/lcd.c.obj
 .debug_line    0x0000d071      0x227 CMakeFiles/Template.elf.dir/Myapp/Src/delay.c.obj
 .debug_line    0x0000d298      0x4bd CMakeFiles/Template.elf.dir/Myapp/Src/scheduler.c.obj

.debug_str      0x00000000     0x384d
 .debug_str     0x00000000      0x752 CMakeFiles/Template.elf.dir/Core/Src/adc.c.obj
                                0x7ff (size before relaxing)
 .debug_str     0x00000752      0x54d CMakeFiles/Template.elf.dir/Core/Src/dma.c.obj
                                0x7e7 (size before relaxing)
 .debug_str     0x00000c9f      0x309 CMakeFiles/Template.elf.dir/Core/Src/fsmc.c.obj
                                0x8e0 (size before relaxing)
 .debug_str     0x00000fa8       0x67 CMakeFiles/Template.elf.dir/Core/Src/gpio.c.obj
                                0x390 (size before relaxing)
 .debug_str     0x0000100f      0x3f0 CMakeFiles/Template.elf.dir/Core/Src/main.c.obj
                                0x982 (size before relaxing)
 .debug_str     0x000013ff       0x45 CMakeFiles/Template.elf.dir/Core/Src/stm32f4xx_hal_msp.c.obj
                                0x2df (size before relaxing)
 .debug_str     0x00001444      0x157 CMakeFiles/Template.elf.dir/Core/Src/stm32f4xx_it.c.obj
                                0x73c (size before relaxing)
 .debug_str     0x0000159b       0xa0 CMakeFiles/Template.elf.dir/Core/Src/system_stm32f4xx.c.obj
                                0x345 (size before relaxing)
 .debug_str     0x0000163b       0x9a CMakeFiles/Template.elf.dir/Core/Src/usart.c.obj
                                0xd84 (size before relaxing)
 .debug_str     0x000016d5       0x4f CMakeFiles/Template.elf.dir/Core/Startup/startup_stm32f407zgtx.s.obj
                                 0x7d (size before relaxing)
 .debug_str     0x00001724      0x36b CMakeFiles/Template.elf.dir/Drivers/STM32F4xx_HAL_Driver/Src/stm32f4xx_hal.c.obj
                                0xb7e (size before relaxing)
 .debug_str     0x00001a8f      0x2e9 CMakeFiles/Template.elf.dir/Drivers/STM32F4xx_HAL_Driver/Src/stm32f4xx_hal_adc.c.obj
                                0x986 (size before relaxing)
 .debug_str     0x00001d78      0x497 CMakeFiles/Template.elf.dir/Drivers/STM32F4xx_HAL_Driver/Src/stm32f4xx_hal_cortex.c.obj
                                0xc50 (size before relaxing)
 .debug_str     0x0000220f      0x2df CMakeFiles/Template.elf.dir/Drivers/STM32F4xx_HAL_Driver/Src/stm32f4xx_hal_dma.c.obj
                                0x79a (size before relaxing)
 .debug_str     0x000024ee      0x13c CMakeFiles/Template.elf.dir/Drivers/STM32F4xx_HAL_Driver/Src/stm32f4xx_hal_gpio.c.obj
                                0x504 (size before relaxing)
 .debug_str     0x0000262a      0x1bd CMakeFiles/Template.elf.dir/Drivers/STM32F4xx_HAL_Driver/Src/stm32f4xx_hal_rcc.c.obj
                                0x72a (size before relaxing)
 .debug_str     0x000027e7      0x2b2 CMakeFiles/Template.elf.dir/Drivers/STM32F4xx_HAL_Driver/Src/stm32f4xx_hal_sram.c.obj
                                0x997 (size before relaxing)
 .debug_str     0x00002a99      0x5fc CMakeFiles/Template.elf.dir/Drivers/STM32F4xx_HAL_Driver/Src/stm32f4xx_hal_uart.c.obj
                                0xd7d (size before relaxing)
 .debug_str     0x00003095      0x2d7 CMakeFiles/Template.elf.dir/Drivers/STM32F4xx_HAL_Driver/Src/stm32f4xx_ll_fsmc.c.obj
                                0x75d (size before relaxing)
 .debug_str     0x0000336c      0x3b4 CMakeFiles/Template.elf.dir/LCD/lcd.c.obj
                                0xc1d (size before relaxing)
 .debug_str     0x00003720       0x49 CMakeFiles/Template.elf.dir/Myapp/Src/delay.c.obj
                                0x22c (size before relaxing)
 .debug_str     0x00003769       0xe4 CMakeFiles/Template.elf.dir/Myapp/Src/scheduler.c.obj
                                0x796 (size before relaxing)

.comment        0x00000000       0x49
 .comment       0x00000000       0x49 CMakeFiles/Template.elf.dir/Core/Src/adc.c.obj
                                 0x4a (size before relaxing)
 .comment       0x00000049       0x4a CMakeFiles/Template.elf.dir/Core/Src/dma.c.obj
 .comment       0x00000049       0x4a CMakeFiles/Template.elf.dir/Core/Src/fsmc.c.obj
 .comment       0x00000049       0x4a CMakeFiles/Template.elf.dir/Core/Src/gpio.c.obj
 .comment       0x00000049       0x4a CMakeFiles/Template.elf.dir/Core/Src/main.c.obj
 .comment       0x00000049       0x4a CMakeFiles/Template.elf.dir/Core/Src/stm32f4xx_hal_msp.c.obj
 .comment       0x00000049       0x4a CMakeFiles/Template.elf.dir/Core/Src/stm32f4xx_it.c.obj
 .comment       0x00000049       0x4a CMakeFiles/Template.elf.dir/Core/Src/system_stm32f4xx.c.obj
 .comment       0x00000049       0x4a CMakeFiles/Template.elf.dir/Core/Src/usart.c.obj
 .comment       0x00000049       0x4a CMakeFiles/Template.elf.dir/Drivers/STM32F4xx_HAL_Driver/Src/stm32f4xx_hal.c.obj
 .comment       0x00000049       0x4a CMakeFiles/Template.elf.dir/Drivers/STM32F4xx_HAL_Driver/Src/stm32f4xx_hal_adc.c.obj
 .comment       0x00000049       0x4a CMakeFiles/Template.elf.dir/Drivers/STM32F4xx_HAL_Driver/Src/stm32f4xx_hal_cortex.c.obj
 .comment       0x00000049       0x4a CMakeFiles/Template.elf.dir/Drivers/STM32F4xx_HAL_Driver/Src/stm32f4xx_hal_dma.c.obj
 .comment       0x00000049       0x4a CMakeFiles/Template.elf.dir/Drivers/STM32F4xx_HAL_Driver/Src/stm32f4xx_hal_gpio.c.obj
 .comment       0x00000049       0x4a CMakeFiles/Template.elf.dir/Drivers/STM32F4xx_HAL_Driver/Src/stm32f4xx_hal_rcc.c.obj
 .comment       0x00000049       0x4a CMakeFiles/Template.elf.dir/Drivers/STM32F4xx_HAL_Driver/Src/stm32f4xx_hal_sram.c.obj
 .comment       0x00000049       0x4a CMakeFiles/Template.elf.dir/Drivers/STM32F4xx_HAL_Driver/Src/stm32f4xx_hal_uart.c.obj
 .comment       0x00000049       0x4a CMakeFiles/Template.elf.dir/Drivers/STM32F4xx_HAL_Driver/Src/stm32f4xx_ll_fsmc.c.obj
 .comment       0x00000049       0x4a CMakeFiles/Template.elf.dir/LCD/lcd.c.obj
 .comment       0x00000049       0x4a CMakeFiles/Template.elf.dir/Myapp/Src/delay.c.obj
 .comment       0x00000049       0x4a CMakeFiles/Template.elf.dir/Myapp/Src/scheduler.c.obj

.debug_frame    0x00000000     0x1ee4
 .debug_frame   0x00000000       0x68 CMakeFiles/Template.elf.dir/Core/Src/adc.c.obj
 .debug_frame   0x00000068       0x30 CMakeFiles/Template.elf.dir/Core/Src/dma.c.obj
 .debug_frame   0x00000098       0xa4 CMakeFiles/Template.elf.dir/Core/Src/fsmc.c.obj
 .debug_frame   0x0000013c       0x34 CMakeFiles/Template.elf.dir/Core/Src/gpio.c.obj
 .debug_frame   0x00000170       0x94 CMakeFiles/Template.elf.dir/Core/Src/main.c.obj
 .debug_frame   0x00000204       0x28 CMakeFiles/Template.elf.dir/Core/Src/stm32f4xx_hal_msp.c.obj
 .debug_frame   0x0000022c       0xf0 CMakeFiles/Template.elf.dir/Core/Src/stm32f4xx_it.c.obj
 .debug_frame   0x0000031c       0x30 CMakeFiles/Template.elf.dir/Core/Src/system_stm32f4xx.c.obj
 .debug_frame   0x0000034c       0x64 CMakeFiles/Template.elf.dir/Core/Src/usart.c.obj
 .debug_frame   0x000003b0      0x1ec CMakeFiles/Template.elf.dir/Drivers/STM32F4xx_HAL_Driver/Src/stm32f4xx_hal.c.obj
 .debug_frame   0x0000059c      0x268 CMakeFiles/Template.elf.dir/Drivers/STM32F4xx_HAL_Driver/Src/stm32f4xx_hal_adc.c.obj
 .debug_frame   0x00000804      0x148 CMakeFiles/Template.elf.dir/Drivers/STM32F4xx_HAL_Driver/Src/stm32f4xx_hal_cortex.c.obj
 .debug_frame   0x0000094c      0x188 CMakeFiles/Template.elf.dir/Drivers/STM32F4xx_HAL_Driver/Src/stm32f4xx_hal_dma.c.obj
 .debug_frame   0x00000ad4       0xd8 CMakeFiles/Template.elf.dir/Drivers/STM32F4xx_HAL_Driver/Src/stm32f4xx_hal_gpio.c.obj
 .debug_frame   0x00000bac      0x16c CMakeFiles/Template.elf.dir/Drivers/STM32F4xx_HAL_Driver/Src/stm32f4xx_hal_rcc.c.obj
 .debug_frame   0x00000d18      0x1f8 CMakeFiles/Template.elf.dir/Drivers/STM32F4xx_HAL_Driver/Src/stm32f4xx_hal_sram.c.obj
 .debug_frame   0x00000f10      0x5cc CMakeFiles/Template.elf.dir/Drivers/STM32F4xx_HAL_Driver/Src/stm32f4xx_hal_uart.c.obj
 .debug_frame   0x000014dc      0x170 CMakeFiles/Template.elf.dir/Drivers/STM32F4xx_HAL_Driver/Src/stm32f4xx_ll_fsmc.c.obj
 .debug_frame   0x0000164c      0x43c CMakeFiles/Template.elf.dir/LCD/lcd.c.obj
 .debug_frame   0x00001a88       0x50 CMakeFiles/Template.elf.dir/Myapp/Src/delay.c.obj
 .debug_frame   0x00001ad8       0xc0 CMakeFiles/Template.elf.dir/Myapp/Src/scheduler.c.obj
 .debug_frame   0x00001b98       0x30 d:/laboratory/clion/gcc/gcc-arm-none-eabi-10.3-2021.10/bin/../lib/gcc/arm-none-eabi/10.3.1/thumb/v7e-m/nofp\libgcc.a(_arm_muldf3.o)
 .debug_frame   0x00001bc8       0xac d:/laboratory/clion/gcc/gcc-arm-none-eabi-10.3-2021.10/bin/../lib/gcc/arm-none-eabi/10.3.1/thumb/v7e-m/nofp\libgcc.a(_arm_addsubdf3.o)
 .debug_frame   0x00001c74       0x24 d:/laboratory/clion/gcc/gcc-arm-none-eabi-10.3-2021.10/bin/../lib/gcc/arm-none-eabi/10.3.1/thumb/v7e-m/nofp\libgcc.a(_arm_fixunsdfsi.o)
 .debug_frame   0x00001c98       0x2c d:/laboratory/clion/gcc/gcc-arm-none-eabi-10.3-2021.10/bin/../lib/gcc/arm-none-eabi/10.3.1/thumb/v7e-m/nofp\libgcc.a(_aeabi_uldivmod.o)
 .debug_frame   0x00001cc4       0x34 d:/laboratory/clion/gcc/gcc-arm-none-eabi-10.3-2021.10/bin/../lib/gcc/arm-none-eabi/10.3.1/thumb/v7e-m/nofp\libgcc.a(_udivmoddi4.o)
 .debug_frame   0x00001cf8       0x2c d:/laboratory/clion/gcc/gcc-arm-none-eabi-10.3-2021.10/bin/../lib/gcc/arm-none-eabi/10.3.1/../../../../arm-none-eabi/lib/thumb/v7e-m/nofp\libg.a(lib_a-init.o)
 .debug_frame   0x00001d24       0x2c d:/laboratory/clion/gcc/gcc-arm-none-eabi-10.3-2021.10/bin/../lib/gcc/arm-none-eabi/10.3.1/../../../../arm-none-eabi/lib/thumb/v7e-m/nofp\libg.a(lib_a-memset.o)
 .debug_frame   0x00001d50       0x5c d:/laboratory/clion/gcc/gcc-arm-none-eabi-10.3-2021.10/bin/../lib/gcc/arm-none-eabi/10.3.1/../../../../arm-none-eabi/lib/thumb/v7e-m/nofp\libg.a(lib_a-__call_atexit.o)
 .debug_frame   0x00001dac       0x20 d:/laboratory/clion/gcc/gcc-arm-none-eabi-10.3-2021.10/bin/../lib/gcc/arm-none-eabi/10.3.1/../../../../arm-none-eabi/lib/thumb/v7e-m/nofp\libg.a(lib_a-atexit.o)
 .debug_frame   0x00001dcc       0x34 d:/laboratory/clion/gcc/gcc-arm-none-eabi-10.3-2021.10/bin/../lib/gcc/arm-none-eabi/10.3.1/../../../../arm-none-eabi/lib/thumb/v7e-m/nofp\libg.a(lib_a-fini.o)
 .debug_frame   0x00001e00       0xb0 d:/laboratory/clion/gcc/gcc-arm-none-eabi-10.3-2021.10/bin/../lib/gcc/arm-none-eabi/10.3.1/../../../../arm-none-eabi/lib/thumb/v7e-m/nofp\libg.a(lib_a-lock.o)
 .debug_frame   0x00001eb0       0x34 d:/laboratory/clion/gcc/gcc-arm-none-eabi-10.3-2021.10/bin/../lib/gcc/arm-none-eabi/10.3.1/../../../../arm-none-eabi/lib/thumb/v7e-m/nofp\libg.a(lib_a-__atexit.o)
